180.76.5.17 - - [05/Oct/2014:19:33:14 -0700] "GET /robots.txt HTTP/1.1" 302 - "-" "Mozilla/5.0 (Windows NT 5.1; rv:6.0.2) Gecko/20100101 Firefox/6.0.2"
192.186.199.34 - - [05/Oct/2014:19:34:58 -0700] "POST /wp-cron.php?doing_wp_cron=1412562898.9714939594268798828125 HTTP/1.0" 200 - "-" "WordPress/3.9; http://hardhittinent.com"
180.76.6.48 - - [05/Oct/2014:19:34:58 -0700] "GET /news/ HTTP/1.1" 302 - "-" "Mozilla/5.0 (compatible; Baiduspider/2.0; +http://www.baidu.com/search/spider.html)"
192.186.199.34 - - [05/Oct/2014:19:42:10 -0700] "POST /wp-cron.php?doing_wp_cron=1412563330.8647840023040771484375 HTTP/1.0" 200 - "-" "WordPress/3.9; http://hardhittinent.com"
31.193.192.184 - - [05/Oct/2014:19:42:10 -0700] "POST /wp-login.php HTTP/1.1" 200 3188 "http://hardhittinent.com/wp-login.php" "[% tools.ua.random() %]"
192.186.199.34 - - [05/Oct/2014:20:35:51 -0700] "POST /wp-cron.php?doing_wp_cron=1412566551.7532389163970947265625 HTTP/1.0" 200 - "-" "WordPress/3.9; http://hardhittinent.com"
210.210.178.20 - - [05/Oct/2014:20:35:50 -0700] "POST /wp-login.php HTTP/1.1" 200 3188 "http://hardhittinent.com/wp-login.php" "[% tools.ua.random() %]"
192.186.199.34 - - [05/Oct/2014:20:56:48 -0700] "POST /wp-cron.php?doing_wp_cron=1412567808.3257420063018798828125 HTTP/1.0" 200 - "-" "WordPress/3.9; http://hardhittinent.com"
103.9.100.191 - - [05/Oct/2014:20:56:47 -0700] "POST /wp-login.php HTTP/1.1" 200 3188 "http://hardhittinent.com/wp-login.php" "[% tools.ua.random() %]"
192.186.199.34 - - [05/Oct/2014:20:57:37 -0700] "POST /wp-cron.php?doing_wp_cron=1412567857.0195059776306152343750 HTTP/1.0" 200 - "-" "WordPress/3.9; http://hardhittinent.com"
193.104.41.186 - - [05/Oct/2014:20:57:36 -0700] "POST /wp-login.php HTTP/1.1" 200 3200 "-" "Opera 10.00"
192.186.199.34 - - [05/Oct/2014:21:22:41 -0700] "POST /wp-cron.php?doing_wp_cron=1412569361.4737620353698730468750 HTTP/1.0" 200 - "-" "WordPress/3.9; http://hardhittinent.com"
157.55.39.171 - - [05/Oct/2014:21:22:41 -0700] "GET /artist/lefty/ HTTP/1.1" 302 - "-" "Mozilla/5.0 (compatible; bingbot/2.0; +http://www.bing.com/bingbot.htm)"
202.46.54.68 - - [05/Oct/2014:21:42:05 -0700] "GET /video/twin-ft-big-o-montalvo-ballin-3x/ HTTP/1.1" 302 - "-" "Mozilla/5.0 (Windows; U; Windows NT 5.1; zh-CN; rv:1.9.1.2) Firefox/3.5.2"
180.76.5.57 - - [05/Oct/2014:21:42:06 -0700] "GET /robots.txt HTTP/1.1" 302 - "-" "Mozilla/5.0 (Windows NT 5.1; rv:6.0.2) Gecko/20100101 Firefox/6.0.2"
192.186.199.34 - - [05/Oct/2014:21:42:05 -0700] "POST /wp-cron.php?doing_wp_cron=1412570525.5086500644683837890625 HTTP/1.0" 200 - "-" "WordPress/3.9; http://hardhittinent.com"
192.186.199.34 - - [05/Oct/2014:21:56:06 -0700] "POST /wp-cron.php?doing_wp_cron=1412571366.2524619102478027343750 HTTP/1.0" 200 - "-" "WordPress/3.9; http://hardhittinent.com"
24.107.226.214 - - [05/Oct/2014:21:56:05 -0700] "GET /the-answer-single?utm_source HTTP/1.1" 302 - "-" "Mozilla/5.0 (Linux; Android 4.4.2; SCH-I545 Build/KOT49H) AppleWebKit/537.36 (KHTML, like Gecko) Chrome/31.0.1650.59 Mobile Safari/537.36"
192.186.199.34 - - [05/Oct/2014:22:41:45 -0700] "POST /wp-cron.php?doing_wp_cron=1412574105.1796638965606689453125 HTTP/1.0" 200 - "-" "WordPress/3.9; http://hardhittinent.com"
5.255.253.184 - - [05/Oct/2014:22:41:44 -0700] "GET /robots.txt HTTP/1.1" 302 - "-" "Mozilla/5.0 (compatible; YandexBot/3.0; +http://yandex.com/bots)"
5.255.253.184 - - [05/Oct/2014:22:41:47 -0700] "GET /sitemap.xml HTTP/1.1" 200 1463 "-" "Mozilla/5.0 (compatible; YandexBot/3.0; +http://yandex.com/bots)"
192.186.199.34 - - [05/Oct/2014:23:07:43 -0700] "POST /wp-cron.php?doing_wp_cron=1412575663.4058890342712402343750 HTTP/1.0" 200 - "-" "WordPress/3.9; http://hardhittinent.com"
79.133.217.242 - - [05/Oct/2014:23:07:42 -0700] "GET /ballin-3x-official-video-twin-ft-big-o-montalvo/ HTTP/1.1" 302 - "http://hardhittinent.com/" "Mozilla/5.0 (X11; Ubuntu; Linux x86_64; rv:22.0) Gecko/20100101 Firefox/22.0"
66.249.65.17 - - [05/Oct/2014:23:21:16 -0700] "GET /wp-content/uploads/2012/10/WIZTWINCAIN_CURSETITO_BEATS_HARD_HITTIN_ENT_A-front-large.jpg HTTP/1.1" 200 161486 "-" "Googlebot-Image/1.0"
192.186.199.34 - - [05/Oct/2014:23:45:58 -0700] "POST /wp-cron.php?doing_wp_cron=1412577958.1768169403076171875000 HTTP/1.0" 200 - "-" "WordPress/3.9; http://hardhittinent.com"
203.195.184.151 - - [05/Oct/2014:23:45:56 -0700] "POST /wp-login.php HTTP/1.1" 200 3188 "http://hardhittinent.com/wp-login.php" "Opera/9.80 (Windows NT 6.1) Presto/2.12 Version/12.16"
66.249.65.25 - - [06/Oct/2014:00:02:03 -0700] "GET /favicon.ico HTTP/1.1" 200 17542 "-" "Googlebot-Image/1.0"
192.186.199.34 - - [06/Oct/2014:00:17:38 -0700] "POST /wp-cron.php?doing_wp_cron=1412579858.7521240711212158203125 HTTP/1.0" 200 - "-" "WordPress/3.9; http://hardhittinent.com"
37.58.100.184 - - [06/Oct/2014:00:17:38 -0700] "GET /twin-lefty-what-are-you-waitin-for-official-video/ HTTP/1.1" 302 - "-" "Mozilla/5.0 (compatible; AhrefsBot/5.0; +http://ahrefs.com/robot/)"
192.186.199.34 - - [06/Oct/2014:01:27:03 -0700] "POST /wp-cron.php?doing_wp_cron=1412584023.6103310585021972656250 HTTP/1.0" 200 - "-" "WordPress/3.9; http://hardhittinent.com"
101.226.102.97 - - [06/Oct/2014:01:27:03 -0700] "GET /http://192.186.199.34/wp-login.php HTTP/1.1" 302 - "-" "Mozilla/4.0"
192.186.199.34 - - [06/Oct/2014:01:29:39 -0700] "POST /wp-cron.php?doing_wp_cron=1412584179.4528670310974121093750 HTTP/1.0" 200 - "-" "WordPress/3.9; http://hardhittinent.com"
66.249.65.25 - - [06/Oct/2014:01:29:38 -0700] "GET /robots.txt HTTP/1.1" 302 - "-" "Mozilla/5.0 (compatible; Googlebot/2.1; +http://www.google.com/bot.html)"
66.249.65.17 - - [06/Oct/2014:01:29:40 -0700] "GET /artist/wiz/ HTTP/1.1" 302 - "-" "Mozilla/5.0 (compatible; Googlebot/2.1; +http://www.google.com/bot.html)"
180.76.5.20 - - [06/Oct/2014:01:29:52 -0700] "GET /HardHittenEnt/posts/864504206894838 HTTP/1.1" 302 - "-" "Mozilla/5.0 (compatible; Baiduspider/2.0; +http://www.baidu.com/search/spider.html)"
192.186.199.34 - - [06/Oct/2014:01:34:12 -0700] "POST /wp-cron.php?doing_wp_cron=1412584452.4772219657897949218750 HTTP/1.0" 200 - "-" "WordPress/3.9; http://hardhittinent.com"
195.211.154.167 - - [06/Oct/2014:01:34:11 -0700] "GET /twin-wiz-double-cups/ HTTP/1.0" 302 - "http://hardhittinent.com/twin-wiz-double-cups/#comment-45" "Mozilla/5.0 (Windows NT 6.1; WOW64) AppleWebKit/537.36 (KHTML, like Gecko) Chrome/36.0.1985.143 Safari/537.36"
192.186.199.34 - - [06/Oct/2014:01:38:14 -0700] "POST /wp-cron.php?doing_wp_cron=1412584694.1686758995056152343750 HTTP/1.0" 200 - "-" "WordPress/3.9; http://hardhittinent.com"
195.211.154.167 - - [06/Oct/2014:01:38:13 -0700] "GET /twin-wiz-double-cups/ HTTP/1.0" 302 - "http://hardhittinent.com/twin-wiz-double-cups/#comment-45" "Mozilla/5.0 (Windows NT 6.3; WOW64; rv:31.0) Gecko/20100101 Firefox/31.0"
123.125.71.28 - - [06/Oct/2014:01:56:27 -0700] "GET /wp-content/plugins/jetpack/modules/subscriptions/subscriptions.css?ver=3.9 HTTP/1.1" 200 137 "-" "Mozilla/5.0 (compatible; Baiduspider/2.0; +http://www.baidu.com/search/spider.html)"
192.186.199.34 - - [06/Oct/2014:01:59:40 -0700] "POST /wp-cron.php?doing_wp_cron=1412585980.7809810638427734375000 HTTP/1.0" 200 - "-" "WordPress/3.9; http://hardhittinent.com"
191.233.103.180 - - [06/Oct/2014:01:59:36 -0700] "GET /wp-content/plugins/wptouch/readme.txt HTTP/1.1" 302 - "http://hardhittinent.com/wp-content/plugins/wptouch/readme.txt" "Mozilla/5.0 (Windows NT 6.3; WOW64; rv:32.0) Gecko/20100101 Firefox/32.0"
192.186.199.34 - - [06/Oct/2014:02:39:12 -0700] "POST /wp-cron.php?doing_wp_cron=1412588352.5093829631805419921875 HTTP/1.0" 200 - "-" "WordPress/3.9; http://hardhittinent.com"
103.251.90.116 - - [06/Oct/2014:02:39:11 -0700] "POST /wp-login.php HTTP/1.1" 200 3188 "http://hardhittinent.com/wp-login.php" "[% tools.ua.random() %]"
192.186.199.34 - - [06/Oct/2014:02:39:34 -0700] "POST /wp-cron.php?doing_wp_cron=1412588374.7558178901672363281250 HTTP/1.0" 200 - "-" "WordPress/3.9; http://hardhittinent.com"
95.108.145.186 - - [06/Oct/2014:02:39:34 -0700] "GET /artist/wiz-2/ HTTP/1.1" 302 - "-" "Mozilla/5.0"
75.131.148.93 - - [06/Oct/2014:03:17:09 -0700] "GET /wp-content/uploads/2014/02/mqdefault-5.jpg HTTP/1.1" 200 8958 "https://www.google.com/" "Mozilla/5.0 (iPhone; CPU iPhone OS 8_0_2 like Mac OS X) AppleWebKit/600.1.4 (KHTML, like Gecko) Version/8.0 Mobile/12A405 Safari/600.1.4"
192.186.199.34 - - [06/Oct/2014:03:38:24 -0700] "POST /wp-cron.php?doing_wp_cron=1412591904.8654820919036865234375 HTTP/1.0" 200 - "-" "WordPress/3.9; http://hardhittinent.com"
188.165.202.118 - - [06/Oct/2014:03:38:19 -0700] "POST /wp-login.php HTTP/1.1" 200 3188 "http://hardhittinent.com/wp-login.php" "[% tools.ua.random() %]"
192.186.199.34 - - [06/Oct/2014:03:57:01 -0700] "POST /wp-cron.php?doing_wp_cron=1412593021.1802060604095458984375 HTTP/1.0" 200 - "-" "WordPress/3.9; http://hardhittinent.com"
219.232.242.210 - - [06/Oct/2014:03:57:00 -0700] "POST /wp-login.php HTTP/1.1" 200 3188 "http://hardhittinent.com/wp-login.php" "[% tools.ua.random() %]"
220.181.108.147 - - [06/Oct/2014:04:49:15 -0700] "GET /hard-hittin-ent/the-answer-astonmartinpiff-wizhardhittinent/reposts HTTP/1.1" 302 - "-" "Mozilla/5.0 (compatible; Baiduspider/2.0; +http://www.baidu.com/search/spider.html)"
192.186.199.34 - - [06/Oct/2014:04:49:19 -0700] "POST /wp-cron.php?doing_wp_cron=1412596159.4487009048461914062500 HTTP/1.0" 200 - "-" "WordPress/3.9; http://hardhittinent.com"
192.186.199.34 - - [06/Oct/2014:04:54:24 -0700] "POST /wp-cron.php?doing_wp_cron=1412596464.0311388969421386718750 HTTP/1.0" 200 - "-" "WordPress/3.9; http://hardhittinent.com"
95.108.145.186 - - [06/Oct/2014:04:54:23 -0700] "GET /artist/wiz-2/ HTTP/1.1" 302 - "-" "Mozilla/5.0"
192.186.199.34 - - [06/Oct/2014:05:44:47 -0700] "POST /wp-cron.php?doing_wp_cron=1412599487.2430241107940673828125 HTTP/1.0" 200 - "-" "WordPress/3.9; http://hardhittinent.com"
94.23.28.193 - - [06/Oct/2014:05:44:46 -0700] "POST /wp-login.php HTTP/1.1" 200 3188 "http://hardhittinent.com/wp-login.php" "Mozilla/5.0 (Windows NT 6.1) AppleWebKit/537.4 (KHTML like Gecko) Chrome/22.0.1229.94 Safari/537.4"
66.249.65.21 - - [06/Oct/2014:05:53:01 -0700] "GET /wp-content/uploads/2014/01/Various_Artists_508_Alliance-front-large.jpg HTTP/1.1" 200 338264 "-" "Googlebot-Image/1.0"
192.186.199.34 - - [06/Oct/2014:07:16:41 -0700] "POST /wp-cron.php?doing_wp_cron=1412605001.9043400287628173828125 HTTP/1.0" 200 - "-" "WordPress/3.9; http://hardhittinent.com"
180.76.6.40 - - [06/Oct/2014:07:16:41 -0700] "GET /video/dj-shadow-simple-bits-2/ HTTP/1.1" 302 - "-" "Mozilla/5.0 (compatible; Baiduspider/2.0; +http://www.baidu.com/search/spider.html)"
192.186.199.34 - - [06/Oct/2014:07:55:23 -0700] "POST /wp-cron.php?doing_wp_cron=1412607323.5748839378356933593750 HTTP/1.0" 200 - "-" "WordPress/3.9; http://hardhittinent.com"
146.148.82.67 - - [06/Oct/2014:07:55:23 -0700] "GET / HTTP/1.0" 302 - "-" "NerdyBot"
192.186.199.34 - - [06/Oct/2014:08:08:55 -0700] "POST /wp-cron.php?doing_wp_cron=1412608135.0871438980102539062500 HTTP/1.0" 200 - "-" "WordPress/3.9; http://hardhittinent.com"
76.164.201.234 - - [06/Oct/2014:08:08:54 -0700] "PUT /indonesia.txt HTTP/1.1" 302 - "-" "Mozilla/4.0 (compatible; MSIE 7.0; Windows NT 6.1; WOW64; Trident/7.0; SLCC2; .NET CLR 2.0.50727; .NET4.0C; .NET4.0E)"
192.186.199.34 - - [06/Oct/2014:08:18:35 -0700] "POST /wp-cron.php?doing_wp_cron=1412608714.9414710998535156250000 HTTP/1.0" 200 - "-" "WordPress/3.9; http://hardhittinent.com"
83.149.126.98 - - [06/Oct/2014:08:18:34 -0700] "GET /robots.txt HTTP/1.0" 302 - "-" "Mozilla/5.0 (compatible; MJ12bot/v1.4.5; http://www.majestic12.co.uk/bot.php?+)"
83.149.126.98 - - [06/Oct/2014:08:18:37 -0700] "GET / HTTP/1.0" 302 - "-" "Mozilla/5.0 (compatible; MJ12bot/v1.4.5; http://www.majestic12.co.uk/bot.php?+)"
83.149.126.98 - - [06/Oct/2014:08:18:40 -0700] "GET /robots.txt HTTP/1.0" 302 - "-" "Mozilla/5.0 (compatible; MJ12bot/v1.4.5; http://www.majestic12.co.uk/bot.php?+)"
83.149.126.98 - - [06/Oct/2014:08:18:42 -0700] "GET / HTTP/1.0" 302 - "-" "Mozilla/5.0 (compatible; MJ12bot/v1.4.5; http://www.majestic12.co.uk/bot.php?+)"
192.186.199.34 - - [06/Oct/2014:08:28:38 -0700] "POST /wp-cron.php?doing_wp_cron=1412609318.0368080139160156250000 HTTP/1.0" 200 - "-" "WordPress/3.9; http://hardhittinent.com"
37.58.100.138 - - [06/Oct/2014:08:28:37 -0700] "GET /artist/wiz/ HTTP/1.1" 302 - "-" "Mozilla/5.0 (compatible; AhrefsBot/5.0; +http://ahrefs.com/robot/)"
192.186.199.34 - - [06/Oct/2014:08:37:03 -0700] "POST /wp-cron.php?doing_wp_cron=1412609823.6812269687652587890625 HTTP/1.0" 200 - "-" "WordPress/3.9; http://hardhittinent.com"
37.187.79.43 - - [06/Oct/2014:08:37:03 -0700] "POST /wp-login.php HTTP/1.1" 200 3188 "http://hardhittinent.com/wp-login.php" "[% tools.ua.random() %]"
95.108.145.186 - - [06/Oct/2014:09:24:09 -0700] "GET /artist/wiz-2/ HTTP/1.1" 302 - "-" "Mozilla/5.0"
192.186.199.34 - - [06/Oct/2014:09:24:15 -0700] "POST /wp-cron.php?doing_wp_cron=1412612655.6583750247955322265625 HTTP/1.0" 200 - "-" "WordPress/3.9; http://hardhittinent.com"
123.125.71.19 - - [06/Oct/2014:09:32:37 -0700] "GET /robots.txt HTTP/1.1" 302 - "-" "Mozilla/5.0 (compatible; Baiduspider/2.0; +http://www.baidu.com/search/spider.html)"
192.186.199.34 - - [06/Oct/2014:09:32:38 -0700] "POST /wp-cron.php?doing_wp_cron=1412613158.1048970222473144531250 HTTP/1.0" 200 - "-" "WordPress/3.9; http://hardhittinent.com"
220.181.108.88 - - [06/Oct/2014:09:35:05 -0700] "GET /wp-content/themes/replay/js/jquery.fadeSlider.js HTTP/1.1" 200 4744 "-" "Mozilla/5.0 (compatible; Baiduspider/2.0; +http://www.baidu.com/search/spider.html)"
192.186.199.34 - - [06/Oct/2014:09:45:30 -0700] "POST /wp-cron.php?doing_wp_cron=1412613930.1587719917297363281250 HTTP/1.0" 200 - "-" "WordPress/3.9; http://hardhittinent.com"
208.115.111.71 - - [06/Oct/2014:09:45:29 -0700] "GET /robots.txt HTTP/1.1" 302 - "-" "Mozilla/5.0 (compatible; DotBot/1.1; http://www.opensiteexplorer.org/dotbot, help@moz.com)"
192.186.199.34 - - [06/Oct/2014:10:04:49 -0700] "POST /wp-cron.php?doing_wp_cron=1412615089.8657441139221191406250 HTTP/1.0" 200 - "-" "WordPress/3.9; http://hardhittinent.com"
74.52.245.146 - - [06/Oct/2014:10:04:49 -0700] "GET / HTTP/1.0" 302 - "-" "Mozilla/5.0 (X11; U; Linux i686; en-US; rv:1.7.5) Gecko/20041107 Firefox/1.0"
192.186.199.34 - - [06/Oct/2014:10:08:18 -0700] "POST /wp-cron.php?doing_wp_cron=1412615298.6573309898376464843750 HTTP/1.0" 200 - "-" "WordPress/3.9; http://hardhittinent.com"
69.64.56.146 - - [06/Oct/2014:10:08:18 -0700] "POST /wp-login.php HTTP/1.1" 200 3188 "http://hardhittinent.com/wp-login.php" "[% tools.ua.random() %]"
192.186.199.34 - - [06/Oct/2014:10:13:26 -0700] "POST /wp-cron.php?doing_wp_cron=1412615606.3920629024505615234375 HTTP/1.0" 200 - "-" "WordPress/3.9; http://hardhittinent.com"
193.150.120.74 - - [06/Oct/2014:10:13:24 -0700] "GET /index.php/admin/ HTTP/1.1" 302 - "-" "Mozilla/5.0 (Windows; U; Windows NT 6.0) Gecko/20091201 Firefox/3.5.6 GTB5"
193.150.120.74 - - [06/Oct/2014:10:13:28 -0700] "GET /downloader/index.php HTTP/1.1" 302 - "-" "Mozilla/5.0 (Windows; U; Windows NT 6.0) Gecko/20091201 Firefox/3.5.6 GTB5"
192.186.199.34 - - [06/Oct/2014:10:15:17 -0700] "POST /wp-cron.php?doing_wp_cron=1412615717.7410910129547119140625 HTTP/1.0" 200 - "-" "WordPress/3.9; http://hardhittinent.com"
146.148.87.217 - - [06/Oct/2014:10:15:17 -0700] "GET / HTTP/1.0" 302 - "-" "NerdyBot"
192.186.199.34 - - [06/Oct/2014:11:03:21 -0700] "POST /wp-cron.php?doing_wp_cron=1412618601.3230240345001220703125 HTTP/1.0" 200 - "-" "WordPress/3.9; http://hardhittinent.com"
95.108.145.186 - - [06/Oct/2014:11:03:20 -0700] "GET /artist/kid-genius-tito-beats/ HTTP/1.1" 302 - "-" "Mozilla/5.0"
192.186.199.34 - - [06/Oct/2014:11:09:09 -0700] "POST /wp-cron.php?doing_wp_cron=1412618949.4918301105499267578125 HTTP/1.0" 200 - "-" "WordPress/3.9; http://hardhittinent.com"
208.115.111.71 - - [06/Oct/2014:11:09:09 -0700] "GET /artist/wiz-2 HTTP/1.1" 302 - "-" "Mozilla/5.0 (compatible; DotBot/1.1; http://www.opensiteexplorer.org/dotbot, help@moz.com)"
192.186.199.34 - - [06/Oct/2014:11:17:20 -0700] "POST /wp-cron.php?doing_wp_cron=1412619440.5344910621643066406250 HTTP/1.0" 200 - "-" "WordPress/3.9; http://hardhittinent.com"
94.23.28.193 - - [06/Oct/2014:11:17:19 -0700] "POST /wp-login.php HTTP/1.1" 200 3188 "http://hardhittinent.com/wp-login.php" "[% tools.ua.random() %]"
192.186.199.34 - - [06/Oct/2014:11:25:08 -0700] "POST /wp-cron.php?doing_wp_cron=1412619908.8267199993133544921875 HTTP/1.0" 200 - "-" "WordPress/3.9; http://hardhittinent.com"
31.193.192.184 - - [06/Oct/2014:11:25:08 -0700] "POST /wp-login.php HTTP/1.1" 200 3188 "http://hardhittinent.com/wp-login.php" "[% tools.ua.random() %]"
192.186.199.34 - - [06/Oct/2014:11:26:13 -0700] "POST /wp-cron.php?doing_wp_cron=1412619973.9366428852081298828125 HTTP/1.0" 200 - "-" "WordPress/3.9; http://hardhittinent.com"
123.125.71.56 - - [06/Oct/2014:11:26:13 -0700] "GET /events/ HTTP/1.1" 302 - "-" "Mozilla/5.0 (compatible; Baiduspider/2.0; +http://www.baidu.com/search/spider.html)"
66.87.99.114 - - [06/Oct/2014:11:37:45 -0700] "GET /work-dat-video?utm_campaign=worldstarhiphop&utm_medium=shared_link&utm_source=oski HTTP/1.1" 301 - "-" "Mozilla/5.0 (iPhone; CPU iPhone OS 7_1_2 like Mac OS X) AppleWebKit/537.51.2 (KHTML, like Gecko) Version/7.0 Mobile/11D257 Safari/9537.53"
46.236.24.53 - - [06/Oct/2014:11:37:45 -0700] "GET /work-dat-video HTTP/1.1" 301 - "-" "Mozilla/5.0 (TweetmemeBot/4.0; +http://datasift.com/bot.html) Gecko/20100101 Firefox/31.0"
46.236.26.99 - - [06/Oct/2014:11:37:45 -0700] "GET /work-dat-video HTTP/1.1" 301 - "-" "Mozilla/5.0 (TweetmemeBot/4.0; +http://datasift.com/bot.html) Gecko/20100101 Firefox/31.0"
192.186.199.34 - - [06/Oct/2014:11:50:34 -0700] "POST /wp-cron.php?doing_wp_cron=1412621434.9167850017547607421875 HTTP/1.0" 200 - "-" "WordPress/3.9; http://hardhittinent.com"
95.0.26.85 - - [06/Oct/2014:11:50:34 -0700] "POST /wp-login.php HTTP/1.1" 200 3188 "http://hardhittinent.com/wp-login.php" "Mozilla/5.0 (Windows NT 6.1; WOW64) AppleWebKit/537.36 (KHTML like Gecko) Chrome/30.0.1599.101 Safari/537.36"
192.186.199.34 - - [06/Oct/2014:12:50:47 -0700] "POST /wp-cron.php?doing_wp_cron=1412625047.4433360099792480468750 HTTP/1.0" 200 - "-" "WordPress/3.9; http://hardhittinent.com"
189.25.248.132 - - [06/Oct/2014:12:50:46 -0700] "GET / HTTP/1.1" 302 - "http://semalt.semalt.com/crawler.php?u=http://hardhittinent.com" "Mozilla/5.0 (Windows NT 6.1; WOW64) AppleWebKit/537.36 (KHTML, like Gecko) Chrome/36.0.1985.143 Safari/537.36"
192.186.199.34 - - [06/Oct/2014:12:55:42 -0700] "POST /wp-cron.php?doing_wp_cron=1412625342.5343608856201171875000 HTTP/1.0" 200 - "-" "WordPress/3.9; http://hardhittinent.com"
193.104.41.186 - - [06/Oct/2014:12:55:41 -0700] "POST /wp-login.php HTTP/1.1" 200 3200 "-" "Opera 10.00"
192.186.199.34 - - [06/Oct/2014:12:59:42 -0700] "POST /wp-cron.php?doing_wp_cron=1412625582.6332159042358398437500 HTTP/1.0" 200 - "-" "WordPress/3.9; http://hardhittinent.com"
180.76.6.149 - - [06/Oct/2014:12:59:42 -0700] "GET /release/various-artists-508-alliance-hosted-by-dj-jack-frost/ HTTP/1.1" 302 - "-" "Mozilla/5.0 (compatible; Baiduspider/2.0; +http://www.baidu.com/search/spider.html)"
192.186.199.34 - - [06/Oct/2014:14:22:53 -0700] "POST /wp-cron.php?doing_wp_cron=1412630573.3851459026336669921875 HTTP/1.0" 200 - "-" "WordPress/3.9; http://hardhittinent.com"
123.125.71.31 - - [06/Oct/2014:14:22:52 -0700] "GET / HTTP/1.1" 302 - "-" "Mozilla/5.0 (compatible; Baiduspider/2.0; +http://www.baidu.com/search/spider.html)"
192.186.199.34 - - [06/Oct/2014:14:22:56 -0700] "POST /wp-cron.php?doing_wp_cron=1412630576.5877449512481689453125 HTTP/1.0" 200 - "-" "WordPress/3.9; http://hardhittinent.com"
220.181.108.76 - - [06/Oct/2014:14:22:56 -0700] "GET /videos/js/swfobject.js HTTP/1.1" 302 - "http://www.hardhittinent.com/" "Mozilla/5.0 (Windows NT 6.1; rv:15.0) Gecko/20100101 Firefox/15.0.1"
123.125.71.60 - - [06/Oct/2014:14:22:57 -0700] "GET /robots.txt HTTP/1.1" 302 - "-" "Mozilla/5.0 (compatible; Baiduspider/2.0; +http://www.baidu.com/search/spider.html)"
220.181.108.93 - - [06/Oct/2014:14:22:58 -0700] "POST /api/u.php HTTP/1.1" 302 - "http://www.hardhittinent.com/" "Mozilla/5.0 (Windows NT 6.1; rv:15.0) Gecko/20100101 Firefox/15.0.1"
24.151.128.16 - - [06/Oct/2014:14:26:43 -0700] "GET /work-dat-video?utm_campaign=worldstarhiphop&utm_medium=shared_link&utm_source=wiz HTTP/1.1" 301 - "-" "Mozilla/5.0 (Linux; Android 4.4.4; XT1031 Build/KXB21.14-L1.57) AppleWebKit/537.36 (KHTML, like Gecko) Chrome/37.0.2062.117 Mobile Safari/537.36"
46.236.26.102 - - [06/Oct/2014:14:26:43 -0700] "GET /work-dat-video HTTP/1.1" 301 - "-" "Mozilla/5.0 (TweetmemeBot/4.0; +http://datasift.com/bot.html) Gecko/20100101 Firefox/31.0"
192.186.199.34 - - [06/Oct/2014:15:05:54 -0700] "POST /wp-cron.php?doing_wp_cron=1412633154.1731250286102294921875 HTTP/1.0" 200 - "-" "WordPress/3.9; http://hardhittinent.com"
220.181.108.114 - - [06/Oct/2014:15:05:53 -0700] "GET / HTTP/1.1" 302 - "-" "Mozilla/5.0 (compatible; Baiduspider/2.0; +http://www.baidu.com/search/spider.html)"
192.186.199.34 - - [06/Oct/2014:15:26:45 -0700] "POST /wp-cron.php?doing_wp_cron=1412634405.6224629878997802734375 HTTP/1.0" 200 - "-" "WordPress/3.9; http://hardhittinent.com"
5.255.253.184 - - [06/Oct/2014:15:26:45 -0700] "GET /robots.txt HTTP/1.1" 302 - "-" "Mozilla/5.0 (compatible; YandexBot/3.0; +http://yandex.com/bots)"
5.255.253.184 - - [06/Oct/2014:15:26:48 -0700] "GET /sitemap.xml HTTP/1.1" 200 1463 "-" "Mozilla/5.0 (compatible; YandexBot/3.0; +http://yandex.com/bots)"
192.186.199.34 - - [06/Oct/2014:15:41:55 -0700] "POST /wp-cron.php?doing_wp_cron=1412635315.0312550067901611328125 HTTP/1.0" 200 - "-" "WordPress/3.9; http://hardhittinent.com"
91.200.12.128 - - [06/Oct/2014:15:41:54 -0700] "GET /twin-wiz-double-cups/ HTTP/1.1" 302 - "-" "Mozilla/4.0 (compatible; MSIE 6.0; Windows NT 5.1; SV1)"
91.200.12.128 - - [06/Oct/2014:15:41:56 -0700] "POST /twin-wiz-double-cups/trackback/ HTTP/1.1" 302 - "http://hardhittinent.com/twin-wiz-double-cups/" "Mozilla/4.0 (compatible; MSIE 6.0; Windows NT 5.1)"
192.186.199.34 - - [06/Oct/2014:16:07:36 -0700] "POST /wp-cron.php?doing_wp_cron=1412636856.4082450866699218750000 HTTP/1.0" 200 - "-" "WordPress/3.9; http://hardhittinent.com"
66.249.65.21 - - [06/Oct/2014:16:07:35 -0700] "GET /slide/various-artists-508-alliance-hosted-by-dj-jack-frost/ HTTP/1.1" 302 - "-" "Mozilla/5.0 (compatible; Googlebot/2.1; +http://www.google.com/bot.html)"
192.186.199.34 - - [06/Oct/2014:16:09:13 -0700] "POST /wp-cron.php?doing_wp_cron=1412636953.0604250431060791015625 HTTP/1.0" 200 - "-" "WordPress/3.9; http://hardhittinent.com"
66.249.65.21 - - [06/Oct/2014:16:09:12 -0700] "GET /wp-admin/admin-ajax.php HTTP/1.1" 200 1 "-" "Mozilla/5.0 (compatible; Googlebot/2.1; +http://www.google.com/bot.html)"
192.186.199.34 - - [06/Oct/2014:16:36:55 -0700] "POST /wp-cron.php?doing_wp_cron=1412638615.9463620185852050781250 HTTP/1.0" 200 - "-" "WordPress/3.9; http://hardhittinent.com"
192.241.250.152 - - [06/Oct/2014:16:36:49 -0700] "HEAD / HTTP/1.1" 302 - "http://www.netcraft.com/survey/" "Mozilla/4.0 (compatible; Netcraft Web Server Survey)"
192.186.199.34 - - [06/Oct/2014:16:57:39 -0700] "POST /wp-cron.php?doing_wp_cron=1412639859.2118070125579833984375 HTTP/1.0" 200 - "-" "WordPress/3.9; http://hardhittinent.com"
66.249.65.17 - - [06/Oct/2014:16:57:38 -0700] "GET /twin-lefty-what-are-you-waitin-for-official-video/ HTTP/1.1" 302 - "-" "Mozilla/5.0 (compatible; Googlebot/2.1; +http://www.google.com/bot.html)"
220.181.108.162 - - [06/Oct/2014:17:00:44 -0700] "GET /wp-content/uploads/2014/04/hard-hittin-ent-presents-twin-lo-450x337.jpg HTTP/1.1" 200 31391 "http://image.baidu.com/i?ct=503316480&z=0&tn=baiduimagedetail" "Baiduspider-image+(+http://www.baidu.com/search/spider.htm)"
192.186.199.34 - - [06/Oct/2014:17:46:11 -0700] "POST /wp-cron.php?doing_wp_cron=1412642771.3433120250701904296875 HTTP/1.0" 200 - "-" "WordPress/3.9; http://hardhittinent.com"
37.187.79.43 - - [06/Oct/2014:17:46:05 -0700] "POST /wp-login.php HTTP/1.1" 200 3188 "http://hardhittinent.com/wp-login.php" "[% tools.ua.random() %]"
192.186.199.34 - - [06/Oct/2014:18:13:36 -0700] "POST /wp-cron.php?doing_wp_cron=1412644416.3474080562591552734375 HTTP/1.0" 200 - "-" "WordPress/3.9; http://hardhittinent.com"
180.76.5.65 - - [06/Oct/2014:18:13:35 -0700] "GET /release/ma-state-of-mind/ HTTP/1.1" 302 - "-" "Mozilla/5.0 (compatible; Baiduspider/2.0; +http://www.baidu.com/search/spider.html)"
192.186.199.34 - - [06/Oct/2014:18:29:40 -0700] "POST /wp-cron.php?doing_wp_cron=1412645380.0361740589141845703125 HTTP/1.0" 200 - "-" "WordPress/3.9; http://hardhittinent.com"
66.249.65.21 - - [06/Oct/2014:18:29:39 -0700] "GET /gem-soprano-drop-dead/ HTTP/1.1" 302 - "-" "Mozilla/5.0 (compatible; Googlebot/2.1; +http://www.google.com/bot.html)"
192.186.199.34 - - [06/Oct/2014:18:35:33 -0700] "POST /wp-cron.php?doing_wp_cron=1412645733.3366239070892333984375 HTTP/1.0" 200 - "-" "WordPress/3.9; http://hardhittinent.com"
31.13.99.114 - - [06/Oct/2014:18:35:32 -0700] "GET /the-answer-single?utm_source HTTP/1.1" 302 - "-" "facebookexternalhit/1.1 (+http://www.facebook.com/externalhit_uatext.php)"
192.186.199.34 - - [06/Oct/2014:18:54:54 -0700] "POST /wp-cron.php?doing_wp_cron=1412646894.7816801071166992187500 HTTP/1.0" 200 - "-" "WordPress/3.9; http://hardhittinent.com"
141.85.227.117 - - [06/Oct/2014:18:54:54 -0700] "POST /wp-login.php HTTP/1.1" 200 3188 "http://hardhittinent.com/wp-login.php" "[% tools.ua.random() %]"
192.186.199.34 - - [06/Oct/2014:18:58:37 -0700] "POST /wp-cron.php?doing_wp_cron=1412647117.3491530418395996093750 HTTP/1.0" 200 - "-" "WordPress/3.9; http://hardhittinent.com"
123.30.208.178 - - [06/Oct/2014:18:58:36 -0700] "POST /wp-login.php HTTP/1.1" 200 3188 "http://hardhittinent.com/wp-login.php" "[% tools.ua.random() %]"
192.186.199.34 - - [06/Oct/2014:19:17:17 -0700] "POST /wp-cron.php?doing_wp_cron=1412648237.5857388973236083984375 HTTP/1.0" 200 - "-" "WordPress/3.9; http://hardhittinent.com"
185.4.72.63 - - [06/Oct/2014:19:17:17 -0700] "GET /configuration.php HTTP/1.1" 302 - "-" "curl/7.27.0"
192.186.199.34 - - [06/Oct/2014:19:59:45 -0700] "POST /wp-cron.php?doing_wp_cron=1412650785.0662009716033935546875 HTTP/1.0" 200 - "-" "WordPress/3.9; http://hardhittinent.com"
157.55.39.1 - - [06/Oct/2014:19:59:44 -0700] "GET /robots.txt HTTP/1.1" 302 - "-" "Mozilla/5.0 (compatible; bingbot/2.0; +http://www.bing.com/bingbot.htm)"
192.186.199.34 - - [06/Oct/2014:20:00:54 -0700] "POST /wp-cron.php?doing_wp_cron=1412650854.3967750072479248046875 HTTP/1.0" 200 - "-" "WordPress/3.9; http://hardhittinent.com"
157.55.39.1 - - [06/Oct/2014:20:00:54 -0700] "GET /wiz-flowers-4-the-dead-even-if-produced-by-tito-beats-hard-hittin-ent/ HTTP/1.1" 302 - "-" "Mozilla/5.0 (compatible; bingbot/2.0; +http://www.bing.com/bingbot.htm)"
192.186.199.34 - - [06/Oct/2014:20:27:19 -0700] "POST /wp-cron.php?doing_wp_cron=1412652439.8958439826965332031250 HTTP/1.0" 200 - "-" "WordPress/3.9; http://hardhittinent.com"
121.204.196.237 - - [06/Oct/2014:20:27:19 -0700] "GET /wp-login.php HTTP/1.1" 200 3003 "http://hardhittinent.com/wp-login.php" "Mozilla/4.0 (compatible; MSIE 9.0; Windows NT 6.1; 125LA; .NET CLR 2.0.50727; .NET CLR 3.0.04506.648; .NET CLR 3.5.21022)"
121.204.196.237 - - [06/Oct/2014:20:27:20 -0700] "GET /wp-login.php HTTP/1.1" 200 3003 "-" "Mozilla/4.0 (compatible; MSIE 6.0; Windows NT 5.0)"
121.204.196.237 - - [06/Oct/2014:20:27:21 -0700] "GET /?author=1 HTTP/1.1" 302 - "http://hardhittinent.com/?author=1" "Mozilla/4.0 (compatible; MSIE 9.0; Windows NT 6.1; 125LA; .NET CLR 2.0.50727; .NET CLR 3.0.04506.648; .NET CLR 3.5.21022)"
121.204.196.237 - - [06/Oct/2014:20:27:22 -0700] "POST /wp-login.php HTTP/1.1" 200 3900 "http://hardhittinent.com/wp-login.php" "Mozilla/4.0 (compatible; MSIE 9.0; Windows NT 6.1; 125LA; .NET CLR 2.0.50727; .NET CLR 3.0.04506.648; .NET CLR 3.5.21022)"
121.204.196.237 - - [06/Oct/2014:20:27:25 -0700] "POST /wp-login.php HTTP/1.1" 200 3900 "http://hardhittinent.com/wp-login.php" "Mozilla/4.0 (compatible; MSIE 9.0; Windows NT 6.1; 125LA; .NET CLR 2.0.50727; .NET CLR 3.0.04506.648; .NET CLR 3.5.21022)"
121.204.196.237 - - [06/Oct/2014:20:27:26 -0700] "POST /wp-login.php HTTP/1.1" 200 3900 "http://hardhittinent.com/wp-login.php" "Mozilla/4.0 (compatible; MSIE 9.0; Windows NT 6.1; 125LA; .NET CLR 2.0.50727; .NET CLR 3.0.04506.648; .NET CLR 3.5.21022)"
121.204.196.237 - - [06/Oct/2014:20:27:27 -0700] "POST /wp-login.php HTTP/1.1" 200 3900 "http://hardhittinent.com/wp-login.php" "Mozilla/4.0 (compatible; MSIE 9.0; Windows NT 6.1; 125LA; .NET CLR 2.0.50727; .NET CLR 3.0.04506.648; .NET CLR 3.5.21022)"
121.204.196.237 - - [06/Oct/2014:20:27:28 -0700] "POST /wp-login.php HTTP/1.1" 200 3900 "http://hardhittinent.com/wp-login.php" "Mozilla/4.0 (compatible; MSIE 9.0; Windows NT 6.1; 125LA; .NET CLR 2.0.50727; .NET CLR 3.0.04506.648; .NET CLR 3.5.21022)"
121.204.196.237 - - [06/Oct/2014:20:27:28 -0700] "POST /wp-login.php HTTP/1.1" 200 3900 "http://hardhittinent.com/wp-login.php" "Mozilla/4.0 (compatible; MSIE 9.0; Windows NT 6.1; 125LA; .NET CLR 2.0.50727; .NET CLR 3.0.04506.648; .NET CLR 3.5.21022)"
121.204.196.237 - - [06/Oct/2014:20:27:29 -0700] "POST /wp-login.php HTTP/1.1" 200 3900 "http://hardhittinent.com/wp-login.php" "Mozilla/4.0 (compatible; MSIE 9.0; Windows NT 6.1; 125LA; .NET CLR 2.0.50727; .NET CLR 3.0.04506.648; .NET CLR 3.5.21022)"
121.204.196.237 - - [06/Oct/2014:20:27:30 -0700] "POST /wp-login.php HTTP/1.1" 200 3900 "http://hardhittinent.com/wp-login.php" "Mozilla/4.0 (compatible; MSIE 9.0; Windows NT 6.1; 125LA; .NET CLR 2.0.50727; .NET CLR 3.0.04506.648; .NET CLR 3.5.21022)"
192.186.199.34 - - [06/Oct/2014:20:28:52 -0700] "POST /wp-cron.php?doing_wp_cron=1412652532.7802200317382812500000 HTTP/1.0" 200 - "-" "WordPress/3.9; http://hardhittinent.com"
121.204.196.237 - - [06/Oct/2014:20:28:52 -0700] "POST /wp-login.php HTTP/1.1" 200 3900 "http://hardhittinent.com/wp-login.php" "Mozilla/4.0 (compatible; MSIE 9.0; Windows NT 6.1; 125LA; .NET CLR 2.0.50727; .NET CLR 3.0.04506.648; .NET CLR 3.5.21022)"
121.204.196.237 - - [06/Oct/2014:20:28:53 -0700] "POST /wp-login.php HTTP/1.1" 302 - "http://hardhittinent.com/wp-login.php" "Mozilla/4.0 (compatible; MSIE 9.0; Windows NT 6.1; 125LA; .NET CLR 2.0.50727; .NET CLR 3.0.04506.648; .NET CLR 3.5.21022)"
121.204.196.237 - - [06/Oct/2014:20:28:54 -0700] "POST /wp-login.php HTTP/1.1" 302 - "http://hardhittinent.com/wp-login.php" "Mozilla/4.0 (compatible; MSIE 9.0; Windows NT 6.1; 125LA; .NET CLR 2.0.50727; .NET CLR 3.0.04506.648; .NET CLR 3.5.21022)"
121.204.196.237 - - [06/Oct/2014:20:28:54 -0700] "POST /wp-login.php HTTP/1.1" 302 - "http://hardhittinent.com/wp-login.php" "Mozilla/4.0 (compatible; MSIE 9.0; Windows NT 6.1; 125LA; .NET CLR 2.0.50727; .NET CLR 3.0.04506.648; .NET CLR 3.5.21022)"
121.204.196.237 - - [06/Oct/2014:20:28:55 -0700] "POST /wp-login.php HTTP/1.1" 302 - "http://hardhittinent.com/wp-login.php" "Mozilla/4.0 (compatible; MSIE 9.0; Windows NT 6.1; 125LA; .NET CLR 2.0.50727; .NET CLR 3.0.04506.648; .NET CLR 3.5.21022)"
121.204.196.237 - - [06/Oct/2014:20:28:55 -0700] "POST /wp-login.php HTTP/1.1" 302 - "http://hardhittinent.com/wp-login.php" "Mozilla/4.0 (compatible; MSIE 9.0; Windows NT 6.1; 125LA; .NET CLR 2.0.50727; .NET CLR 3.0.04506.648; .NET CLR 3.5.21022)"
121.204.196.237 - - [06/Oct/2014:20:28:56 -0700] "POST /wp-login.php HTTP/1.1" 302 - "http://hardhittinent.com/wp-login.php" "Mozilla/4.0 (compatible; MSIE 9.0; Windows NT 6.1; 125LA; .NET CLR 2.0.50727; .NET CLR 3.0.04506.648; .NET CLR 3.5.21022)"
121.204.196.237 - - [06/Oct/2014:20:28:57 -0700] "POST /wp-login.php HTTP/1.1" 302 - "http://hardhittinent.com/wp-login.php" "Mozilla/4.0 (compatible; MSIE 9.0; Windows NT 6.1; 125LA; .NET CLR 2.0.50727; .NET CLR 3.0.04506.648; .NET CLR 3.5.21022)"
121.204.196.237 - - [06/Oct/2014:20:28:57 -0700] "POST /wp-login.php HTTP/1.1" 302 - "http://hardhittinent.com/wp-login.php" "Mozilla/4.0 (compatible; MSIE 9.0; Windows NT 6.1; 125LA; .NET CLR 2.0.50727; .NET CLR 3.0.04506.648; .NET CLR 3.5.21022)"
121.204.196.237 - - [06/Oct/2014:20:28:58 -0700] "POST /wp-login.php HTTP/1.1" 302 - "http://hardhittinent.com/wp-login.php" "Mozilla/4.0 (compatible; MSIE 9.0; Windows NT 6.1; 125LA; .NET CLR 2.0.50727; .NET CLR 3.0.04506.648; .NET CLR 3.5.21022)"
121.204.196.237 - - [06/Oct/2014:20:28:58 -0700] "POST /wp-login.php HTTP/1.1" 302 - "http://hardhittinent.com/wp-login.php" "Mozilla/4.0 (compatible; MSIE 9.0; Windows NT 6.1; 125LA; .NET CLR 2.0.50727; .NET CLR 3.0.04506.648; .NET CLR 3.5.21022)"
121.204.196.237 - - [06/Oct/2014:20:28:59 -0700] "POST /wp-login.php HTTP/1.1" 302 - "http://hardhittinent.com/wp-login.php" "Mozilla/4.0 (compatible; MSIE 9.0; Windows NT 6.1; 125LA; .NET CLR 2.0.50727; .NET CLR 3.0.04506.648; .NET CLR 3.5.21022)"
121.204.196.237 - - [06/Oct/2014:20:29:00 -0700] "POST /wp-login.php HTTP/1.1" 302 - "http://hardhittinent.com/wp-login.php" "Mozilla/4.0 (compatible; MSIE 9.0; Windows NT 6.1; 125LA; .NET CLR 2.0.50727; .NET CLR 3.0.04506.648; .NET CLR 3.5.21022)"
192.186.199.34 - - [06/Oct/2014:20:29:01 -0700] "POST /wp-cron.php?doing_wp_cron=1412652541.0148210525512695312500 HTTP/1.0" 200 - "-" "WordPress/3.9; http://hardhittinent.com"
121.204.196.237 - - [06/Oct/2014:20:29:00 -0700] "POST /wp-login.php HTTP/1.1" 302 - "http://hardhittinent.com/wp-login.php" "Mozilla/4.0 (compatible; MSIE 9.0; Windows NT 6.1; 125LA; .NET CLR 2.0.50727; .NET CLR 3.0.04506.648; .NET CLR 3.5.21022)"
121.204.196.237 - - [06/Oct/2014:20:29:01 -0700] "POST /wp-login.php HTTP/1.1" 302 - "http://hardhittinent.com/wp-login.php" "Mozilla/4.0 (compatible; MSIE 9.0; Windows NT 6.1; 125LA; .NET CLR 2.0.50727; .NET CLR 3.0.04506.648; .NET CLR 3.5.21022)"
121.204.196.237 - - [06/Oct/2014:20:29:02 -0700] "POST /wp-login.php HTTP/1.1" 302 - "http://hardhittinent.com/wp-login.php" "Mozilla/4.0 (compatible; MSIE 9.0; Windows NT 6.1; 125LA; .NET CLR 2.0.50727; .NET CLR 3.0.04506.648; .NET CLR 3.5.21022)"
121.204.196.237 - - [06/Oct/2014:20:29:02 -0700] "POST /wp-login.php HTTP/1.1" 302 - "http://hardhittinent.com/wp-login.php" "Mozilla/4.0 (compatible; MSIE 9.0; Windows NT 6.1; 125LA; .NET CLR 2.0.50727; .NET CLR 3.0.04506.648; .NET CLR 3.5.21022)"
121.204.196.237 - - [06/Oct/2014:20:29:03 -0700] "POST /wp-login.php HTTP/1.1" 302 - "http://hardhittinent.com/wp-login.php" "Mozilla/4.0 (compatible; MSIE 9.0; Windows NT 6.1; 125LA; .NET CLR 2.0.50727; .NET CLR 3.0.04506.648; .NET CLR 3.5.21022)"
121.204.196.237 - - [06/Oct/2014:20:29:04 -0700] "POST /wp-login.php HTTP/1.1" 302 - "http://hardhittinent.com/wp-login.php" "Mozilla/4.0 (compatible; MSIE 9.0; Windows NT 6.1; 125LA; .NET CLR 2.0.50727; .NET CLR 3.0.04506.648; .NET CLR 3.5.21022)"
121.204.196.237 - - [06/Oct/2014:20:29:04 -0700] "POST /wp-login.php HTTP/1.1" 302 - "http://hardhittinent.com/wp-login.php" "Mozilla/4.0 (compatible; MSIE 9.0; Windows NT 6.1; 125LA; .NET CLR 2.0.50727; .NET CLR 3.0.04506.648; .NET CLR 3.5.21022)"
121.204.196.237 - - [06/Oct/2014:20:29:05 -0700] "POST /wp-login.php HTTP/1.1" 302 - "http://hardhittinent.com/wp-login.php" "Mozilla/4.0 (compatible; MSIE 9.0; Windows NT 6.1; 125LA; .NET CLR 2.0.50727; .NET CLR 3.0.04506.648; .NET CLR 3.5.21022)"
121.204.196.237 - - [06/Oct/2014:20:29:05 -0700] "POST /wp-login.php HTTP/1.1" 302 - "http://hardhittinent.com/wp-login.php" "Mozilla/4.0 (compatible; MSIE 9.0; Windows NT 6.1; 125LA; .NET CLR 2.0.50727; .NET CLR 3.0.04506.648; .NET CLR 3.5.21022)"
121.204.196.237 - - [06/Oct/2014:20:29:06 -0700] "POST /wp-login.php HTTP/1.1" 302 - "http://hardhittinent.com/wp-login.php" "Mozilla/4.0 (compatible; MSIE 9.0; Windows NT 6.1; 125LA; .NET CLR 2.0.50727; .NET CLR 3.0.04506.648; .NET CLR 3.5.21022)"
121.204.196.237 - - [06/Oct/2014:20:29:06 -0700] "POST /wp-login.php HTTP/1.1" 302 - "http://hardhittinent.com/wp-login.php" "Mozilla/4.0 (compatible; MSIE 9.0; Windows NT 6.1; 125LA; .NET CLR 2.0.50727; .NET CLR 3.0.04506.648; .NET CLR 3.5.21022)"
121.204.196.237 - - [06/Oct/2014:20:29:07 -0700] "POST /wp-login.php HTTP/1.1" 302 - "http://hardhittinent.com/wp-login.php" "Mozilla/4.0 (compatible; MSIE 9.0; Windows NT 6.1; 125LA; .NET CLR 2.0.50727; .NET CLR 3.0.04506.648; .NET CLR 3.5.21022)"
121.204.196.237 - - [06/Oct/2014:20:29:08 -0700] "POST /wp-login.php HTTP/1.1" 302 - "http://hardhittinent.com/wp-login.php" "Mozilla/4.0 (compatible; MSIE 9.0; Windows NT 6.1; 125LA; .NET CLR 2.0.50727; .NET CLR 3.0.04506.648; .NET CLR 3.5.21022)"
121.204.196.237 - - [06/Oct/2014:20:29:08 -0700] "POST /wp-login.php HTTP/1.1" 302 - "http://hardhittinent.com/wp-login.php" "Mozilla/4.0 (compatible; MSIE 9.0; Windows NT 6.1; 125LA; .NET CLR 2.0.50727; .NET CLR 3.0.04506.648; .NET CLR 3.5.21022)"
121.204.196.237 - - [06/Oct/2014:20:29:09 -0700] "POST /wp-login.php HTTP/1.1" 302 - "http://hardhittinent.com/wp-login.php" "Mozilla/4.0 (compatible; MSIE 9.0; Windows NT 6.1; 125LA; .NET CLR 2.0.50727; .NET CLR 3.0.04506.648; .NET CLR 3.5.21022)"
121.204.196.237 - - [06/Oct/2014:20:29:09 -0700] "POST /wp-login.php HTTP/1.1" 302 - "http://hardhittinent.com/wp-login.php" "Mozilla/4.0 (compatible; MSIE 9.0; Windows NT 6.1; 125LA; .NET CLR 2.0.50727; .NET CLR 3.0.04506.648; .NET CLR 3.5.21022)"
121.204.196.237 - - [06/Oct/2014:20:29:10 -0700] "POST /wp-login.php HTTP/1.1" 302 - "http://hardhittinent.com/wp-login.php" "Mozilla/4.0 (compatible; MSIE 9.0; Windows NT 6.1; 125LA; .NET CLR 2.0.50727; .NET CLR 3.0.04506.648; .NET CLR 3.5.21022)"
121.204.196.237 - - [06/Oct/2014:20:29:11 -0700] "POST /wp-login.php HTTP/1.1" 302 - "http://hardhittinent.com/wp-login.php" "Mozilla/4.0 (compatible; MSIE 9.0; Windows NT 6.1; 125LA; .NET CLR 2.0.50727; .NET CLR 3.0.04506.648; .NET CLR 3.5.21022)"
121.204.196.237 - - [06/Oct/2014:20:29:11 -0700] "POST /wp-login.php HTTP/1.1" 302 - "http://hardhittinent.com/wp-login.php" "Mozilla/4.0 (compatible; MSIE 9.0; Windows NT 6.1; 125LA; .NET CLR 2.0.50727; .NET CLR 3.0.04506.648; .NET CLR 3.5.21022)"
121.204.196.237 - - [06/Oct/2014:20:29:12 -0700] "POST /wp-login.php HTTP/1.1" 302 - "http://hardhittinent.com/wp-login.php" "Mozilla/4.0 (compatible; MSIE 9.0; Windows NT 6.1; 125LA; .NET CLR 2.0.50727; .NET CLR 3.0.04506.648; .NET CLR 3.5.21022)"
121.204.196.237 - - [06/Oct/2014:20:29:12 -0700] "POST /wp-login.php HTTP/1.1" 302 - "http://hardhittinent.com/wp-login.php" "Mozilla/4.0 (compatible; MSIE 9.0; Windows NT 6.1; 125LA; .NET CLR 2.0.50727; .NET CLR 3.0.04506.648; .NET CLR 3.5.21022)"
121.204.196.237 - - [06/Oct/2014:20:29:13 -0700] "POST /wp-login.php HTTP/1.1" 302 - "http://hardhittinent.com/wp-login.php" "Mozilla/4.0 (compatible; MSIE 9.0; Windows NT 6.1; 125LA; .NET CLR 2.0.50727; .NET CLR 3.0.04506.648; .NET CLR 3.5.21022)"
121.204.196.237 - - [06/Oct/2014:20:29:14 -0700] "POST /wp-login.php HTTP/1.1" 302 - "http://hardhittinent.com/wp-login.php" "Mozilla/4.0 (compatible; MSIE 9.0; Windows NT 6.1; 125LA; .NET CLR 2.0.50727; .NET CLR 3.0.04506.648; .NET CLR 3.5.21022)"
121.204.196.237 - - [06/Oct/2014:20:29:14 -0700] "POST /wp-login.php HTTP/1.1" 302 - "http://hardhittinent.com/wp-login.php" "Mozilla/4.0 (compatible; MSIE 9.0; Windows NT 6.1; 125LA; .NET CLR 2.0.50727; .NET CLR 3.0.04506.648; .NET CLR 3.5.21022)"
121.204.196.237 - - [06/Oct/2014:20:29:15 -0700] "POST /wp-login.php HTTP/1.1" 302 - "http://hardhittinent.com/wp-login.php" "Mozilla/4.0 (compatible; MSIE 9.0; Windows NT 6.1; 125LA; .NET CLR 2.0.50727; .NET CLR 3.0.04506.648; .NET CLR 3.5.21022)"
121.204.196.237 - - [06/Oct/2014:20:29:15 -0700] "POST /wp-login.php HTTP/1.1" 302 - "http://hardhittinent.com/wp-login.php" "Mozilla/4.0 (compatible; MSIE 9.0; Windows NT 6.1; 125LA; .NET CLR 2.0.50727; .NET CLR 3.0.04506.648; .NET CLR 3.5.21022)"
121.204.196.237 - - [06/Oct/2014:20:29:16 -0700] "POST /wp-login.php HTTP/1.1" 302 - "http://hardhittinent.com/wp-login.php" "Mozilla/4.0 (compatible; MSIE 9.0; Windows NT 6.1; 125LA; .NET CLR 2.0.50727; .NET CLR 3.0.04506.648; .NET CLR 3.5.21022)"
121.204.196.237 - - [06/Oct/2014:20:29:16 -0700] "POST /wp-login.php HTTP/1.1" 302 - "http://hardhittinent.com/wp-login.php" "Mozilla/4.0 (compatible; MSIE 9.0; Windows NT 6.1; 125LA; .NET CLR 2.0.50727; .NET CLR 3.0.04506.648; .NET CLR 3.5.21022)"
121.204.196.237 - - [06/Oct/2014:20:29:17 -0700] "POST /wp-login.php HTTP/1.1" 302 - "http://hardhittinent.com/wp-login.php" "Mozilla/4.0 (compatible; MSIE 9.0; Windows NT 6.1; 125LA; .NET CLR 2.0.50727; .NET CLR 3.0.04506.648; .NET CLR 3.5.21022)"
121.204.196.237 - - [06/Oct/2014:20:29:18 -0700] "POST /wp-login.php HTTP/1.1" 302 - "http://hardhittinent.com/wp-login.php" "Mozilla/4.0 (compatible; MSIE 9.0; Windows NT 6.1; 125LA; .NET CLR 2.0.50727; .NET CLR 3.0.04506.648; .NET CLR 3.5.21022)"
121.204.196.237 - - [06/Oct/2014:20:29:18 -0700] "POST /wp-login.php HTTP/1.1" 302 - "http://hardhittinent.com/wp-login.php" "Mozilla/4.0 (compatible; MSIE 9.0; Windows NT 6.1; 125LA; .NET CLR 2.0.50727; .NET CLR 3.0.04506.648; .NET CLR 3.5.21022)"
121.204.196.237 - - [06/Oct/2014:20:29:19 -0700] "POST /wp-login.php HTTP/1.1" 302 - "http://hardhittinent.com/wp-login.php" "Mozilla/4.0 (compatible; MSIE 9.0; Windows NT 6.1; 125LA; .NET CLR 2.0.50727; .NET CLR 3.0.04506.648; .NET CLR 3.5.21022)"
121.204.196.237 - - [06/Oct/2014:20:29:19 -0700] "POST /wp-login.php HTTP/1.1" 302 - "http://hardhittinent.com/wp-login.php" "Mozilla/4.0 (compatible; MSIE 9.0; Windows NT 6.1; 125LA; .NET CLR 2.0.50727; .NET CLR 3.0.04506.648; .NET CLR 3.5.21022)"
121.204.196.237 - - [06/Oct/2014:20:29:20 -0700] "POST /wp-login.php HTTP/1.1" 302 - "http://hardhittinent.com/wp-login.php" "Mozilla/4.0 (compatible; MSIE 9.0; Windows NT 6.1; 125LA; .NET CLR 2.0.50727; .NET CLR 3.0.04506.648; .NET CLR 3.5.21022)"
121.204.196.237 - - [06/Oct/2014:20:29:21 -0700] "POST /wp-login.php HTTP/1.1" 302 - "http://hardhittinent.com/wp-login.php" "Mozilla/4.0 (compatible; MSIE 9.0; Windows NT 6.1; 125LA; .NET CLR 2.0.50727; .NET CLR 3.0.04506.648; .NET CLR 3.5.21022)"
121.204.196.237 - - [06/Oct/2014:20:29:21 -0700] "POST /wp-login.php HTTP/1.1" 302 - "http://hardhittinent.com/wp-login.php" "Mozilla/4.0 (compatible; MSIE 9.0; Windows NT 6.1; 125LA; .NET CLR 2.0.50727; .NET CLR 3.0.04506.648; .NET CLR 3.5.21022)"
121.204.196.237 - - [06/Oct/2014:20:29:22 -0700] "POST /wp-login.php HTTP/1.1" 302 - "http://hardhittinent.com/wp-login.php" "Mozilla/4.0 (compatible; MSIE 9.0; Windows NT 6.1; 125LA; .NET CLR 2.0.50727; .NET CLR 3.0.04506.648; .NET CLR 3.5.21022)"
121.204.196.237 - - [06/Oct/2014:20:29:22 -0700] "POST /wp-login.php HTTP/1.1" 302 - "http://hardhittinent.com/wp-login.php" "Mozilla/4.0 (compatible; MSIE 9.0; Windows NT 6.1; 125LA; .NET CLR 2.0.50727; .NET CLR 3.0.04506.648; .NET CLR 3.5.21022)"
121.204.196.237 - - [06/Oct/2014:20:29:23 -0700] "POST /wp-login.php HTTP/1.1" 302 - "http://hardhittinent.com/wp-login.php" "Mozilla/4.0 (compatible; MSIE 9.0; Windows NT 6.1; 125LA; .NET CLR 2.0.50727; .NET CLR 3.0.04506.648; .NET CLR 3.5.21022)"
121.204.196.237 - - [06/Oct/2014:20:29:23 -0700] "POST /wp-login.php HTTP/1.1" 302 - "http://hardhittinent.com/wp-login.php" "Mozilla/4.0 (compatible; MSIE 9.0; Windows NT 6.1; 125LA; .NET CLR 2.0.50727; .NET CLR 3.0.04506.648; .NET CLR 3.5.21022)"
121.204.196.237 - - [06/Oct/2014:20:29:24 -0700] "POST /wp-login.php HTTP/1.1" 302 - "http://hardhittinent.com/wp-login.php" "Mozilla/4.0 (compatible; MSIE 9.0; Windows NT 6.1; 125LA; .NET CLR 2.0.50727; .NET CLR 3.0.04506.648; .NET CLR 3.5.21022)"
121.204.196.237 - - [06/Oct/2014:20:29:25 -0700] "POST /wp-login.php HTTP/1.1" 302 - "http://hardhittinent.com/wp-login.php" "Mozilla/4.0 (compatible; MSIE 9.0; Windows NT 6.1; 125LA; .NET CLR 2.0.50727; .NET CLR 3.0.04506.648; .NET CLR 3.5.21022)"
121.204.196.237 - - [06/Oct/2014:20:29:25 -0700] "POST /wp-login.php HTTP/1.1" 302 - "http://hardhittinent.com/wp-login.php" "Mozilla/4.0 (compatible; MSIE 9.0; Windows NT 6.1; 125LA; .NET CLR 2.0.50727; .NET CLR 3.0.04506.648; .NET CLR 3.5.21022)"
121.204.196.237 - - [06/Oct/2014:20:29:26 -0700] "POST /wp-login.php HTTP/1.1" 302 - "http://hardhittinent.com/wp-login.php" "Mozilla/4.0 (compatible; MSIE 9.0; Windows NT 6.1; 125LA; .NET CLR 2.0.50727; .NET CLR 3.0.04506.648; .NET CLR 3.5.21022)"
121.204.196.237 - - [06/Oct/2014:20:29:26 -0700] "POST /wp-login.php HTTP/1.1" 302 - "http://hardhittinent.com/wp-login.php" "Mozilla/4.0 (compatible; MSIE 9.0; Windows NT 6.1; 125LA; .NET CLR 2.0.50727; .NET CLR 3.0.04506.648; .NET CLR 3.5.21022)"
121.204.196.237 - - [06/Oct/2014:20:29:27 -0700] "POST /wp-login.php HTTP/1.1" 302 - "http://hardhittinent.com/wp-login.php" "Mozilla/4.0 (compatible; MSIE 9.0; Windows NT 6.1; 125LA; .NET CLR 2.0.50727; .NET CLR 3.0.04506.648; .NET CLR 3.5.21022)"
121.204.196.237 - - [06/Oct/2014:20:29:28 -0700] "POST /wp-login.php HTTP/1.1" 302 - "http://hardhittinent.com/wp-login.php" "Mozilla/4.0 (compatible; MSIE 9.0; Windows NT 6.1; 125LA; .NET CLR 2.0.50727; .NET CLR 3.0.04506.648; .NET CLR 3.5.21022)"
121.204.196.237 - - [06/Oct/2014:20:29:28 -0700] "POST /wp-login.php HTTP/1.1" 302 - "http://hardhittinent.com/wp-login.php" "Mozilla/4.0 (compatible; MSIE 9.0; Windows NT 6.1; 125LA; .NET CLR 2.0.50727; .NET CLR 3.0.04506.648; .NET CLR 3.5.21022)"
121.204.196.237 - - [06/Oct/2014:20:29:29 -0700] "POST /wp-login.php HTTP/1.1" 302 - "http://hardhittinent.com/wp-login.php" "Mozilla/4.0 (compatible; MSIE 9.0; Windows NT 6.1; 125LA; .NET CLR 2.0.50727; .NET CLR 3.0.04506.648; .NET CLR 3.5.21022)"
121.204.196.237 - - [06/Oct/2014:20:29:29 -0700] "POST /wp-login.php HTTP/1.1" 302 - "http://hardhittinent.com/wp-login.php" "Mozilla/4.0 (compatible; MSIE 9.0; Windows NT 6.1; 125LA; .NET CLR 2.0.50727; .NET CLR 3.0.04506.648; .NET CLR 3.5.21022)"
121.204.196.237 - - [06/Oct/2014:20:29:30 -0700] "POST /wp-login.php HTTP/1.1" 302 - "http://hardhittinent.com/wp-login.php" "Mozilla/4.0 (compatible; MSIE 9.0; Windows NT 6.1; 125LA; .NET CLR 2.0.50727; .NET CLR 3.0.04506.648; .NET CLR 3.5.21022)"
121.204.196.237 - - [06/Oct/2014:20:29:31 -0700] "POST /wp-login.php HTTP/1.1" 302 - "http://hardhittinent.com/wp-login.php" "Mozilla/4.0 (compatible; MSIE 9.0; Windows NT 6.1; 125LA; .NET CLR 2.0.50727; .NET CLR 3.0.04506.648; .NET CLR 3.5.21022)"
121.204.196.237 - - [06/Oct/2014:20:29:31 -0700] "POST /wp-login.php HTTP/1.1" 302 - "http://hardhittinent.com/wp-login.php" "Mozilla/4.0 (compatible; MSIE 9.0; Windows NT 6.1; 125LA; .NET CLR 2.0.50727; .NET CLR 3.0.04506.648; .NET CLR 3.5.21022)"
121.204.196.237 - - [06/Oct/2014:20:29:32 -0700] "POST /wp-login.php HTTP/1.1" 302 - "http://hardhittinent.com/wp-login.php" "Mozilla/4.0 (compatible; MSIE 9.0; Windows NT 6.1; 125LA; .NET CLR 2.0.50727; .NET CLR 3.0.04506.648; .NET CLR 3.5.21022)"
121.204.196.237 - - [06/Oct/2014:20:29:32 -0700] "POST /wp-login.php HTTP/1.1" 302 - "http://hardhittinent.com/wp-login.php" "Mozilla/4.0 (compatible; MSIE 9.0; Windows NT 6.1; 125LA; .NET CLR 2.0.50727; .NET CLR 3.0.04506.648; .NET CLR 3.5.21022)"
121.204.196.237 - - [06/Oct/2014:20:29:33 -0700] "POST /wp-login.php HTTP/1.1" 302 - "http://hardhittinent.com/wp-login.php" "Mozilla/4.0 (compatible; MSIE 9.0; Windows NT 6.1; 125LA; .NET CLR 2.0.50727; .NET CLR 3.0.04506.648; .NET CLR 3.5.21022)"
121.204.196.237 - - [06/Oct/2014:20:29:33 -0700] "POST /wp-login.php HTTP/1.1" 302 - "http://hardhittinent.com/wp-login.php" "Mozilla/4.0 (compatible; MSIE 9.0; Windows NT 6.1; 125LA; .NET CLR 2.0.50727; .NET CLR 3.0.04506.648; .NET CLR 3.5.21022)"
121.204.196.237 - - [06/Oct/2014:20:29:34 -0700] "POST /wp-login.php HTTP/1.1" 302 - "http://hardhittinent.com/wp-login.php" "Mozilla/4.0 (compatible; MSIE 9.0; Windows NT 6.1; 125LA; .NET CLR 2.0.50727; .NET CLR 3.0.04506.648; .NET CLR 3.5.21022)"
121.204.196.237 - - [06/Oct/2014:20:29:35 -0700] "POST /wp-login.php HTTP/1.1" 302 - "http://hardhittinent.com/wp-login.php" "Mozilla/4.0 (compatible; MSIE 9.0; Windows NT 6.1; 125LA; .NET CLR 2.0.50727; .NET CLR 3.0.04506.648; .NET CLR 3.5.21022)"
121.204.196.237 - - [06/Oct/2014:20:29:35 -0700] "POST /wp-login.php HTTP/1.1" 302 - "http://hardhittinent.com/wp-login.php" "Mozilla/4.0 (compatible; MSIE 9.0; Windows NT 6.1; 125LA; .NET CLR 2.0.50727; .NET CLR 3.0.04506.648; .NET CLR 3.5.21022)"
121.204.196.237 - - [06/Oct/2014:20:29:36 -0700] "POST /wp-login.php HTTP/1.1" 302 - "http://hardhittinent.com/wp-login.php" "Mozilla/4.0 (compatible; MSIE 9.0; Windows NT 6.1; 125LA; .NET CLR 2.0.50727; .NET CLR 3.0.04506.648; .NET CLR 3.5.21022)"
121.204.196.237 - - [06/Oct/2014:20:29:36 -0700] "POST /wp-login.php HTTP/1.1" 302 - "http://hardhittinent.com/wp-login.php" "Mozilla/4.0 (compatible; MSIE 9.0; Windows NT 6.1; 125LA; .NET CLR 2.0.50727; .NET CLR 3.0.04506.648; .NET CLR 3.5.21022)"
121.204.196.237 - - [06/Oct/2014:20:29:37 -0700] "POST /wp-login.php HTTP/1.1" 302 - "http://hardhittinent.com/wp-login.php" "Mozilla/4.0 (compatible; MSIE 9.0; Windows NT 6.1; 125LA; .NET CLR 2.0.50727; .NET CLR 3.0.04506.648; .NET CLR 3.5.21022)"
121.204.196.237 - - [06/Oct/2014:20:29:38 -0700] "POST /wp-login.php HTTP/1.1" 302 - "http://hardhittinent.com/wp-login.php" "Mozilla/4.0 (compatible; MSIE 9.0; Windows NT 6.1; 125LA; .NET CLR 2.0.50727; .NET CLR 3.0.04506.648; .NET CLR 3.5.21022)"
121.204.196.237 - - [06/Oct/2014:20:29:38 -0700] "POST /wp-login.php HTTP/1.1" 302 - "http://hardhittinent.com/wp-login.php" "Mozilla/4.0 (compatible; MSIE 9.0; Windows NT 6.1; 125LA; .NET CLR 2.0.50727; .NET CLR 3.0.04506.648; .NET CLR 3.5.21022)"
121.204.196.237 - - [06/Oct/2014:20:29:39 -0700] "POST /wp-login.php HTTP/1.1" 302 - "http://hardhittinent.com/wp-login.php" "Mozilla/4.0 (compatible; MSIE 9.0; Windows NT 6.1; 125LA; .NET CLR 2.0.50727; .NET CLR 3.0.04506.648; .NET CLR 3.5.21022)"
121.204.196.237 - - [06/Oct/2014:20:29:39 -0700] "POST /wp-login.php HTTP/1.1" 302 - "http://hardhittinent.com/wp-login.php" "Mozilla/4.0 (compatible; MSIE 9.0; Windows NT 6.1; 125LA; .NET CLR 2.0.50727; .NET CLR 3.0.04506.648; .NET CLR 3.5.21022)"
