121.204.195.38 - - [05/Oct/2014:03:34:35 -0700] "POST /wp-login.php HTTP/1.1" 302 - "http://hardhittinent.com/wp-login.php" "Mozilla/4.0 (compatible; MSIE 9.0; Windows NT 6.1; 125LA; .NET CLR 2.0.50727; .NET CLR 3.0.04506.648; .NET CLR 3.5.21022)"
121.204.195.38 - - [05/Oct/2014:03:34:36 -0700] "POST /wp-login.php HTTP/1.1" 302 - "http://hardhittinent.com/wp-login.php" "Mozilla/4.0 (compatible; MSIE 9.0; Windows NT 6.1; 125LA; .NET CLR 2.0.50727; .NET CLR 3.0.04506.648; .NET CLR 3.5.21022)"
121.204.195.38 - - [05/Oct/2014:03:34:37 -0700] "POST /wp-login.php HTTP/1.1" 302 - "http://hardhittinent.com/wp-login.php" "Mozilla/4.0 (compatible; MSIE 9.0; Windows NT 6.1; 125LA; .NET CLR 2.0.50727; .NET CLR 3.0.04506.648; .NET CLR 3.5.21022)"
121.204.195.38 - - [05/Oct/2014:03:34:37 -0700] "POST /wp-login.php HTTP/1.1" 302 - "http://hardhittinent.com/wp-login.php" "Mozilla/4.0 (compatible; MSIE 9.0; Windows NT 6.1; 125LA; .NET CLR 2.0.50727; .NET CLR 3.0.04506.648; .NET CLR 3.5.21022)"
121.204.195.38 - - [05/Oct/2014:03:34:38 -0700] "POST /wp-login.php HTTP/1.1" 302 - "http://hardhittinent.com/wp-login.php" "Mozilla/4.0 (compatible; MSIE 9.0; Windows NT 6.1; 125LA; .NET CLR 2.0.50727; .NET CLR 3.0.04506.648; .NET CLR 3.5.21022)"
121.204.195.38 - - [05/Oct/2014:03:34:38 -0700] "POST /wp-login.php HTTP/1.1" 302 - "http://hardhittinent.com/wp-login.php" "Mozilla/4.0 (compatible; MSIE 9.0; Windows NT 6.1; 125LA; .NET CLR 2.0.50727; .NET CLR 3.0.04506.648; .NET CLR 3.5.21022)"
121.204.195.38 - - [05/Oct/2014:03:34:39 -0700] "POST /wp-login.php HTTP/1.1" 302 - "http://hardhittinent.com/wp-login.php" "Mozilla/4.0 (compatible; MSIE 9.0; Windows NT 6.1; 125LA; .NET CLR 2.0.50727; .NET CLR 3.0.04506.648; .NET CLR 3.5.21022)"
121.204.195.38 - - [05/Oct/2014:03:34:40 -0700] "POST /wp-login.php HTTP/1.1" 302 - "http://hardhittinent.com/wp-login.php" "Mozilla/4.0 (compatible; MSIE 9.0; Windows NT 6.1; 125LA; .NET CLR 2.0.50727; .NET CLR 3.0.04506.648; .NET CLR 3.5.21022)"
121.204.195.38 - - [05/Oct/2014:03:34:40 -0700] "POST /wp-login.php HTTP/1.1" 302 - "http://hardhittinent.com/wp-login.php" "Mozilla/4.0 (compatible; MSIE 9.0; Windows NT 6.1; 125LA; .NET CLR 2.0.50727; .NET CLR 3.0.04506.648; .NET CLR 3.5.21022)"
121.204.195.38 - - [05/Oct/2014:03:34:41 -0700] "POST /wp-login.php HTTP/1.1" 302 - "http://hardhittinent.com/wp-login.php" "Mozilla/4.0 (compatible; MSIE 9.0; Windows NT 6.1; 125LA; .NET CLR 2.0.50727; .NET CLR 3.0.04506.648; .NET CLR 3.5.21022)"
121.204.195.38 - - [05/Oct/2014:03:34:41 -0700] "POST /wp-login.php HTTP/1.1" 302 - "http://hardhittinent.com/wp-login.php" "Mozilla/4.0 (compatible; MSIE 9.0; Windows NT 6.1; 125LA; .NET CLR 2.0.50727; .NET CLR 3.0.04506.648; .NET CLR 3.5.21022)"
121.204.195.38 - - [05/Oct/2014:03:34:42 -0700] "POST /wp-login.php HTTP/1.1" 302 - "http://hardhittinent.com/wp-login.php" "Mozilla/4.0 (compatible; MSIE 9.0; Windows NT 6.1; 125LA; .NET CLR 2.0.50727; .NET CLR 3.0.04506.648; .NET CLR 3.5.21022)"
121.204.195.38 - - [05/Oct/2014:03:34:43 -0700] "POST /wp-login.php HTTP/1.1" 302 - "http://hardhittinent.com/wp-login.php" "Mozilla/4.0 (compatible; MSIE 9.0; Windows NT 6.1; 125LA; .NET CLR 2.0.50727; .NET CLR 3.0.04506.648; .NET CLR 3.5.21022)"
121.204.195.38 - - [05/Oct/2014:03:34:43 -0700] "POST /wp-login.php HTTP/1.1" 302 - "http://hardhittinent.com/wp-login.php" "Mozilla/4.0 (compatible; MSIE 9.0; Windows NT 6.1; 125LA; .NET CLR 2.0.50727; .NET CLR 3.0.04506.648; .NET CLR 3.5.21022)"
121.204.195.38 - - [05/Oct/2014:03:34:44 -0700] "POST /wp-login.php HTTP/1.1" 302 - "http://hardhittinent.com/wp-login.php" "Mozilla/4.0 (compatible; MSIE 9.0; Windows NT 6.1; 125LA; .NET CLR 2.0.50727; .NET CLR 3.0.04506.648; .NET CLR 3.5.21022)"
121.204.195.38 - - [05/Oct/2014:03:34:44 -0700] "POST /wp-login.php HTTP/1.1" 302 - "http://hardhittinent.com/wp-login.php" "Mozilla/4.0 (compatible; MSIE 9.0; Windows NT 6.1; 125LA; .NET CLR 2.0.50727; .NET CLR 3.0.04506.648; .NET CLR 3.5.21022)"
121.204.195.38 - - [05/Oct/2014:03:34:45 -0700] "POST /wp-login.php HTTP/1.1" 302 - "http://hardhittinent.com/wp-login.php" "Mozilla/4.0 (compatible; MSIE 9.0; Windows NT 6.1; 125LA; .NET CLR 2.0.50727; .NET CLR 3.0.04506.648; .NET CLR 3.5.21022)"
121.204.195.38 - - [05/Oct/2014:03:34:46 -0700] "POST /wp-login.php HTTP/1.1" 302 - "http://hardhittinent.com/wp-login.php" "Mozilla/4.0 (compatible; MSIE 9.0; Windows NT 6.1; 125LA; .NET CLR 2.0.50727; .NET CLR 3.0.04506.648; .NET CLR 3.5.21022)"
121.204.195.38 - - [05/Oct/2014:03:34:46 -0700] "POST /wp-login.php HTTP/1.1" 302 - "http://hardhittinent.com/wp-login.php" "Mozilla/4.0 (compatible; MSIE 9.0; Windows NT 6.1; 125LA; .NET CLR 2.0.50727; .NET CLR 3.0.04506.648; .NET CLR 3.5.21022)"
121.204.195.38 - - [05/Oct/2014:03:34:47 -0700] "POST /wp-login.php HTTP/1.1" 302 - "http://hardhittinent.com/wp-login.php" "Mozilla/4.0 (compatible; MSIE 9.0; Windows NT 6.1; 125LA; .NET CLR 2.0.50727; .NET CLR 3.0.04506.648; .NET CLR 3.5.21022)"
121.204.195.38 - - [05/Oct/2014:03:34:48 -0700] "POST /wp-login.php HTTP/1.1" 302 - "http://hardhittinent.com/wp-login.php" "Mozilla/4.0 (compatible; MSIE 9.0; Windows NT 6.1; 125LA; .NET CLR 2.0.50727; .NET CLR 3.0.04506.648; .NET CLR 3.5.21022)"
121.204.195.38 - - [05/Oct/2014:03:34:48 -0700] "POST /wp-login.php HTTP/1.1" 302 - "http://hardhittinent.com/wp-login.php" "Mozilla/4.0 (compatible; MSIE 9.0; Windows NT 6.1; 125LA; .NET CLR 2.0.50727; .NET CLR 3.0.04506.648; .NET CLR 3.5.21022)"
121.204.195.38 - - [05/Oct/2014:03:34:49 -0700] "POST /wp-login.php HTTP/1.1" 302 - "http://hardhittinent.com/wp-login.php" "Mozilla/4.0 (compatible; MSIE 9.0; Windows NT 6.1; 125LA; .NET CLR 2.0.50727; .NET CLR 3.0.04506.648; .NET CLR 3.5.21022)"
121.204.195.38 - - [05/Oct/2014:03:34:49 -0700] "POST /wp-login.php HTTP/1.1" 302 - "http://hardhittinent.com/wp-login.php" "Mozilla/4.0 (compatible; MSIE 9.0; Windows NT 6.1; 125LA; .NET CLR 2.0.50727; .NET CLR 3.0.04506.648; .NET CLR 3.5.21022)"
121.204.195.38 - - [05/Oct/2014:03:34:50 -0700] "POST /wp-login.php HTTP/1.1" 302 - "http://hardhittinent.com/wp-login.php" "Mozilla/4.0 (compatible; MSIE 9.0; Windows NT 6.1; 125LA; .NET CLR 2.0.50727; .NET CLR 3.0.04506.648; .NET CLR 3.5.21022)"
121.204.195.38 - - [05/Oct/2014:03:34:51 -0700] "POST /wp-login.php HTTP/1.1" 302 - "http://hardhittinent.com/wp-login.php" "Mozilla/4.0 (compatible; MSIE 9.0; Windows NT 6.1; 125LA; .NET CLR 2.0.50727; .NET CLR 3.0.04506.648; .NET CLR 3.5.21022)"
121.204.195.38 - - [05/Oct/2014:03:34:51 -0700] "POST /wp-login.php HTTP/1.1" 302 - "http://hardhittinent.com/wp-login.php" "Mozilla/4.0 (compatible; MSIE 9.0; Windows NT 6.1; 125LA; .NET CLR 2.0.50727; .NET CLR 3.0.04506.648; .NET CLR 3.5.21022)"
121.204.195.38 - - [05/Oct/2014:03:34:52 -0700] "POST /wp-login.php HTTP/1.1" 302 - "http://hardhittinent.com/wp-login.php" "Mozilla/4.0 (compatible; MSIE 9.0; Windows NT 6.1; 125LA; .NET CLR 2.0.50727; .NET CLR 3.0.04506.648; .NET CLR 3.5.21022)"
121.204.195.38 - - [05/Oct/2014:03:34:53 -0700] "POST /wp-login.php HTTP/1.1" 302 - "http://hardhittinent.com/wp-login.php" "Mozilla/4.0 (compatible; MSIE 9.0; Windows NT 6.1; 125LA; .NET CLR 2.0.50727; .NET CLR 3.0.04506.648; .NET CLR 3.5.21022)"
121.204.195.38 - - [05/Oct/2014:03:34:53 -0700] "POST /wp-login.php HTTP/1.1" 302 - "http://hardhittinent.com/wp-login.php" "Mozilla/4.0 (compatible; MSIE 9.0; Windows NT 6.1; 125LA; .NET CLR 2.0.50727; .NET CLR 3.0.04506.648; .NET CLR 3.5.21022)"
121.204.195.38 - - [05/Oct/2014:03:34:54 -0700] "POST /wp-login.php HTTP/1.1" 302 - "http://hardhittinent.com/wp-login.php" "Mozilla/4.0 (compatible; MSIE 9.0; Windows NT 6.1; 125LA; .NET CLR 2.0.50727; .NET CLR 3.0.04506.648; .NET CLR 3.5.21022)"
121.204.195.38 - - [05/Oct/2014:03:34:55 -0700] "POST /wp-login.php HTTP/1.1" 302 - "http://hardhittinent.com/wp-login.php" "Mozilla/4.0 (compatible; MSIE 9.0; Windows NT 6.1; 125LA; .NET CLR 2.0.50727; .NET CLR 3.0.04506.648; .NET CLR 3.5.21022)"
121.204.195.38 - - [05/Oct/2014:03:34:55 -0700] "POST /wp-login.php HTTP/1.1" 302 - "http://hardhittinent.com/wp-login.php" "Mozilla/4.0 (compatible; MSIE 9.0; Windows NT 6.1; 125LA; .NET CLR 2.0.50727; .NET CLR 3.0.04506.648; .NET CLR 3.5.21022)"
121.204.195.38 - - [05/Oct/2014:03:34:56 -0700] "POST /wp-login.php HTTP/1.1" 302 - "http://hardhittinent.com/wp-login.php" "Mozilla/4.0 (compatible; MSIE 9.0; Windows NT 6.1; 125LA; .NET CLR 2.0.50727; .NET CLR 3.0.04506.648; .NET CLR 3.5.21022)"
121.204.195.38 - - [05/Oct/2014:03:34:57 -0700] "POST /wp-login.php HTTP/1.1" 302 - "http://hardhittinent.com/wp-login.php" "Mozilla/4.0 (compatible; MSIE 9.0; Windows NT 6.1; 125LA; .NET CLR 2.0.50727; .NET CLR 3.0.04506.648; .NET CLR 3.5.21022)"
121.204.195.38 - - [05/Oct/2014:03:34:57 -0700] "POST /wp-login.php HTTP/1.1" 302 - "http://hardhittinent.com/wp-login.php" "Mozilla/4.0 (compatible; MSIE 9.0; Windows NT 6.1; 125LA; .NET CLR 2.0.50727; .NET CLR 3.0.04506.648; .NET CLR 3.5.21022)"
121.204.195.38 - - [05/Oct/2014:03:34:58 -0700] "POST /wp-login.php HTTP/1.1" 302 - "http://hardhittinent.com/wp-login.php" "Mozilla/4.0 (compatible; MSIE 9.0; Windows NT 6.1; 125LA; .NET CLR 2.0.50727; .NET CLR 3.0.04506.648; .NET CLR 3.5.21022)"
121.204.195.38 - - [05/Oct/2014:03:34:59 -0700] "POST /wp-login.php HTTP/1.1" 302 - "http://hardhittinent.com/wp-login.php" "Mozilla/4.0 (compatible; MSIE 9.0; Windows NT 6.1; 125LA; .NET CLR 2.0.50727; .NET CLR 3.0.04506.648; .NET CLR 3.5.21022)"
121.204.195.38 - - [05/Oct/2014:03:34:59 -0700] "POST /wp-login.php HTTP/1.1" 302 - "http://hardhittinent.com/wp-login.php" "Mozilla/4.0 (compatible; MSIE 9.0; Windows NT 6.1; 125LA; .NET CLR 2.0.50727; .NET CLR 3.0.04506.648; .NET CLR 3.5.21022)"
121.204.195.38 - - [05/Oct/2014:03:35:00 -0700] "POST /wp-login.php HTTP/1.1" 302 - "http://hardhittinent.com/wp-login.php" "Mozilla/4.0 (compatible; MSIE 9.0; Windows NT 6.1; 125LA; .NET CLR 2.0.50727; .NET CLR 3.0.04506.648; .NET CLR 3.5.21022)"
192.186.199.34 - - [05/Oct/2014:03:35:01 -0700] "POST /wp-cron.php?doing_wp_cron=1412505301.5158779621124267578125 HTTP/1.0" 200 - "-" "WordPress/3.9; http://hardhittinent.com"
121.204.195.38 - - [05/Oct/2014:03:35:01 -0700] "POST /wp-login.php HTTP/1.1" 302 - "http://hardhittinent.com/wp-login.php" "Mozilla/4.0 (compatible; MSIE 9.0; Windows NT 6.1; 125LA; .NET CLR 2.0.50727; .NET CLR 3.0.04506.648; .NET CLR 3.5.21022)"
121.204.195.38 - - [05/Oct/2014:03:35:02 -0700] "POST /wp-login.php HTTP/1.1" 302 - "http://hardhittinent.com/wp-login.php" "Mozilla/4.0 (compatible; MSIE 9.0; Windows NT 6.1; 125LA; .NET CLR 2.0.50727; .NET CLR 3.0.04506.648; .NET CLR 3.5.21022)"
121.204.195.38 - - [05/Oct/2014:03:35:03 -0700] "POST /wp-login.php HTTP/1.1" 302 - "http://hardhittinent.com/wp-login.php" "Mozilla/4.0 (compatible; MSIE 9.0; Windows NT 6.1; 125LA; .NET CLR 2.0.50727; .NET CLR 3.0.04506.648; .NET CLR 3.5.21022)"
121.204.195.38 - - [05/Oct/2014:03:35:03 -0700] "POST /wp-login.php HTTP/1.1" 302 - "http://hardhittinent.com/wp-login.php" "Mozilla/4.0 (compatible; MSIE 9.0; Windows NT 6.1; 125LA; .NET CLR 2.0.50727; .NET CLR 3.0.04506.648; .NET CLR 3.5.21022)"
121.204.195.38 - - [05/Oct/2014:03:35:04 -0700] "POST /wp-login.php HTTP/1.1" 302 - "http://hardhittinent.com/wp-login.php" "Mozilla/4.0 (compatible; MSIE 9.0; Windows NT 6.1; 125LA; .NET CLR 2.0.50727; .NET CLR 3.0.04506.648; .NET CLR 3.5.21022)"
121.204.195.38 - - [05/Oct/2014:03:35:04 -0700] "POST /wp-login.php HTTP/1.1" 302 - "http://hardhittinent.com/wp-login.php" "Mozilla/4.0 (compatible; MSIE 9.0; Windows NT 6.1; 125LA; .NET CLR 2.0.50727; .NET CLR 3.0.04506.648; .NET CLR 3.5.21022)"
121.204.195.38 - - [05/Oct/2014:03:35:05 -0700] "POST /wp-login.php HTTP/1.1" 302 - "http://hardhittinent.com/wp-login.php" "Mozilla/4.0 (compatible; MSIE 9.0; Windows NT 6.1; 125LA; .NET CLR 2.0.50727; .NET CLR 3.0.04506.648; .NET CLR 3.5.21022)"
121.204.195.38 - - [05/Oct/2014:03:35:06 -0700] "POST /wp-login.php HTTP/1.1" 302 - "http://hardhittinent.com/wp-login.php" "Mozilla/4.0 (compatible; MSIE 9.0; Windows NT 6.1; 125LA; .NET CLR 2.0.50727; .NET CLR 3.0.04506.648; .NET CLR 3.5.21022)"
121.204.195.38 - - [05/Oct/2014:03:35:06 -0700] "POST /wp-login.php HTTP/1.1" 302 - "http://hardhittinent.com/wp-login.php" "Mozilla/4.0 (compatible; MSIE 9.0; Windows NT 6.1; 125LA; .NET CLR 2.0.50727; .NET CLR 3.0.04506.648; .NET CLR 3.5.21022)"
121.204.195.38 - - [05/Oct/2014:03:35:07 -0700] "POST /wp-login.php HTTP/1.1" 302 - "http://hardhittinent.com/wp-login.php" "Mozilla/4.0 (compatible; MSIE 9.0; Windows NT 6.1; 125LA; .NET CLR 2.0.50727; .NET CLR 3.0.04506.648; .NET CLR 3.5.21022)"
121.204.195.38 - - [05/Oct/2014:03:35:07 -0700] "POST /wp-login.php HTTP/1.1" 302 - "http://hardhittinent.com/wp-login.php" "Mozilla/4.0 (compatible; MSIE 9.0; Windows NT 6.1; 125LA; .NET CLR 2.0.50727; .NET CLR 3.0.04506.648; .NET CLR 3.5.21022)"
121.204.195.38 - - [05/Oct/2014:03:35:08 -0700] "POST /wp-login.php HTTP/1.1" 302 - "http://hardhittinent.com/wp-login.php" "Mozilla/4.0 (compatible; MSIE 9.0; Windows NT 6.1; 125LA; .NET CLR 2.0.50727; .NET CLR 3.0.04506.648; .NET CLR 3.5.21022)"
121.204.195.38 - - [05/Oct/2014:03:35:09 -0700] "POST /wp-login.php HTTP/1.1" 302 - "http://hardhittinent.com/wp-login.php" "Mozilla/4.0 (compatible; MSIE 9.0; Windows NT 6.1; 125LA; .NET CLR 2.0.50727; .NET CLR 3.0.04506.648; .NET CLR 3.5.21022)"
121.204.195.38 - - [05/Oct/2014:03:35:09 -0700] "POST /wp-login.php HTTP/1.1" 302 - "http://hardhittinent.com/wp-login.php" "Mozilla/4.0 (compatible; MSIE 9.0; Windows NT 6.1; 125LA; .NET CLR 2.0.50727; .NET CLR 3.0.04506.648; .NET CLR 3.5.21022)"
121.204.195.38 - - [05/Oct/2014:03:35:10 -0700] "POST /wp-login.php HTTP/1.1" 302 - "http://hardhittinent.com/wp-login.php" "Mozilla/4.0 (compatible; MSIE 9.0; Windows NT 6.1; 125LA; .NET CLR 2.0.50727; .NET CLR 3.0.04506.648; .NET CLR 3.5.21022)"
121.204.195.38 - - [05/Oct/2014:03:35:10 -0700] "POST /wp-login.php HTTP/1.1" 302 - "http://hardhittinent.com/wp-login.php" "Mozilla/4.0 (compatible; MSIE 9.0; Windows NT 6.1; 125LA; .NET CLR 2.0.50727; .NET CLR 3.0.04506.648; .NET CLR 3.5.21022)"
121.204.195.38 - - [05/Oct/2014:03:35:11 -0700] "POST /wp-login.php HTTP/1.1" 302 - "http://hardhittinent.com/wp-login.php" "Mozilla/4.0 (compatible; MSIE 9.0; Windows NT 6.1; 125LA; .NET CLR 2.0.50727; .NET CLR 3.0.04506.648; .NET CLR 3.5.21022)"
121.204.195.38 - - [05/Oct/2014:03:35:12 -0700] "POST /wp-login.php HTTP/1.1" 302 - "http://hardhittinent.com/wp-login.php" "Mozilla/4.0 (compatible; MSIE 9.0; Windows NT 6.1; 125LA; .NET CLR 2.0.50727; .NET CLR 3.0.04506.648; .NET CLR 3.5.21022)"
121.204.195.38 - - [05/Oct/2014:03:35:12 -0700] "POST /wp-login.php HTTP/1.1" 302 - "http://hardhittinent.com/wp-login.php" "Mozilla/4.0 (compatible; MSIE 9.0; Windows NT 6.1; 125LA; .NET CLR 2.0.50727; .NET CLR 3.0.04506.648; .NET CLR 3.5.21022)"
121.204.195.38 - - [05/Oct/2014:03:35:13 -0700] "POST /wp-login.php HTTP/1.1" 302 - "http://hardhittinent.com/wp-login.php" "Mozilla/4.0 (compatible; MSIE 9.0; Windows NT 6.1; 125LA; .NET CLR 2.0.50727; .NET CLR 3.0.04506.648; .NET CLR 3.5.21022)"
121.204.195.38 - - [05/Oct/2014:03:35:13 -0700] "POST /wp-login.php HTTP/1.1" 302 - "http://hardhittinent.com/wp-login.php" "Mozilla/4.0 (compatible; MSIE 9.0; Windows NT 6.1; 125LA; .NET CLR 2.0.50727; .NET CLR 3.0.04506.648; .NET CLR 3.5.21022)"
121.204.195.38 - - [05/Oct/2014:03:35:14 -0700] "POST /wp-login.php HTTP/1.1" 302 - "http://hardhittinent.com/wp-login.php" "Mozilla/4.0 (compatible; MSIE 9.0; Windows NT 6.1; 125LA; .NET CLR 2.0.50727; .NET CLR 3.0.04506.648; .NET CLR 3.5.21022)"
121.204.195.38 - - [05/Oct/2014:03:35:15 -0700] "POST /wp-login.php HTTP/1.1" 302 - "http://hardhittinent.com/wp-login.php" "Mozilla/4.0 (compatible; MSIE 9.0; Windows NT 6.1; 125LA; .NET CLR 2.0.50727; .NET CLR 3.0.04506.648; .NET CLR 3.5.21022)"
121.204.195.38 - - [05/Oct/2014:03:35:15 -0700] "POST /wp-login.php HTTP/1.1" 302 - "http://hardhittinent.com/wp-login.php" "Mozilla/4.0 (compatible; MSIE 9.0; Windows NT 6.1; 125LA; .NET CLR 2.0.50727; .NET CLR 3.0.04506.648; .NET CLR 3.5.21022)"
121.204.195.38 - - [05/Oct/2014:03:35:16 -0700] "POST /wp-login.php HTTP/1.1" 302 - "http://hardhittinent.com/wp-login.php" "Mozilla/4.0 (compatible; MSIE 9.0; Windows NT 6.1; 125LA; .NET CLR 2.0.50727; .NET CLR 3.0.04506.648; .NET CLR 3.5.21022)"
121.204.195.38 - - [05/Oct/2014:03:35:16 -0700] "POST /wp-login.php HTTP/1.1" 302 - "http://hardhittinent.com/wp-login.php" "Mozilla/4.0 (compatible; MSIE 9.0; Windows NT 6.1; 125LA; .NET CLR 2.0.50727; .NET CLR 3.0.04506.648; .NET CLR 3.5.21022)"
121.204.195.38 - - [05/Oct/2014:03:35:17 -0700] "POST /wp-login.php HTTP/1.1" 302 - "http://hardhittinent.com/wp-login.php" "Mozilla/4.0 (compatible; MSIE 9.0; Windows NT 6.1; 125LA; .NET CLR 2.0.50727; .NET CLR 3.0.04506.648; .NET CLR 3.5.21022)"
121.204.195.38 - - [05/Oct/2014:03:35:18 -0700] "POST /wp-login.php HTTP/1.1" 302 - "http://hardhittinent.com/wp-login.php" "Mozilla/4.0 (compatible; MSIE 9.0; Windows NT 6.1; 125LA; .NET CLR 2.0.50727; .NET CLR 3.0.04506.648; .NET CLR 3.5.21022)"
121.204.195.38 - - [05/Oct/2014:03:35:18 -0700] "POST /wp-login.php HTTP/1.1" 302 - "http://hardhittinent.com/wp-login.php" "Mozilla/4.0 (compatible; MSIE 9.0; Windows NT 6.1; 125LA; .NET CLR 2.0.50727; .NET CLR 3.0.04506.648; .NET CLR 3.5.21022)"
121.204.195.38 - - [05/Oct/2014:03:35:19 -0700] "POST /wp-login.php HTTP/1.1" 302 - "http://hardhittinent.com/wp-login.php" "Mozilla/4.0 (compatible; MSIE 9.0; Windows NT 6.1; 125LA; .NET CLR 2.0.50727; .NET CLR 3.0.04506.648; .NET CLR 3.5.21022)"
121.204.195.38 - - [05/Oct/2014:03:35:20 -0700] "POST /wp-login.php HTTP/1.1" 302 - "http://hardhittinent.com/wp-login.php" "Mozilla/4.0 (compatible; MSIE 9.0; Windows NT 6.1; 125LA; .NET CLR 2.0.50727; .NET CLR 3.0.04506.648; .NET CLR 3.5.21022)"
121.204.195.38 - - [05/Oct/2014:03:35:20 -0700] "POST /wp-login.php HTTP/1.1" 302 - "http://hardhittinent.com/wp-login.php" "Mozilla/4.0 (compatible; MSIE 9.0; Windows NT 6.1; 125LA; .NET CLR 2.0.50727; .NET CLR 3.0.04506.648; .NET CLR 3.5.21022)"
121.204.195.38 - - [05/Oct/2014:03:35:21 -0700] "POST /wp-login.php HTTP/1.1" 302 - "http://hardhittinent.com/wp-login.php" "Mozilla/4.0 (compatible; MSIE 9.0; Windows NT 6.1; 125LA; .NET CLR 2.0.50727; .NET CLR 3.0.04506.648; .NET CLR 3.5.21022)"
121.204.195.38 - - [05/Oct/2014:03:35:22 -0700] "POST /wp-login.php HTTP/1.1" 302 - "http://hardhittinent.com/wp-login.php" "Mozilla/4.0 (compatible; MSIE 9.0; Windows NT 6.1; 125LA; .NET CLR 2.0.50727; .NET CLR 3.0.04506.648; .NET CLR 3.5.21022)"
121.204.195.38 - - [05/Oct/2014:03:35:22 -0700] "POST /wp-login.php HTTP/1.1" 302 - "http://hardhittinent.com/wp-login.php" "Mozilla/4.0 (compatible; MSIE 9.0; Windows NT 6.1; 125LA; .NET CLR 2.0.50727; .NET CLR 3.0.04506.648; .NET CLR 3.5.21022)"
121.204.195.38 - - [05/Oct/2014:03:35:23 -0700] "POST /wp-login.php HTTP/1.1" 302 - "http://hardhittinent.com/wp-login.php" "Mozilla/4.0 (compatible; MSIE 9.0; Windows NT 6.1; 125LA; .NET CLR 2.0.50727; .NET CLR 3.0.04506.648; .NET CLR 3.5.21022)"
121.204.195.38 - - [05/Oct/2014:03:35:24 -0700] "POST /wp-login.php HTTP/1.1" 302 - "http://hardhittinent.com/wp-login.php" "Mozilla/4.0 (compatible; MSIE 9.0; Windows NT 6.1; 125LA; .NET CLR 2.0.50727; .NET CLR 3.0.04506.648; .NET CLR 3.5.21022)"
121.204.195.38 - - [05/Oct/2014:03:35:24 -0700] "POST /wp-login.php HTTP/1.1" 302 - "http://hardhittinent.com/wp-login.php" "Mozilla/4.0 (compatible; MSIE 9.0; Windows NT 6.1; 125LA; .NET CLR 2.0.50727; .NET CLR 3.0.04506.648; .NET CLR 3.5.21022)"
121.204.195.38 - - [05/Oct/2014:03:35:25 -0700] "POST /wp-login.php HTTP/1.1" 302 - "http://hardhittinent.com/wp-login.php" "Mozilla/4.0 (compatible; MSIE 9.0; Windows NT 6.1; 125LA; .NET CLR 2.0.50727; .NET CLR 3.0.04506.648; .NET CLR 3.5.21022)"
121.204.195.38 - - [05/Oct/2014:03:35:26 -0700] "POST /wp-login.php HTTP/1.1" 302 - "http://hardhittinent.com/wp-login.php" "Mozilla/4.0 (compatible; MSIE 9.0; Windows NT 6.1; 125LA; .NET CLR 2.0.50727; .NET CLR 3.0.04506.648; .NET CLR 3.5.21022)"
121.204.195.38 - - [05/Oct/2014:03:35:26 -0700] "POST /wp-login.php HTTP/1.1" 302 - "http://hardhittinent.com/wp-login.php" "Mozilla/4.0 (compatible; MSIE 9.0; Windows NT 6.1; 125LA; .NET CLR 2.0.50727; .NET CLR 3.0.04506.648; .NET CLR 3.5.21022)"
121.204.195.38 - - [05/Oct/2014:03:35:27 -0700] "POST /wp-login.php HTTP/1.1" 302 - "http://hardhittinent.com/wp-login.php" "Mozilla/4.0 (compatible; MSIE 9.0; Windows NT 6.1; 125LA; .NET CLR 2.0.50727; .NET CLR 3.0.04506.648; .NET CLR 3.5.21022)"
121.204.195.38 - - [05/Oct/2014:03:35:28 -0700] "POST /wp-login.php HTTP/1.1" 302 - "http://hardhittinent.com/wp-login.php" "Mozilla/4.0 (compatible; MSIE 9.0; Windows NT 6.1; 125LA; .NET CLR 2.0.50727; .NET CLR 3.0.04506.648; .NET CLR 3.5.21022)"
121.204.195.38 - - [05/Oct/2014:03:35:28 -0700] "POST /wp-login.php HTTP/1.1" 302 - "http://hardhittinent.com/wp-login.php" "Mozilla/4.0 (compatible; MSIE 9.0; Windows NT 6.1; 125LA; .NET CLR 2.0.50727; .NET CLR 3.0.04506.648; .NET CLR 3.5.21022)"
121.204.195.38 - - [05/Oct/2014:03:35:29 -0700] "POST /wp-login.php HTTP/1.1" 302 - "http://hardhittinent.com/wp-login.php" "Mozilla/4.0 (compatible; MSIE 9.0; Windows NT 6.1; 125LA; .NET CLR 2.0.50727; .NET CLR 3.0.04506.648; .NET CLR 3.5.21022)"
121.204.195.38 - - [05/Oct/2014:03:35:30 -0700] "POST /wp-login.php HTTP/1.1" 302 - "http://hardhittinent.com/wp-login.php" "Mozilla/4.0 (compatible; MSIE 9.0; Windows NT 6.1; 125LA; .NET CLR 2.0.50727; .NET CLR 3.0.04506.648; .NET CLR 3.5.21022)"
121.204.195.38 - - [05/Oct/2014:03:35:30 -0700] "POST /wp-login.php HTTP/1.1" 302 - "http://hardhittinent.com/wp-login.php" "Mozilla/4.0 (compatible; MSIE 9.0; Windows NT 6.1; 125LA; .NET CLR 2.0.50727; .NET CLR 3.0.04506.648; .NET CLR 3.5.21022)"
121.204.195.38 - - [05/Oct/2014:03:35:31 -0700] "POST /wp-login.php HTTP/1.1" 302 - "http://hardhittinent.com/wp-login.php" "Mozilla/4.0 (compatible; MSIE 9.0; Windows NT 6.1; 125LA; .NET CLR 2.0.50727; .NET CLR 3.0.04506.648; .NET CLR 3.5.21022)"
121.204.195.38 - - [05/Oct/2014:03:35:32 -0700] "POST /wp-login.php HTTP/1.1" 302 - "http://hardhittinent.com/wp-login.php" "Mozilla/4.0 (compatible; MSIE 9.0; Windows NT 6.1; 125LA; .NET CLR 2.0.50727; .NET CLR 3.0.04506.648; .NET CLR 3.5.21022)"
121.204.195.38 - - [05/Oct/2014:03:35:33 -0700] "POST /wp-login.php HTTP/1.1" 302 - "http://hardhittinent.com/wp-login.php" "Mozilla/4.0 (compatible; MSIE 9.0; Windows NT 6.1; 125LA; .NET CLR 2.0.50727; .NET CLR 3.0.04506.648; .NET CLR 3.5.21022)"
121.204.195.38 - - [05/Oct/2014:03:35:33 -0700] "POST /wp-login.php HTTP/1.1" 302 - "http://hardhittinent.com/wp-login.php" "Mozilla/4.0 (compatible; MSIE 9.0; Windows NT 6.1; 125LA; .NET CLR 2.0.50727; .NET CLR 3.0.04506.648; .NET CLR 3.5.21022)"
121.204.195.38 - - [05/Oct/2014:03:35:34 -0700] "POST /wp-login.php HTTP/1.1" 302 - "http://hardhittinent.com/wp-login.php" "Mozilla/4.0 (compatible; MSIE 9.0; Windows NT 6.1; 125LA; .NET CLR 2.0.50727; .NET CLR 3.0.04506.648; .NET CLR 3.5.21022)"
121.204.195.38 - - [05/Oct/2014:03:35:35 -0700] "POST /wp-login.php HTTP/1.1" 302 - "http://hardhittinent.com/wp-login.php" "Mozilla/4.0 (compatible; MSIE 9.0; Windows NT 6.1; 125LA; .NET CLR 2.0.50727; .NET CLR 3.0.04506.648; .NET CLR 3.5.21022)"
121.204.195.38 - - [05/Oct/2014:03:35:35 -0700] "POST /wp-login.php HTTP/1.1" 302 - "http://hardhittinent.com/wp-login.php" "Mozilla/4.0 (compatible; MSIE 9.0; Windows NT 6.1; 125LA; .NET CLR 2.0.50727; .NET CLR 3.0.04506.648; .NET CLR 3.5.21022)"
121.204.195.38 - - [05/Oct/2014:03:35:36 -0700] "POST /wp-login.php HTTP/1.1" 302 - "http://hardhittinent.com/wp-login.php" "Mozilla/4.0 (compatible; MSIE 9.0; Windows NT 6.1; 125LA; .NET CLR 2.0.50727; .NET CLR 3.0.04506.648; .NET CLR 3.5.21022)"
121.204.195.38 - - [05/Oct/2014:03:35:37 -0700] "POST /wp-login.php HTTP/1.1" 302 - "http://hardhittinent.com/wp-login.php" "Mozilla/4.0 (compatible; MSIE 9.0; Windows NT 6.1; 125LA; .NET CLR 2.0.50727; .NET CLR 3.0.04506.648; .NET CLR 3.5.21022)"
121.204.195.38 - - [05/Oct/2014:03:35:37 -0700] "POST /wp-login.php HTTP/1.1" 302 - "http://hardhittinent.com/wp-login.php" "Mozilla/4.0 (compatible; MSIE 9.0; Windows NT 6.1; 125LA; .NET CLR 2.0.50727; .NET CLR 3.0.04506.648; .NET CLR 3.5.21022)"
121.204.195.38 - - [05/Oct/2014:03:35:38 -0700] "POST /wp-login.php HTTP/1.1" 302 - "http://hardhittinent.com/wp-login.php" "Mozilla/4.0 (compatible; MSIE 9.0; Windows NT 6.1; 125LA; .NET CLR 2.0.50727; .NET CLR 3.0.04506.648; .NET CLR 3.5.21022)"
121.204.195.38 - - [05/Oct/2014:03:35:39 -0700] "POST /wp-login.php HTTP/1.1" 302 - "http://hardhittinent.com/wp-login.php" "Mozilla/4.0 (compatible; MSIE 9.0; Windows NT 6.1; 125LA; .NET CLR 2.0.50727; .NET CLR 3.0.04506.648; .NET CLR 3.5.21022)"
121.204.195.38 - - [05/Oct/2014:03:35:39 -0700] "POST /wp-login.php HTTP/1.1" 302 - "http://hardhittinent.com/wp-login.php" "Mozilla/4.0 (compatible; MSIE 9.0; Windows NT 6.1; 125LA; .NET CLR 2.0.50727; .NET CLR 3.0.04506.648; .NET CLR 3.5.21022)"
121.204.195.38 - - [05/Oct/2014:03:35:40 -0700] "POST /wp-login.php HTTP/1.1" 302 - "http://hardhittinent.com/wp-login.php" "Mozilla/4.0 (compatible; MSIE 9.0; Windows NT 6.1; 125LA; .NET CLR 2.0.50727; .NET CLR 3.0.04506.648; .NET CLR 3.5.21022)"
121.204.195.38 - - [05/Oct/2014:03:35:41 -0700] "POST /wp-login.php HTTP/1.1" 302 - "http://hardhittinent.com/wp-login.php" "Mozilla/4.0 (compatible; MSIE 9.0; Windows NT 6.1; 125LA; .NET CLR 2.0.50727; .NET CLR 3.0.04506.648; .NET CLR 3.5.21022)"
121.204.195.38 - - [05/Oct/2014:03:35:41 -0700] "POST /wp-login.php HTTP/1.1" 302 - "http://hardhittinent.com/wp-login.php" "Mozilla/4.0 (compatible; MSIE 9.0; Windows NT 6.1; 125LA; .NET CLR 2.0.50727; .NET CLR 3.0.04506.648; .NET CLR 3.5.21022)"
121.204.195.38 - - [05/Oct/2014:03:35:42 -0700] "POST /wp-login.php HTTP/1.1" 302 - "http://hardhittinent.com/wp-login.php" "Mozilla/4.0 (compatible; MSIE 9.0; Windows NT 6.1; 125LA; .NET CLR 2.0.50727; .NET CLR 3.0.04506.648; .NET CLR 3.5.21022)"
121.204.195.38 - - [05/Oct/2014:03:35:43 -0700] "POST /wp-login.php HTTP/1.1" 302 - "http://hardhittinent.com/wp-login.php" "Mozilla/4.0 (compatible; MSIE 9.0; Windows NT 6.1; 125LA; .NET CLR 2.0.50727; .NET CLR 3.0.04506.648; .NET CLR 3.5.21022)"
121.204.195.38 - - [05/Oct/2014:03:35:43 -0700] "POST /wp-login.php HTTP/1.1" 302 - "http://hardhittinent.com/wp-login.php" "Mozilla/4.0 (compatible; MSIE 9.0; Windows NT 6.1; 125LA; .NET CLR 2.0.50727; .NET CLR 3.0.04506.648; .NET CLR 3.5.21022)"
121.204.195.38 - - [05/Oct/2014:03:35:44 -0700] "POST /wp-login.php HTTP/1.1" 302 - "http://hardhittinent.com/wp-login.php" "Mozilla/4.0 (compatible; MSIE 9.0; Windows NT 6.1; 125LA; .NET CLR 2.0.50727; .NET CLR 3.0.04506.648; .NET CLR 3.5.21022)"
121.204.195.38 - - [05/Oct/2014:03:35:45 -0700] "POST /wp-login.php HTTP/1.1" 302 - "http://hardhittinent.com/wp-login.php" "Mozilla/4.0 (compatible; MSIE 9.0; Windows NT 6.1; 125LA; .NET CLR 2.0.50727; .NET CLR 3.0.04506.648; .NET CLR 3.5.21022)"
121.204.195.38 - - [05/Oct/2014:03:35:45 -0700] "POST /wp-login.php HTTP/1.1" 302 - "http://hardhittinent.com/wp-login.php" "Mozilla/4.0 (compatible; MSIE 9.0; Windows NT 6.1; 125LA; .NET CLR 2.0.50727; .NET CLR 3.0.04506.648; .NET CLR 3.5.21022)"
121.204.195.38 - - [05/Oct/2014:03:35:46 -0700] "POST /wp-login.php HTTP/1.1" 302 - "http://hardhittinent.com/wp-login.php" "Mozilla/4.0 (compatible; MSIE 9.0; Windows NT 6.1; 125LA; .NET CLR 2.0.50727; .NET CLR 3.0.04506.648; .NET CLR 3.5.21022)"
121.204.195.38 - - [05/Oct/2014:03:35:47 -0700] "POST /wp-login.php HTTP/1.1" 302 - "http://hardhittinent.com/wp-login.php" "Mozilla/4.0 (compatible; MSIE 9.0; Windows NT 6.1; 125LA; .NET CLR 2.0.50727; .NET CLR 3.0.04506.648; .NET CLR 3.5.21022)"
121.204.195.38 - - [05/Oct/2014:03:35:47 -0700] "POST /wp-login.php HTTP/1.1" 302 - "http://hardhittinent.com/wp-login.php" "Mozilla/4.0 (compatible; MSIE 9.0; Windows NT 6.1; 125LA; .NET CLR 2.0.50727; .NET CLR 3.0.04506.648; .NET CLR 3.5.21022)"
121.204.195.38 - - [05/Oct/2014:03:35:48 -0700] "POST /wp-login.php HTTP/1.1" 302 - "http://hardhittinent.com/wp-login.php" "Mozilla/4.0 (compatible; MSIE 9.0; Windows NT 6.1; 125LA; .NET CLR 2.0.50727; .NET CLR 3.0.04506.648; .NET CLR 3.5.21022)"
121.204.195.38 - - [05/Oct/2014:03:35:49 -0700] "POST /wp-login.php HTTP/1.1" 302 - "http://hardhittinent.com/wp-login.php" "Mozilla/4.0 (compatible; MSIE 9.0; Windows NT 6.1; 125LA; .NET CLR 2.0.50727; .NET CLR 3.0.04506.648; .NET CLR 3.5.21022)"
121.204.195.38 - - [05/Oct/2014:03:35:49 -0700] "POST /wp-login.php HTTP/1.1" 302 - "http://hardhittinent.com/wp-login.php" "Mozilla/4.0 (compatible; MSIE 9.0; Windows NT 6.1; 125LA; .NET CLR 2.0.50727; .NET CLR 3.0.04506.648; .NET CLR 3.5.21022)"
121.204.195.38 - - [05/Oct/2014:03:35:51 -0700] "POST /wp-login.php HTTP/1.1" 302 - "http://hardhittinent.com/wp-login.php" "Mozilla/4.0 (compatible; MSIE 9.0; Windows NT 6.1; 125LA; .NET CLR 2.0.50727; .NET CLR 3.0.04506.648; .NET CLR 3.5.21022)"
121.204.195.38 - - [05/Oct/2014:03:35:51 -0700] "POST /wp-login.php HTTP/1.1" 302 - "http://hardhittinent.com/wp-login.php" "Mozilla/4.0 (compatible; MSIE 9.0; Windows NT 6.1; 125LA; .NET CLR 2.0.50727; .NET CLR 3.0.04506.648; .NET CLR 3.5.21022)"
121.204.195.38 - - [05/Oct/2014:03:35:52 -0700] "POST /wp-login.php HTTP/1.1" 302 - "http://hardhittinent.com/wp-login.php" "Mozilla/4.0 (compatible; MSIE 9.0; Windows NT 6.1; 125LA; .NET CLR 2.0.50727; .NET CLR 3.0.04506.648; .NET CLR 3.5.21022)"
121.204.195.38 - - [05/Oct/2014:03:35:53 -0700] "POST /wp-login.php HTTP/1.1" 302 - "http://hardhittinent.com/wp-login.php" "Mozilla/4.0 (compatible; MSIE 9.0; Windows NT 6.1; 125LA; .NET CLR 2.0.50727; .NET CLR 3.0.04506.648; .NET CLR 3.5.21022)"
121.204.195.38 - - [05/Oct/2014:03:35:53 -0700] "POST /wp-login.php HTTP/1.1" 302 - "http://hardhittinent.com/wp-login.php" "Mozilla/4.0 (compatible; MSIE 9.0; Windows NT 6.1; 125LA; .NET CLR 2.0.50727; .NET CLR 3.0.04506.648; .NET CLR 3.5.21022)"
121.204.195.38 - - [05/Oct/2014:03:35:54 -0700] "POST /wp-login.php HTTP/1.1" 302 - "http://hardhittinent.com/wp-login.php" "Mozilla/4.0 (compatible; MSIE 9.0; Windows NT 6.1; 125LA; .NET CLR 2.0.50727; .NET CLR 3.0.04506.648; .NET CLR 3.5.21022)"
121.204.195.38 - - [05/Oct/2014:03:35:55 -0700] "POST /wp-login.php HTTP/1.1" 302 - "http://hardhittinent.com/wp-login.php" "Mozilla/4.0 (compatible; MSIE 9.0; Windows NT 6.1; 125LA; .NET CLR 2.0.50727; .NET CLR 3.0.04506.648; .NET CLR 3.5.21022)"
121.204.195.38 - - [05/Oct/2014:03:35:55 -0700] "POST /wp-login.php HTTP/1.1" 302 - "http://hardhittinent.com/wp-login.php" "Mozilla/4.0 (compatible; MSIE 9.0; Windows NT 6.1; 125LA; .NET CLR 2.0.50727; .NET CLR 3.0.04506.648; .NET CLR 3.5.21022)"
121.204.195.38 - - [05/Oct/2014:03:35:56 -0700] "POST /wp-login.php HTTP/1.1" 302 - "http://hardhittinent.com/wp-login.php" "Mozilla/4.0 (compatible; MSIE 9.0; Windows NT 6.1; 125LA; .NET CLR 2.0.50727; .NET CLR 3.0.04506.648; .NET CLR 3.5.21022)"
121.204.195.38 - - [05/Oct/2014:03:35:57 -0700] "POST /wp-login.php HTTP/1.1" 302 - "http://hardhittinent.com/wp-login.php" "Mozilla/4.0 (compatible; MSIE 9.0; Windows NT 6.1; 125LA; .NET CLR 2.0.50727; .NET CLR 3.0.04506.648; .NET CLR 3.5.21022)"
121.204.195.38 - - [05/Oct/2014:03:35:57 -0700] "POST /wp-login.php HTTP/1.1" 302 - "http://hardhittinent.com/wp-login.php" "Mozilla/4.0 (compatible; MSIE 9.0; Windows NT 6.1; 125LA; .NET CLR 2.0.50727; .NET CLR 3.0.04506.648; .NET CLR 3.5.21022)"
121.204.195.38 - - [05/Oct/2014:03:35:58 -0700] "POST /wp-login.php HTTP/1.1" 302 - "http://hardhittinent.com/wp-login.php" "Mozilla/4.0 (compatible; MSIE 9.0; Windows NT 6.1; 125LA; .NET CLR 2.0.50727; .NET CLR 3.0.04506.648; .NET CLR 3.5.21022)"
121.204.195.38 - - [05/Oct/2014:03:35:59 -0700] "POST /wp-login.php HTTP/1.1" 302 - "http://hardhittinent.com/wp-login.php" "Mozilla/4.0 (compatible; MSIE 9.0; Windows NT 6.1; 125LA; .NET CLR 2.0.50727; .NET CLR 3.0.04506.648; .NET CLR 3.5.21022)"
121.204.195.38 - - [05/Oct/2014:03:35:59 -0700] "POST /wp-login.php HTTP/1.1" 302 - "http://hardhittinent.com/wp-login.php" "Mozilla/4.0 (compatible; MSIE 9.0; Windows NT 6.1; 125LA; .NET CLR 2.0.50727; .NET CLR 3.0.04506.648; .NET CLR 3.5.21022)"
121.204.195.38 - - [05/Oct/2014:03:36:00 -0700] "POST /wp-login.php HTTP/1.1" 302 - "http://hardhittinent.com/wp-login.php" "Mozilla/4.0 (compatible; MSIE 9.0; Windows NT 6.1; 125LA; .NET CLR 2.0.50727; .NET CLR 3.0.04506.648; .NET CLR 3.5.21022)"
121.204.195.38 - - [05/Oct/2014:03:36:01 -0700] "POST /wp-login.php HTTP/1.1" 302 - "http://hardhittinent.com/wp-login.php" "Mozilla/4.0 (compatible; MSIE 9.0; Windows NT 6.1; 125LA; .NET CLR 2.0.50727; .NET CLR 3.0.04506.648; .NET CLR 3.5.21022)"
121.204.195.38 - - [05/Oct/2014:03:36:01 -0700] "POST /wp-login.php HTTP/1.1" 302 - "http://hardhittinent.com/wp-login.php" "Mozilla/4.0 (compatible; MSIE 9.0; Windows NT 6.1; 125LA; .NET CLR 2.0.50727; .NET CLR 3.0.04506.648; .NET CLR 3.5.21022)"
192.186.199.34 - - [05/Oct/2014:03:44:29 -0700] "POST /wp-cron.php?doing_wp_cron=1412505869.0379509925842285156250 HTTP/1.0" 200 - "-" "WordPress/3.9; http://hardhittinent.com"
130.185.109.243 - - [05/Oct/2014:03:44:28 -0700] "GET /robots.txt HTTP/1.1" 302 - "-" "PagesInventory (robot http://www.pagesinventory.com)"
130.185.109.243 - - [05/Oct/2014:03:44:29 -0700] "GET / HTTP/1.1" 302 - "-" "PagesInventory (robot +http://www.pagesinventory.com)"
192.186.199.34 - - [05/Oct/2014:04:14:10 -0700] "POST /wp-cron.php?doing_wp_cron=1412507650.3068580627441406250000 HTTP/1.0" 200 - "-" "WordPress/3.9; http://hardhittinent.com"
103.251.90.116 - - [05/Oct/2014:04:14:09 -0700] "POST /wp-login.php HTTP/1.1" 200 3188 "http://hardhittinent.com/wp-login.php" "[% tools.ua.random() %]"
192.186.199.34 - - [05/Oct/2014:04:19:48 -0700] "POST /wp-cron.php?doing_wp_cron=1412507988.9876511096954345703125 HTTP/1.0" 200 - "-" "WordPress/3.9; http://hardhittinent.com"
95.108.145.186 - - [05/Oct/2014:04:19:48 -0700] "GET /artist/kid-genius-tito-beats/ HTTP/1.1" 302 - "-" "Mozilla/5.0"
66.249.65.21 - - [05/Oct/2014:04:22:40 -0700] "GET /caine-curse-presents-im-on-off-of-the-new-and-upcoming-snown-season-mixtape-freetown/ HTTP/1.1" 302 - "-" "Mozilla/5.0 (iPhone; CPU iPhone OS 6_0 like Mac OS X) AppleWebKit/536.26 (KHTML, like Gecko) Version/6.0 Mobile/10A5376e Safari/8536.25 (compatible; Googlebot/2.1; +http://www.google.com/bot.html)"
192.186.199.34 - - [05/Oct/2014:04:22:40 -0700] "POST /wp-cron.php?doing_wp_cron=1412508160.7871980667114257812500 HTTP/1.0" 200 - "-" "WordPress/3.9; http://hardhittinent.com"
192.186.199.34 - - [05/Oct/2014:04:27:21 -0700] "POST /wp-cron.php?doing_wp_cron=1412508441.3557078838348388671875 HTTP/1.0" 200 - "-" "WordPress/3.9; http://hardhittinent.com"
66.249.65.17 - - [05/Oct/2014:04:27:20 -0700] "GET /wiz-what-they-talking-bout/ HTTP/1.1" 302 - "-" "Mozilla/5.0 (iPhone; CPU iPhone OS 6_0 like Mac OS X) AppleWebKit/536.26 (KHTML, like Gecko) Version/6.0 Mobile/10A5376e Safari/8536.25 (compatible; Googlebot/2.1; +http://www.google.com/bot.html)"
192.186.199.34 - - [05/Oct/2014:04:28:26 -0700] "POST /wp-cron.php?doing_wp_cron=1412508506.2480289936065673828125 HTTP/1.0" 200 - "-" "WordPress/3.9; http://hardhittinent.com"
66.249.65.21 - - [05/Oct/2014:04:28:25 -0700] "GET /hard-hittin-ent-presents-twin-lord-knows-rmx/ HTTP/1.1" 302 - "-" "Mozilla/5.0 (iPhone; CPU iPhone OS 6_0 like Mac OS X) AppleWebKit/536.26 (KHTML, like Gecko) Version/6.0 Mobile/10A5376e Safari/8536.25 (compatible; Googlebot/2.1; +http://www.google.com/bot.html)"
192.186.199.34 - - [05/Oct/2014:04:42:53 -0700] "POST /wp-cron.php?doing_wp_cron=1412509373.6067810058593750000000 HTTP/1.0" 200 - "-" "WordPress/3.9; http://hardhittinent.com"
148.251.69.136 - - [05/Oct/2014:04:42:53 -0700] "GET / HTTP/1.1" 302 - "-" "Mozilla/5.0 (X11; Ubuntu; Linux armv7l; rv:17.0) Gecko/20100101 Firefox/17.0"
192.186.199.34 - - [05/Oct/2014:04:59:40 -0700] "POST /wp-cron.php?doing_wp_cron=1412510380.8816831111907958984375 HTTP/1.0" 200 - "-" "WordPress/3.9; http://hardhittinent.com"
37.58.100.135 - - [05/Oct/2014:04:59:40 -0700] "GET /contact/ HTTP/1.1" 302 - "-" "Mozilla/5.0 (compatible; AhrefsBot/5.0; +http://ahrefs.com/robot/)"
123.125.71.51 - - [05/Oct/2014:05:20:31 -0700] "GET /wp-content/themes/replay/js/jquery.custom.js HTTP/1.1" 200 8141 "-" "Mozilla/5.0 (compatible; Baiduspider/2.0; +http://www.baidu.com/search/spider.html)"
192.186.199.34 - - [05/Oct/2014:05:35:13 -0700] "POST /wp-cron.php?doing_wp_cron=1412512513.1446719169616699218750 HTTP/1.0" 200 - "-" "WordPress/3.9; http://hardhittinent.com"
66.249.65.104 - - [05/Oct/2014:05:35:12 -0700] "GET / HTTP/1.1" 302 - "-" "Mozilla/5.0 (compatible; Googlebot/2.1; +http://www.google.com/bot.html)"
192.186.199.34 - - [05/Oct/2014:05:38:30 -0700] "POST /wp-cron.php?doing_wp_cron=1412512710.1137380599975585937500 HTTP/1.0" 200 - "-" "WordPress/3.9; http://hardhittinent.com"
180.76.6.143 - - [05/Oct/2014:05:38:29 -0700] "GET /artist/caine-curse HTTP/1.1" 302 - "-" "Mozilla/5.0 (Windows NT 6.1; WOW64) AppleWebKit/537.36 (KHTML, like Gecko) Chrome/36.0.1985.125 Safari/537.36"
192.186.199.34 - - [05/Oct/2014:05:39:51 -0700] "POST /wp-cron.php?doing_wp_cron=1412512791.3055989742279052734375 HTTP/1.0" 200 - "-" "WordPress/3.9; http://hardhittinent.com"
193.104.41.186 - - [05/Oct/2014:05:39:50 -0700] "POST /wp-login.php HTTP/1.1" 200 3200 "-" "Opera 10.00"
192.186.199.34 - - [05/Oct/2014:05:48:33 -0700] "POST /wp-cron.php?doing_wp_cron=1412513313.7157480716705322265625 HTTP/1.0" 200 - "-" "WordPress/3.9; http://hardhittinent.com"
94.23.28.193 - - [05/Oct/2014:05:48:33 -0700] "POST /wp-login.php HTTP/1.1" 200 3188 "http://hardhittinent.com/wp-login.php" "Mozilla/5.0 (Windows NT 6.1) AppleWebKit/537.36 (KHTML like Gecko) Chrome/34.0.1847.131 Safari/537.36"
83.96.132.85 - - [05/Oct/2014:05:48:54 -0700] "POST /wp-login.php HTTP/1.1" 200 3188 "http://hardhittinent.com/wp-login.php" "[% tools.ua.random() %]"
192.186.199.34 - - [05/Oct/2014:05:53:10 -0700] "POST /wp-cron.php?doing_wp_cron=1412513590.6068229675292968750000 HTTP/1.0" 200 - "-" "WordPress/3.9; http://hardhittinent.com"
31.193.192.184 - - [05/Oct/2014:05:53:09 -0700] "POST /wp-login.php HTTP/1.1" 200 3188 "http://hardhittinent.com/wp-login.php" "[% tools.ua.random() %]"
192.186.199.34 - - [05/Oct/2014:06:36:57 -0700] "POST /wp-cron.php?doing_wp_cron=1412516217.0319089889526367187500 HTTP/1.0" 200 - "-" "WordPress/3.9; http://hardhittinent.com"
5.255.253.184 - - [05/Oct/2014:06:36:56 -0700] "GET /robots.txt HTTP/1.1" 302 - "-" "Mozilla/5.0 (compatible; YandexBot/3.0; +http://yandex.com/bots)"
5.255.253.184 - - [05/Oct/2014:06:36:59 -0700] "GET /sitemap.xml HTTP/1.1" 200 1463 "-" "Mozilla/5.0 (compatible; YandexBot/3.0; +http://yandex.com/bots)"
220.181.108.123 - - [05/Oct/2014:07:00:59 -0700] "GET /wp-content/uploads/2014/02/unnamed.jpg HTTP/1.1" 200 296638 "http://image.baidu.com/i?ct=503316480&z=0&tn=baiduimagedetail" "Baiduspider-image+(+http://www.baidu.com/search/spider.htm)"
66.249.65.17 - - [05/Oct/2014:07:33:43 -0700] "GET /wp-content/uploads/2012/10/WIZTWINCAIN_CURSETITO_BEATS_HARD_HITTIN_ENT_A-front-large.jpg HTTP/1.1" 200 161486 "-" "Googlebot-Image/1.0"
192.186.199.34 - - [05/Oct/2014:07:55:24 -0700] "POST /wp-cron.php?doing_wp_cron=1412520924.7284960746765136718750 HTTP/1.0" 200 - "-" "WordPress/3.9; http://hardhittinent.com"
146.148.84.116 - - [05/Oct/2014:07:55:23 -0700] "GET / HTTP/1.0" 302 - "-" "NerdyBot"
192.186.199.34 - - [05/Oct/2014:08:40:42 -0700] "POST /wp-cron.php?doing_wp_cron=1412523642.1174609661102294921875 HTTP/1.0" 200 - "-" "WordPress/3.9; http://hardhittinent.com"
123.125.71.100 - - [05/Oct/2014:08:40:41 -0700] "GET /releases/ HTTP/1.1" 302 - "-" "Mozilla/5.0 (compatible; Baiduspider/2.0; +http://www.baidu.com/search/spider.html)"
192.186.199.34 - - [05/Oct/2014:08:45:38 -0700] "POST /wp-cron.php?doing_wp_cron=1412523938.8873150348663330078125 HTTP/1.0" 200 - "-" "WordPress/3.9; http://hardhittinent.com"
173.252.101.115 - - [05/Oct/2014:08:45:38 -0700] "GET / HTTP/1.1" 302 - "-" "facebookexternalhit/1.1 (+http://www.facebook.com/externalhit_uatext.php)"
192.186.199.34 - - [05/Oct/2014:09:00:54 -0700] "POST /wp-cron.php?doing_wp_cron=1412524854.6759200096130371093750 HTTP/1.0" 200 - "-" "WordPress/3.9; http://hardhittinent.com"
195.211.155.210 - - [05/Oct/2014:09:00:54 -0700] "GET /twin-wiz-double-cups/ HTTP/1.0" 302 - "http://hardhittinent.com/twin-wiz-double-cups/#comment-45" "Mozilla/5.0 (Windows NT 6.3; WOW64) AppleWebKit/537.36 (KHTML, like Gecko) Chrome/36.0.1985.143 Safari/537.36"
37.58.100.138 - - [05/Oct/2014:09:30:57 -0700] "GET /news/ HTTP/1.1" 302 - "-" "Mozilla/5.0 (compatible; AhrefsBot/5.0; +http://ahrefs.com/robot/)"
192.186.199.34 - - [05/Oct/2014:09:30:58 -0700] "POST /wp-cron.php?doing_wp_cron=1412526658.4424159526824951171875 HTTP/1.0" 200 - "-" "WordPress/3.9; http://hardhittinent.com"
192.186.199.34 - - [05/Oct/2014:09:40:50 -0700] "POST /wp-cron.php?doing_wp_cron=1412527250.6733639240264892578125 HTTP/1.0" 200 - "-" "WordPress/3.9; http://hardhittinent.com"
66.249.65.21 - - [05/Oct/2014:09:40:50 -0700] "GET /events/ HTTP/1.1" 302 - "-" "Mozilla/5.0 (compatible; Googlebot/2.1; +http://www.google.com/bot.html)"
66.249.65.21 - - [05/Oct/2014:09:56:44 -0700] "GET /sitemap.xml HTTP/1.1" 200 1463 "-" "Mozilla/5.0 (compatible; Googlebot/2.1; +http://www.google.com/bot.html)"
192.186.199.34 - - [05/Oct/2014:10:13:45 -0700] "POST /wp-cron.php?doing_wp_cron=1412529225.6662969589233398437500 HTTP/1.0" 200 - "-" "WordPress/3.9; http://hardhittinent.com"
50.2.223.207 - - [05/Oct/2014:10:13:35 -0700] "POST /wp-login.php HTTP/1.1" 200 3188 "http://hardhittinent.com/wp-login.php" "[% tools.ua.random() %]"
173.255.118.55 - - [05/Oct/2014:10:13:53 -0700] "GET / HTTP/1.0" 302 - "-" "NerdyBot"
192.186.199.34 - - [05/Oct/2014:10:20:48 -0700] "POST /wp-cron.php?doing_wp_cron=1412529648.6227018833160400390625 HTTP/1.0" 200 - "-" "WordPress/3.9; http://hardhittinent.com"
108.81.198.47 - - [05/Oct/2014:10:20:48 -0700] "GET / HTTP/1.1" 302 - "http://semalt.semalt.com/crawler.php?u=http://hardhittinent.com" "Mozilla/5.0 (Windows NT 6.1; WOW64) AppleWebKit/537.36 (KHTML, like Gecko) Chrome/36.0.1985.143 Safari/537.36"
192.186.199.34 - - [05/Oct/2014:10:25:51 -0700] "POST /wp-cron.php?doing_wp_cron=1412529951.5508530139923095703125 HTTP/1.0" 200 - "-" "WordPress/3.9; http://hardhittinent.com"
66.249.65.104 - - [05/Oct/2014:10:25:51 -0700] "GET /robots.txt HTTP/1.1" 302 - "-" "Mozilla/5.0 (compatible; Googlebot/2.1; +http://www.google.com/bot.html)"
66.249.65.100 - - [05/Oct/2014:10:25:52 -0700] "GET / HTTP/1.1" 302 - "-" "Mozilla/5.0 (compatible; Googlebot/2.1; +http://www.google.com/bot.html)"
192.186.199.34 - - [05/Oct/2014:11:45:11 -0700] "POST /wp-cron.php?doing_wp_cron=1412534711.3596301078796386718750 HTTP/1.0" 200 - "-" "WordPress/3.9; http://hardhittinent.com"
212.82.217.9 - - [05/Oct/2014:11:45:10 -0700] "POST /wp-login.php HTTP/1.1" 200 3188 "http://hardhittinent.com/wp-login.php" "Mozilla/4.0 (compatible; MSIE 8.0; Windows NT 6.1; WOW64; Trident/4.0; SLCC2; .NET CLR 2.0.50727; .NET CLR 3.5.30729; .NET CLR 3.0.30729; Media Center PC 6.0)"
192.186.199.34 - - [05/Oct/2014:11:47:23 -0700] "POST /wp-cron.php?doing_wp_cron=1412534843.0738151073455810546875 HTTP/1.0" 200 - "-" "WordPress/3.9; http://hardhittinent.com"
195.211.155.165 - - [05/Oct/2014:11:47:22 -0700] "GET /twin-wiz-double-cups/ HTTP/1.1" 302 - "-" "Mozilla/4.0 (compatible; MSIE 6.0; Windows NT 5.1)"
195.211.155.165 - - [05/Oct/2014:11:47:25 -0700] "POST /twin-wiz-double-cups/trackback/ HTTP/1.1" 302 - "http://hardhittinent.com/twin-wiz-double-cups/" "Mozilla/4.0 (compatible; MSIE 6.0; Windows NT 5.1; SV1; Mozilla/4.0 (compatible; MSIE 6.0; Windows NT 5.1; SV1) ; .NET CLR 1.0.3705)"
192.186.199.34 - - [05/Oct/2014:11:54:59 -0700] "POST /wp-cron.php?doing_wp_cron=1412535299.2357289791107177734375 HTTP/1.0" 200 - "-" "WordPress/3.9; http://hardhittinent.com"
203.195.184.151 - - [05/Oct/2014:11:54:58 -0700] "POST /wp-login.php HTTP/1.1" 200 3188 "http://hardhittinent.com/wp-login.php" "[% tools.ua.random() %]"
180.76.5.191 - - [05/Oct/2014:11:55:59 -0700] "GET /artist/caine-curse HTTP/1.1" 302 - "-" "Mozilla/5.0 (Windows NT 6.1; WOW64) AppleWebKit/537.36 (KHTML, like Gecko) Chrome/36.0.1985.125 Safari/537.36"
192.186.199.34 - - [05/Oct/2014:12:07:38 -0700] "POST /wp-cron.php?doing_wp_cron=1412536058.9911470413208007812500 HTTP/1.0" 200 - "-" "WordPress/3.9; http://hardhittinent.com"
191.233.103.180 - - [05/Oct/2014:12:07:38 -0700] "GET /wp-content/plugins/wysija-newsletters/readme.txt HTTP/1.1" 302 - "http://hardhittinent.com/wp-content/plugins/wysija-newsletters/readme.txt" "Mozilla/5.0 (Windows NT 6.3; WOW64; rv:32.0) Gecko/20100101 Firefox/32.0"
37.58.100.136 - - [05/Oct/2014:12:36:18 -0700] "GET /video/great-dame-fuck-dem-feat-wiz-dolla-waxhug-films-official/ HTTP/1.1" 302 - "-" "Mozilla/5.0 (compatible; AhrefsBot/5.0; +http://ahrefs.com/robot/)"
192.186.199.34 - - [05/Oct/2014:12:36:19 -0700] "POST /wp-cron.php?doing_wp_cron=1412537779.2276480197906494140625 HTTP/1.0" 200 - "-" "WordPress/3.9; http://hardhittinent.com"
64.246.165.190 - - [05/Oct/2014:13:11:39 -0700] "GET /robots.txt HTTP/1.0" 302 - "-" "Mozilla/5.0 (Windows; U; Windows NT 5.1; en; rv:1.9.0.13) Gecko/2009073022 Firefox/3.5.2 (.NET CLR 3.5.30729) SurveyBot/2.3 (DomainTools)"
192.186.199.34 - - [05/Oct/2014:13:11:42 -0700] "POST /wp-cron.php?doing_wp_cron=1412539902.8301990032196044921875 HTTP/1.0" 200 - "-" "WordPress/3.9; http://hardhittinent.com"
64.246.165.190 - - [05/Oct/2014:13:11:44 -0700] "GET / HTTP/1.1" 302 - "http://whois.domaintools.com/hardhittinent.com" "Mozilla/5.0 (Windows; U; Windows NT 5.1; en; rv:1.9.0.13) Gecko/2009073022 Firefox/3.5.2 (.NET CLR 3.5.30729) SurveyBot/2.3 (DomainTools)"
192.186.199.34 - - [05/Oct/2014:13:23:19 -0700] "POST /wp-cron.php?doing_wp_cron=1412540599.5167369842529296875000 HTTP/1.0" 200 - "-" "WordPress/3.9; http://hardhittinent.com"
64.34.173.227 - - [05/Oct/2014:13:23:18 -0700] "POST /wp-login.php HTTP/1.1" 200 3188 "http://hardhittinent.com/wp-login.php" "[% tools.ua.random() %]"
220.181.108.119 - - [05/Oct/2014:13:23:46 -0700] "GET /hard-hittin-ent/the-answer-astonmartinpiff-wizhardhittinent/recommended HTTP/1.1" 302 - "-" "Mozilla/5.0 (compatible; Baiduspider/2.0; +http://www.baidu.com/search/spider.html)"
66.249.65.21 - - [05/Oct/2014:14:35:12 -0700] "GET /wp-content/uploads/2014/01/Various_Artists_508_Alliance-front-large.jpg HTTP/1.1" 200 338264 "-" "Googlebot-Image/1.0"
192.186.199.34 - - [05/Oct/2014:14:56:15 -0700] "POST /wp-cron.php?doing_wp_cron=1412546175.3748350143432617187500 HTTP/1.0" 200 - "-" "WordPress/3.9; http://hardhittinent.com"
5.255.253.184 - - [05/Oct/2014:14:56:14 -0700] "GET /robots.txt HTTP/1.1" 302 - "-" "Mozilla/5.0 (compatible; YandexBot/3.0; +http://yandex.com/bots)"
5.255.253.184 - - [05/Oct/2014:14:56:16 -0700] "GET / HTTP/1.1" 302 - "-" "Mozilla/5.0 (compatible; YandexBot/3.0; +http://yandex.com/bots)"
5.255.253.184 - - [05/Oct/2014:14:56:18 -0700] "GET / HTTP/1.1" 302 - "-" "Mozilla/5.0 (compatible; YandexBot/3.0; +http://yandex.com/bots)"
66.249.65.21 - - [05/Oct/2014:14:57:46 -0700] "GET /wp-content/uploads/2014/06/Hard_Hittin_Ent_508_Alliance_Vol2-front-large.jpg HTTP/1.1" 200 278408 "-" "Googlebot-Image/1.0"
192.186.199.34 - - [05/Oct/2014:15:29:18 -0700] "POST /wp-cron.php?doing_wp_cron=1412548158.1786320209503173828125 HTTP/1.0" 200 - "-" "WordPress/3.9; http://hardhittinent.com"
180.76.5.154 - - [05/Oct/2014:15:29:17 -0700] "GET /great-dame-fuck-dem-feat-wiz-dolla-waxhug-films-official/ HTTP/1.1" 302 - "-" "Mozilla/5.0 (compatible; Baiduspider/2.0; +http://www.baidu.com/search/spider.html)"
192.186.199.34 - - [05/Oct/2014:15:44:18 -0700] "POST /wp-cron.php?doing_wp_cron=1412549058.3158071041107177734375 HTTP/1.0" 200 - "-" "WordPress/3.9; http://hardhittinent.com"
202.46.48.100 - - [05/Oct/2014:15:44:17 -0700] "GET /great-dame-fuck-dem-feat-wiz-dolla-waxhug-films-official/ HTTP/1.1" 302 - "-" "Mozilla/5.0 (Windows NT 6.1; WOW64; rv:22.0) Gecko/20100101 Firefox/22.0"
192.186.199.34 - - [05/Oct/2014:15:58:45 -0700] "POST /wp-cron.php?doing_wp_cron=1412549925.2207689285278320312500 HTTP/1.0" 200 - "-" "WordPress/3.9; http://hardhittinent.com"
107.170.22.130 - - [05/Oct/2014:15:58:44 -0700] "GET /robots.txt HTTP/1.1" 302 - "-" "Mozilla/5.0 (compatible; spbot/4.3.0; +http://OpenLinkProfiler.org/bot )"
107.170.22.130 - - [05/Oct/2014:15:58:50 -0700] "GET / HTTP/1.1" 302 - "-" "Mozilla/5.0 (compatible; spbot/4.3.0; +http://OpenLinkProfiler.org/bot )"
192.186.199.34 - - [05/Oct/2014:16:36:51 -0700] "POST /wp-cron.php?doing_wp_cron=1412552211.4365670680999755859375 HTTP/1.0" 200 - "-" "WordPress/3.9; http://hardhittinent.com"
157.55.39.231 - - [05/Oct/2014:16:36:50 -0700] "GET /robots.txt HTTP/1.1" 302 - "-" "Mozilla/5.0 (compatible; bingbot/2.0; +http://www.bing.com/bingbot.htm)"
157.55.39.231 - - [05/Oct/2014:16:36:59 -0700] "GET /artist/kid-genius-tito-beats/ HTTP/1.1" 302 - "-" "Mozilla/5.0 (compatible; bingbot/2.0; +http://www.bing.com/bingbot.htm)"
201.11.3.165 - - [05/Oct/2014:17:02:55 -0700] "GET / HTTP/1.1" 302 - "http://semalt.semalt.com/crawler.php?u=http://hardhittinent.com" "Mozilla/5.0 (Windows NT 6.1; WOW64) AppleWebKit/537.36 (KHTML, like Gecko) Chrome/36.0.1985.143 Safari/537.36"
192.186.199.34 - - [05/Oct/2014:17:02:56 -0700] "POST /wp-cron.php?doing_wp_cron=1412553776.1832730770111083984375 HTTP/1.0" 200 - "-" "WordPress/3.9; http://hardhittinent.com"
188.165.201.137 - - [05/Oct/2014:17:55:49 -0700] "POST /wp-login.php HTTP/1.1" 200 3188 "http://hardhittinent.com/wp-login.php" "[% tools.ua.random() %]"
192.186.199.34 - - [05/Oct/2014:17:55:54 -0700] "POST /wp-cron.php?doing_wp_cron=1412556954.6972041130065917968750 HTTP/1.0" 200 - "-" "WordPress/3.9; http://hardhittinent.com"
192.186.199.34 - - [05/Oct/2014:19:33:18 -0700] "POST /wp-cron.php?doing_wp_cron=1412562798.3037159442901611328125 HTTP/1.0" 200 - "-" "WordPress/3.9; http://hardhittinent.com"
