38.97.127.10 - - [30/Sep/2014:09:47:15 -0700] "GET /wp-admin/admin-ajax.php?action=gad_fill_dp&cookie=__utma%3D269947880.1433401648.1409709610.1410481569.1412095619.4%3B%20__utmb%3D269947880.2.10.1412095619%3B%20__utmc%3D269947880%3B%20__utmz%3D269947880.1409945778.1.1.utmcsr%3D(direct)%7Cutmccn%3D(direct)%7Cutmcmd%3D(none)%3B%20_ga%3DGA1.2.1433401648.1409709610%3B%20_gat%3D1%3B%20wordpress_test_cookie%3DWP%2BCookie%2Bcheck%3B%20wp-settings-4%3DlibraryContent%253Dbrowse%3B%20wp-settings-time-4%3D1409966540&rndval=1412095635919 HTTP/1.1" 200 3155 "http://hardhittinent.com/wp-admin/" "Mozilla/5.0 (Macintosh; Intel Mac OS X 10_9_4) AppleWebKit/537.77.4 (KHTML, like Gecko) Version/7.0.5 Safari/537.77.4"
38.97.127.10 - - [30/Sep/2014:09:47:24 -0700] "GET /wp-admin/options-general.php?page=wp_redirect_options HTTP/1.1" 200 40122 "http://hardhittinent.com/wp-admin/" "Mozilla/5.0 (Macintosh; Intel Mac OS X 10_9_4) AppleWebKit/537.77.4 (KHTML, like Gecko) Version/7.0.5 Safari/537.77.4"
38.97.127.10 - - [30/Sep/2014:09:47:25 -0700] "GET /wp-admin/load-scripts.php?c=1&load%5B%5D=jquery-core,jquery-migrate,utils,sack&ver=3.9 HTTP/1.1" 200 41214 "http://hardhittinent.com/wp-admin/options-general.php?page=wp_redirect_options" "Mozilla/5.0 (Macintosh; Intel Mac OS X 10_9_4) AppleWebKit/537.77.4 (KHTML, like Gecko) Version/7.0.5 Safari/537.77.4"
38.97.127.10 - - [30/Sep/2014:09:47:25 -0700] "GET /wp-admin/load-scripts.php?c=1&load%5B%5D=hoverIntent,common,admin-bar,svg-painter,heartbeat,wp-auth-check,jquery-ui-core,jquery-ui-widget,jquery-ui-mouse,jquery-ui-dragg&load%5B%5D=able,jquery-ui-slider,jquery-touch-punch,iris,wp-color-picker,thickbox,underscore,shortcode,media-upload,jquery-ui-datepicker,ba&load%5B%5D=ckbone&ver=3.9 HTTP/1.1" 200 61670 "http://hardhittinent.com/wp-admin/options-general.php?page=wp_redirect_options" "Mozilla/5.0 (Macintosh; Intel Mac OS X 10_9_4) AppleWebKit/537.77.4 (KHTML, like Gecko) Version/7.0.5 Safari/537.77.4"
38.97.127.10 - - [30/Sep/2014:09:47:27 -0700] "POST /wp-admin/options.php HTTP/1.1" 302 - "http://hardhittinent.com/wp-admin/options-general.php?page=wp_redirect_options" "Mozilla/5.0 (Macintosh; Intel Mac OS X 10_9_4) AppleWebKit/537.77.4 (KHTML, like Gecko) Version/7.0.5 Safari/537.77.4"
38.97.127.10 - - [30/Sep/2014:09:47:28 -0700] "GET /wp-admin/options-general.php?page=wp_redirect_options&settings-updated=true HTTP/1.1" 200 40295 "http://hardhittinent.com/wp-admin/options-general.php?page=wp_redirect_options" "Mozilla/5.0 (Macintosh; Intel Mac OS X 10_9_4) AppleWebKit/537.77.4 (KHTML, like Gecko) Version/7.0.5 Safari/537.77.4"
38.97.127.10 - - [30/Sep/2014:09:47:36 -0700] "GET / HTTP/1.1" 200 50790 "-" "Mozilla/5.0 (Macintosh; Intel Mac OS X 10_9_4) AppleWebKit/537.77.4 (KHTML, like Gecko) Version/7.0.5 Safari/537.77.4"
38.97.127.10 - - [30/Sep/2014:09:47:38 -0700] "GET /wp-content/uploads/2014/04/01-BONAFIDE-HUSTLA-TWIN-LEFTY.mp3 HTTP/1.1" 206 2 "http://hardhittinent.com/" "Mozilla/5.0 (Macintosh; Intel Mac OS X 10_9_4) AppleWebKit/537.77.4 (KHTML, like Gecko) Version/7.0.5 Safari/537.77.4"
38.97.127.10 - - [30/Sep/2014:09:47:38 -0700] "GET /wp-admin/admin.php?page=stats&noheader&proxy&chart=admin-bar-hours-scale-2x HTTP/1.1" 200 736 "http://hardhittinent.com/" "Mozilla/5.0 (Macintosh; Intel Mac OS X 10_9_4) AppleWebKit/537.77.4 (KHTML, like Gecko) Version/7.0.5 Safari/537.77.4"
38.97.127.10 - - [30/Sep/2014:09:47:41 -0700] "GET / HTTP/1.1" 200 50790 "-" "Mozilla/5.0 (Macintosh; Intel Mac OS X 10_9_4) AppleWebKit/537.77.4 (KHTML, like Gecko) Version/7.0.5 Safari/537.77.4"
38.97.127.10 - - [30/Sep/2014:09:47:38 -0700] "GET /wp-content/uploads/2014/04/01-BONAFIDE-HUSTLA-TWIN-LEFTY.mp3 HTTP/1.1" 206 3052958 "http://hardhittinent.com/" "Mozilla/5.0 (Macintosh; Intel Mac OS X 10_9_4) AppleWebKit/537.77.4 (KHTML, like Gecko) Version/7.0.5 Safari/537.77.4"
38.97.127.10 - - [30/Sep/2014:09:47:43 -0700] "GET /wp-content/uploads/2014/04/01-BONAFIDE-HUSTLA-TWIN-LEFTY.mp3 HTTP/1.1" 304 - "http://hardhittinent.com/" "Mozilla/5.0 (Macintosh; Intel Mac OS X 10_9_4) AppleWebKit/537.77.4 (KHTML, like Gecko) Version/7.0.5 Safari/537.77.4"
38.97.127.10 - - [30/Sep/2014:09:47:42 -0700] "GET /wp-admin/admin.php?page=stats&noheader&proxy&chart=admin-bar-hours-scale-2x HTTP/1.1" 200 736 "http://hardhittinent.com/" "Mozilla/5.0 (Macintosh; Intel Mac OS X 10_9_4) AppleWebKit/537.77.4 (KHTML, like Gecko) Version/7.0.5 Safari/537.77.4"
50.19.185.20 - - [30/Sep/2014:09:47:44 -0700] "GET /work-dat-video?utm_campaign=worldstarhiphop&utm_medium=shared_link&utm_source=wiz HTTP/1.1" 301 - "http://google.com" "Mozilla/5.0 (compatible; Googlebot/2.1; +http://www.google.com/bot.html)"
38.97.127.10 - - [30/Sep/2014:09:47:43 -0700] "GET /wp-content/uploads/2014/04/01-BONAFIDE-HUSTLA-TWIN-LEFTY.mp3 HTTP/1.1" 206 1453268 "http://hardhittinent.com/" "Mozilla/5.0 (Macintosh; Intel Mac OS X 10_9_4) AppleWebKit/537.77.4 (KHTML, like Gecko) Version/7.0.5 Safari/537.77.4"
38.97.127.10 - - [30/Sep/2014:09:47:55 -0700] "GET / HTTP/1.1" 200 50790 "-" "Mozilla/5.0 (Macintosh; Intel Mac OS X 10_9_4) AppleWebKit/537.36 (KHTML, like Gecko) Chrome/37.0.2062.122 Safari/537.36"
38.97.127.10 - - [30/Sep/2014:09:47:56 -0700] "GET /wp-admin/admin.php?page=stats&noheader&proxy&chart=admin-bar-hours-scale-2x HTTP/1.1" 200 736 "http://hardhittinent.com/" "Mozilla/5.0 (Macintosh; Intel Mac OS X 10_9_4) AppleWebKit/537.36 (KHTML, like Gecko) Chrome/37.0.2062.122 Safari/537.36"
38.97.127.10 - - [30/Sep/2014:09:48:31 -0700] "GET /work-dat-video?utm_campaign=worldstarhiphop&utm_medium=shared_link&utm_source=oski HTTP/1.1" 301 - "-" "Mozilla/5.0 (Macintosh; Intel Mac OS X 10_9_4) AppleWebKit/537.77.4 (KHTML, like Gecko) Version/7.0.5 Safari/537.77.4"
192.186.199.34 - - [30/Sep/2014:09:48:31 -0700] "POST /wp-cron.php?doing_wp_cron=1412095711.9245500564575195312500 HTTP/1.0" 200 - "-" "WordPress/3.9; http://hardhittinent.com"
38.97.127.10 - - [30/Sep/2014:09:48:30 -0700] "POST /wp-admin/admin-ajax.php HTTP/1.1" 200 47 "http://hardhittinent.com/wp-admin/options-general.php?page=wp_redirect_options&settings-updated=true" "Mozilla/5.0 (Macintosh; Intel Mac OS X 10_9_4) AppleWebKit/537.77.4 (KHTML, like Gecko) Version/7.0.5 Safari/537.77.4"
46.236.26.102 - - [30/Sep/2014:09:48:31 -0700] "GET /work-dat-video HTTP/1.1" 301 - "-" "Mozilla/5.0 (TweetmemeBot/4.0; +http://datasift.com/bot.html) Gecko/20100101 Firefox/31.0"
38.97.127.10 - - [30/Sep/2014:09:48:39 -0700] "GET / HTTP/1.1" 200 50790 "-" "Mozilla/5.0 (Macintosh; Intel Mac OS X 10_9_4) AppleWebKit/537.77.4 (KHTML, like Gecko) Version/7.0.5 Safari/537.77.4"
38.97.127.10 - - [30/Sep/2014:09:48:44 -0700] "GET /wp-content/uploads/2014/04/01-BONAFIDE-HUSTLA-TWIN-LEFTY.mp3 HTTP/1.1" 206 2 "http://hardhittinent.com/" "Mozilla/5.0 (Macintosh; Intel Mac OS X 10_9_4) AppleWebKit/537.77.4 (KHTML, like Gecko) Version/7.0.5 Safari/537.77.4"
38.97.127.10 - - [30/Sep/2014:09:48:44 -0700] "GET /wp-admin/admin.php?page=stats&noheader&proxy&chart=admin-bar-hours-scale-2x HTTP/1.1" 200 736 "http://hardhittinent.com/" "Mozilla/5.0 (Macintosh; Intel Mac OS X 10_9_4) AppleWebKit/537.77.4 (KHTML, like Gecko) Version/7.0.5 Safari/537.77.4"
38.97.127.10 - - [30/Sep/2014:09:48:44 -0700] "GET /wp-content/uploads/2014/04/01-BONAFIDE-HUSTLA-TWIN-LEFTY.mp3 HTTP/1.1" 206 3052958 "http://hardhittinent.com/" "Mozilla/5.0 (Macintosh; Intel Mac OS X 10_9_4) AppleWebKit/537.77.4 (KHTML, like Gecko) Version/7.0.5 Safari/537.77.4"
38.97.127.10 - - [30/Sep/2014:09:48:58 -0700] "GET /wp-admin/ HTTP/1.1" 200 77368 "http://hardhittinent.com/" "Mozilla/5.0 (Macintosh; Intel Mac OS X 10_9_4) AppleWebKit/537.36 (KHTML, like Gecko) Chrome/37.0.2062.122 Safari/537.36"
38.97.127.10 - - [30/Sep/2014:09:49:00 -0700] "GET /wp-admin/admin.php?page=stats&noheader&dashboard&width=890 HTTP/1.1" 200 4220 "http://hardhittinent.com/wp-admin/" "Mozilla/5.0 (Macintosh; Intel Mac OS X 10_9_4) AppleWebKit/537.36 (KHTML, like Gecko) Chrome/37.0.2062.122 Safari/537.36"
38.97.127.10 - - [30/Sep/2014:09:48:59 -0700] "GET /wp-admin/admin-ajax.php?action=gad_fill_dp&cookie=wp-settings-4%3DlibraryContent%253Dbrowse%3B%20wp-settings-time-4%3D1409945156%3B%20__utma%3D269947880.1502001607.1409713973.1411925372.1412095677.6%3B%20__utmb%3D269947880.1.10.1412095677%3B%20__utmc%3D269947880%3B%20__utmz%3D269947880.1409945137.1.1.utmcsr%3D(direct)%7Cutmccn%3D(direct)%7Cutmcmd%3D(none)%3B%20_ga%3DGA1.2.1502001607.1409713973%3B%20_gat%3D1&rndval=1412095739940 HTTP/1.1" 200 3158 "http://hardhittinent.com/wp-admin/" "Mozilla/5.0 (Macintosh; Intel Mac OS X 10_9_4) AppleWebKit/537.36 (KHTML, like Gecko) Chrome/37.0.2062.122 Safari/537.36"
38.97.127.10 - - [30/Sep/2014:09:49:01 -0700] "POST /wp-admin/admin.php?page=stats&noheader&chart=flot-stats-data HTTP/1.1" 200 10696 "http://hardhittinent.com/wp-admin/" "Mozilla/5.0 (Macintosh; Intel Mac OS X 10_9_4) AppleWebKit/537.36 (KHTML, like Gecko) Chrome/37.0.2062.122 Safari/537.36"
38.97.127.10 - - [30/Sep/2014:09:49:04 -0700] "GET /wp-admin/options-general.php?page=wp_redirect_options HTTP/1.1" 200 40122 "http://hardhittinent.com/wp-admin/" "Mozilla/5.0 (Macintosh; Intel Mac OS X 10_9_4) AppleWebKit/537.36 (KHTML, like Gecko) Chrome/37.0.2062.122 Safari/537.36"
38.97.127.10 - - [30/Sep/2014:09:49:18 -0700] "POST /wp-admin/options.php HTTP/1.1" 302 - "http://hardhittinent.com/wp-admin/options-general.php?page=wp_redirect_options" "Mozilla/5.0 (Macintosh; Intel Mac OS X 10_9_4) AppleWebKit/537.36 (KHTML, like Gecko) Chrome/37.0.2062.122 Safari/537.36"
38.97.127.10 - - [30/Sep/2014:09:49:18 -0700] "GET /wp-admin/options-general.php?page=wp_redirect_options&settings-updated=true HTTP/1.1" 200 40288 "http://hardhittinent.com/wp-admin/options-general.php?page=wp_redirect_options" "Mozilla/5.0 (Macintosh; Intel Mac OS X 10_9_4) AppleWebKit/537.36 (KHTML, like Gecko) Chrome/37.0.2062.122 Safari/537.36"
38.97.127.10 - - [30/Sep/2014:09:49:22 -0700] "POST /wp-admin/options.php HTTP/1.1" 302 - "http://hardhittinent.com/wp-admin/options-general.php?page=wp_redirect_options&settings-updated=true" "Mozilla/5.0 (Macintosh; Intel Mac OS X 10_9_4) AppleWebKit/537.36 (KHTML, like Gecko) Chrome/37.0.2062.122 Safari/537.36"
38.97.127.10 - - [30/Sep/2014:09:49:22 -0700] "GET /wp-admin/options-general.php?page=wp_redirect_options&settings-updated=true HTTP/1.1" 200 40295 "http://hardhittinent.com/wp-admin/options-general.php?page=wp_redirect_options&settings-updated=true" "Mozilla/5.0 (Macintosh; Intel Mac OS X 10_9_4) AppleWebKit/537.36 (KHTML, like Gecko) Chrome/37.0.2062.122 Safari/537.36"
38.97.127.10 - - [30/Sep/2014:09:49:31 -0700] "GET / HTTP/1.1" 200 50790 "-" "Mozilla/5.0 (Macintosh; Intel Mac OS X 10_9_4) AppleWebKit/537.36 (KHTML, like Gecko) Chrome/37.0.2062.122 Safari/537.36"
38.97.127.10 - - [30/Sep/2014:09:49:32 -0700] "GET /wp-admin/admin.php?page=stats&noheader&proxy&chart=admin-bar-hours-scale-2x HTTP/1.1" 200 736 "http://hardhittinent.com/" "Mozilla/5.0 (Macintosh; Intel Mac OS X 10_9_4) AppleWebKit/537.36 (KHTML, like Gecko) Chrome/37.0.2062.122 Safari/537.36"
38.97.127.10 - - [30/Sep/2014:09:49:38 -0700] "GET / HTTP/1.1" 200 50790 "http://hardhittinent.com/" "Mozilla/5.0 (Macintosh; Intel Mac OS X 10_9_4) AppleWebKit/537.36 (KHTML, like Gecko) Chrome/37.0.2062.122 Safari/537.36"
38.97.127.10 - - [30/Sep/2014:09:49:39 -0700] "GET /wp-admin/admin.php?page=stats&noheader&proxy&chart=admin-bar-hours-scale-2x HTTP/1.1" 200 736 "http://hardhittinent.com/" "Mozilla/5.0 (Macintosh; Intel Mac OS X 10_9_4) AppleWebKit/537.36 (KHTML, like Gecko) Chrome/37.0.2062.122 Safari/537.36"
38.97.127.10 - - [30/Sep/2014:09:49:40 -0700] "GET /videos/ HTTP/1.1" 200 30961 "http://hardhittinent.com/" "Mozilla/5.0 (Macintosh; Intel Mac OS X 10_9_4) AppleWebKit/537.36 (KHTML, like Gecko) Chrome/37.0.2062.122 Safari/537.36"
38.97.127.10 - - [30/Sep/2014:09:49:41 -0700] "GET /wp-content/themes/replay/images/page_title_bg.png HTTP/1.1" 200 2206 "http://hardhittinent.com/wp-content/themes/replay/style.css?ver=3.9" "Mozilla/5.0 (Macintosh; Intel Mac OS X 10_9_4) AppleWebKit/537.36 (KHTML, like Gecko) Chrome/37.0.2062.122 Safari/537.36"
38.97.127.10 - - [30/Sep/2014:09:49:41 -0700] "GET /wp-content/themes/replay/images/video_thumb_bg.png HTTP/1.1" 200 1087 "http://hardhittinent.com/wp-content/themes/replay/style.css?ver=3.9" "Mozilla/5.0 (Macintosh; Intel Mac OS X 10_9_4) AppleWebKit/537.36 (KHTML, like Gecko) Chrome/37.0.2062.122 Safari/537.36"
38.97.127.10 - - [30/Sep/2014:09:49:41 -0700] "GET /wp-content/uploads/2014/04/mqdefault.jpg HTTP/1.1" 200 4983 "http://hardhittinent.com/videos/" "Mozilla/5.0 (Macintosh; Intel Mac OS X 10_9_4) AppleWebKit/537.36 (KHTML, like Gecko) Chrome/37.0.2062.122 Safari/537.36"
38.97.127.10 - - [30/Sep/2014:09:49:41 -0700] "GET /wp-content/uploads/2014/02/mqdefault-6.jpg HTTP/1.1" 200 9910 "http://hardhittinent.com/videos/" "Mozilla/5.0 (Macintosh; Intel Mac OS X 10_9_4) AppleWebKit/537.36 (KHTML, like Gecko) Chrome/37.0.2062.122 Safari/537.36"
38.97.127.10 - - [30/Sep/2014:09:49:41 -0700] "GET /wp-content/uploads/2014/02/mqdefault-7.jpg HTTP/1.1" 200 8773 "http://hardhittinent.com/videos/" "Mozilla/5.0 (Macintosh; Intel Mac OS X 10_9_4) AppleWebKit/537.36 (KHTML, like Gecko) Chrome/37.0.2062.122 Safari/537.36"
38.97.127.10 - - [30/Sep/2014:09:49:41 -0700] "GET /wp-content/uploads/2014/02/mqdefault-5.jpg HTTP/1.1" 200 8958 "http://hardhittinent.com/videos/" "Mozilla/5.0 (Macintosh; Intel Mac OS X 10_9_4) AppleWebKit/537.36 (KHTML, like Gecko) Chrome/37.0.2062.122 Safari/537.36"
38.97.127.10 - - [30/Sep/2014:09:49:41 -0700] "GET /wp-content/uploads/2014/02/mqdefault-3.jpg HTTP/1.1" 200 8838 "http://hardhittinent.com/videos/" "Mozilla/5.0 (Macintosh; Intel Mac OS X 10_9_4) AppleWebKit/537.36 (KHTML, like Gecko) Chrome/37.0.2062.122 Safari/537.36"
38.97.127.10 - - [30/Sep/2014:09:49:41 -0700] "GET /wp-content/uploads/2014/02/mqdefault-4.jpg HTTP/1.1" 200 10812 "http://hardhittinent.com/videos/" "Mozilla/5.0 (Macintosh; Intel Mac OS X 10_9_4) AppleWebKit/537.36 (KHTML, like Gecko) Chrome/37.0.2062.122 Safari/537.36"
38.97.127.10 - - [30/Sep/2014:09:49:41 -0700] "GET /wp-content/uploads/2014/02/mqdefault.jpg HTTP/1.1" 200 7878 "http://hardhittinent.com/videos/" "Mozilla/5.0 (Macintosh; Intel Mac OS X 10_9_4) AppleWebKit/537.36 (KHTML, like Gecko) Chrome/37.0.2062.122 Safari/537.36"
38.97.127.10 - - [30/Sep/2014:09:49:41 -0700] "GET /wp-content/uploads/2014/02/mqdefault-2.jpg HTTP/1.1" 200 9600 "http://hardhittinent.com/videos/" "Mozilla/5.0 (Macintosh; Intel Mac OS X 10_9_4) AppleWebKit/537.36 (KHTML, like Gecko) Chrome/37.0.2062.122 Safari/537.36"
38.97.127.10 - - [30/Sep/2014:09:49:41 -0700] "GET /wp-content/uploads/2012/10/mqdefault.jpg HTTP/1.1" 200 9624 "http://hardhittinent.com/videos/" "Mozilla/5.0 (Macintosh; Intel Mac OS X 10_9_4) AppleWebKit/537.36 (KHTML, like Gecko) Chrome/37.0.2062.122 Safari/537.36"
38.97.127.10 - - [30/Sep/2014:09:49:41 -0700] "GET /wp-admin/admin.php?page=stats&noheader&proxy&chart=admin-bar-hours-scale-2x HTTP/1.1" 200 736 "http://hardhittinent.com/videos/" "Mozilla/5.0 (Macintosh; Intel Mac OS X 10_9_4) AppleWebKit/537.36 (KHTML, like Gecko) Chrome/37.0.2062.122 Safari/537.36"
38.97.127.10 - - [30/Sep/2014:09:49:57 -0700] "GET /wp-admin/options-general.php?page=301options HTTP/1.1" 200 48864 "http://hardhittinent.com/wp-admin/options-general.php?page=wp_redirect_options&settings-updated=true" "Mozilla/5.0 (Macintosh; Intel Mac OS X 10_9_4) AppleWebKit/537.36 (KHTML, like Gecko) Chrome/37.0.2062.122 Safari/537.36"
54.165.198.197 - - [30/Sep/2014:09:50:11 -0700] "GET /wp-content/uploads/2014/04/wiz-what-they-talking-bout-450x253.jpg HTTP/1.1" 200 34202 "-" "Mozilla/5.0 (X11; Linux x86_64) AppleWebKit/537.36 (KHTML, like Gecko) Chrome/29.0.1547.57 Safari/537.36"
192.186.199.34 - - [30/Sep/2014:09:50:13 -0700] "POST /wp-cron.php?doing_wp_cron=1412095813.1725029945373535156250 HTTP/1.0" 200 - "-" "WordPress/3.9; http://hardhittinent.com"
38.97.127.10 - - [30/Sep/2014:09:50:12 -0700] "POST /wp-admin/options-general.php?page=301options&savedata=true HTTP/1.1" 200 49359 "http://hardhittinent.com/wp-admin/options-general.php?page=301options" "Mozilla/5.0 (Macintosh; Intel Mac OS X 10_9_4) AppleWebKit/537.36 (KHTML, like Gecko) Chrome/37.0.2062.122 Safari/537.36"
38.97.127.10 - - [30/Sep/2014:09:50:17 -0700] "GET /videos/ HTTP/1.1" 200 30961 "http://hardhittinent.com/videos/" "Mozilla/5.0 (Macintosh; Intel Mac OS X 10_9_4) AppleWebKit/537.36 (KHTML, like Gecko) Chrome/37.0.2062.122 Safari/537.36"
38.97.127.10 - - [30/Sep/2014:09:50:17 -0700] "GET /wp-admin/admin.php?page=stats&noheader&proxy&chart=admin-bar-hours-scale-2x HTTP/1.1" 200 736 "http://hardhittinent.com/videos/" "Mozilla/5.0 (Macintosh; Intel Mac OS X 10_9_4) AppleWebKit/537.36 (KHTML, like Gecko) Chrome/37.0.2062.122 Safari/537.36"
38.97.127.10 - - [30/Sep/2014:09:50:19 -0700] "GET /videos/ HTTP/1.1" 200 30961 "http://hardhittinent.com/videos/" "Mozilla/5.0 (Macintosh; Intel Mac OS X 10_9_4) AppleWebKit/537.36 (KHTML, like Gecko) Chrome/37.0.2062.122 Safari/537.36"
38.97.127.10 - - [30/Sep/2014:09:50:20 -0700] "GET /wp-admin/admin.php?page=stats&noheader&proxy&chart=admin-bar-hours-scale-2x HTTP/1.1" 200 736 "http://hardhittinent.com/videos/" "Mozilla/5.0 (Macintosh; Intel Mac OS X 10_9_4) AppleWebKit/537.36 (KHTML, like Gecko) Chrome/37.0.2062.122 Safari/537.36"
38.97.127.10 - - [30/Sep/2014:09:50:36 -0700] "POST /wp-admin/admin-ajax.php HTTP/1.1" 200 47 "http://hardhittinent.com/wp-admin/options-general.php?page=wp_redirect_options&settings-updated=true" "Mozilla/5.0 (Macintosh; Intel Mac OS X 10_9_4) AppleWebKit/537.77.4 (KHTML, like Gecko) Version/7.0.5 Safari/537.77.4"
208.115.111.71 - - [30/Sep/2014:09:50:49 -0700] "GET /robots.txt HTTP/1.1" 302 - "-" "Mozilla/5.0 (compatible; DotBot/1.1; http://www.opensiteexplorer.org/dotbot, help@moz.com)"
38.97.127.10 - - [30/Sep/2014:09:51:14 -0700] "POST /wp-admin/admin-ajax.php HTTP/1.1" 200 47 "http://hardhittinent.com/wp-admin/options-general.php?page=301options&savedata=true" "Mozilla/5.0 (Macintosh; Intel Mac OS X 10_9_4) AppleWebKit/537.36 (KHTML, like Gecko) Chrome/37.0.2062.122 Safari/537.36"
192.186.199.34 - - [30/Sep/2014:09:52:14 -0700] "POST /wp-cron.php?doing_wp_cron=1412095934.5481519699096679687500 HTTP/1.0" 200 - "-" "WordPress/3.9; http://hardhittinent.com"
38.97.127.10 - - [30/Sep/2014:09:52:14 -0700] "POST /wp-admin/admin-ajax.php HTTP/1.1" 200 47 "http://hardhittinent.com/wp-admin/options-general.php?page=301options&savedata=true" "Mozilla/5.0 (Macintosh; Intel Mac OS X 10_9_4) AppleWebKit/537.36 (KHTML, like Gecko) Chrome/37.0.2062.122 Safari/537.36"
38.97.127.10 - - [30/Sep/2014:09:52:47 -0700] "POST /wp-admin/admin-ajax.php HTTP/1.1" 200 47 "http://hardhittinent.com/wp-admin/options-general.php?page=wp_redirect_options&settings-updated=true" "Mozilla/5.0 (Macintosh; Intel Mac OS X 10_9_4) AppleWebKit/537.77.4 (KHTML, like Gecko) Version/7.0.5 Safari/537.77.4"
192.186.199.34 - - [30/Sep/2014:09:53:03 -0700] "POST /wp-cron.php?doing_wp_cron=1412095983.5537309646606445312500 HTTP/1.0" 200 - "-" "WordPress/3.9; http://hardhittinent.com"
54.198.116.226 - - [30/Sep/2014:09:53:03 -0700] "GET /robots.txt HTTP/1.1" 302 - "-" "Mozilla/5.0 (Macintosh; Intel Mac OS X 10.9; rv:28.0) Gecko/20100101 Firefox/28.0 (FlipboardProxy/1.1; +http://flipboard.com/browserproxy)"
54.198.116.226 - - [30/Sep/2014:09:53:04 -0700] "GET /work-dat-video HTTP/1.1" 301 - "-" "Mozilla/5.0 (Macintosh; Intel Mac OS X 10.9; rv:28.0) Gecko/20100101 Firefox/28.0 (FlipboardProxy/1.1; +http://flipboard.com/browserproxy)"
38.97.127.10 - - [30/Sep/2014:09:53:14 -0700] "POST /wp-admin/admin-ajax.php HTTP/1.1" 200 47 "http://hardhittinent.com/wp-admin/options-general.php?page=301options&savedata=true" "Mozilla/5.0 (Macintosh; Intel Mac OS X 10_9_4) AppleWebKit/537.36 (KHTML, like Gecko) Chrome/37.0.2062.122 Safari/537.36"
38.97.127.10 - - [30/Sep/2014:09:53:35 -0700] "POST /wp-admin/options-general.php?page=301options&savedata=true HTTP/1.1" 200 49359 "http://hardhittinent.com/wp-admin/options-general.php?page=301options&savedata=true" "Mozilla/5.0 (Macintosh; Intel Mac OS X 10_9_4) AppleWebKit/537.36 (KHTML, like Gecko) Chrome/37.0.2062.122 Safari/537.36"
38.97.127.10 - - [30/Sep/2014:09:53:41 -0700] "GET /videos/ HTTP/1.1" 200 30961 "http://hardhittinent.com/videos/" "Mozilla/5.0 (Macintosh; Intel Mac OS X 10_9_4) AppleWebKit/537.36 (KHTML, like Gecko) Chrome/37.0.2062.122 Safari/537.36"
38.97.127.10 - - [30/Sep/2014:09:53:42 -0700] "GET /wp-admin/admin.php?page=stats&noheader&proxy&chart=admin-bar-hours-scale-2x HTTP/1.1" 200 736 "http://hardhittinent.com/videos/" "Mozilla/5.0 (Macintosh; Intel Mac OS X 10_9_4) AppleWebKit/537.36 (KHTML, like Gecko) Chrome/37.0.2062.122 Safari/537.36"
38.97.127.10 - - [30/Sep/2014:09:53:45 -0700] "GET /videos/ HTTP/1.1" 200 30961 "http://hardhittinent.com/videos/" "Mozilla/5.0 (Macintosh; Intel Mac OS X 10_9_4) AppleWebKit/537.36 (KHTML, like Gecko) Chrome/37.0.2062.122 Safari/537.36"
38.97.127.10 - - [30/Sep/2014:09:53:45 -0700] "GET /wp-admin/admin.php?page=stats&noheader&proxy&chart=admin-bar-hours-scale-2x HTTP/1.1" 200 736 "http://hardhittinent.com/videos/" "Mozilla/5.0 (Macintosh; Intel Mac OS X 10_9_4) AppleWebKit/537.36 (KHTML, like Gecko) Chrome/37.0.2062.122 Safari/537.36"
38.97.127.10 - - [30/Sep/2014:09:53:53 -0700] "POST /wp-admin/options-general.php?page=301options&savedata=true HTTP/1.1" 200 49358 "http://hardhittinent.com/wp-admin/options-general.php?page=301options&savedata=true" "Mozilla/5.0 (Macintosh; Intel Mac OS X 10_9_4) AppleWebKit/537.36 (KHTML, like Gecko) Chrome/37.0.2062.122 Safari/537.36"
38.97.127.10 - - [30/Sep/2014:09:53:56 -0700] "GET /videos/ HTTP/1.1" 301 - "http://hardhittinent.com/videos/" "Mozilla/5.0 (Macintosh; Intel Mac OS X 10_9_4) AppleWebKit/537.36 (KHTML, like Gecko) Chrome/37.0.2062.122 Safari/537.36"
38.97.127.10 - - [30/Sep/2014:09:54:05 -0700] "GET /wp-admin/options-general.php?page=wp_redirect_options HTTP/1.1" 200 40122 "http://hardhittinent.com/wp-admin/options-general.php?page=301options&savedata=true" "Mozilla/5.0 (Macintosh; Intel Mac OS X 10_9_4) AppleWebKit/537.36 (KHTML, like Gecko) Chrome/37.0.2062.122 Safari/537.36"
38.97.127.10 - - [30/Sep/2014:09:54:18 -0700] "POST /wp-admin/options.php HTTP/1.1" 302 - "http://hardhittinent.com/wp-admin/options-general.php?page=wp_redirect_options" "Mozilla/5.0 (Macintosh; Intel Mac OS X 10_9_4) AppleWebKit/537.36 (KHTML, like Gecko) Chrome/37.0.2062.122 Safari/537.36"
38.97.127.10 - - [30/Sep/2014:09:54:18 -0700] "GET /wp-admin/options-general.php?page=wp_redirect_options&settings-updated=true HTTP/1.1" 200 40295 "http://hardhittinent.com/wp-admin/options-general.php?page=wp_redirect_options" "Mozilla/5.0 (Macintosh; Intel Mac OS X 10_9_4) AppleWebKit/537.36 (KHTML, like Gecko) Chrome/37.0.2062.122 Safari/537.36"
64.13.133.152 - - [30/Sep/2014:09:54:24 -0700] "GET /work-dat-video?utm_campaign=worldstarhiphop&utm_medium=shared_link&utm_source=wiz HTTP/1.1" 301 - "-" "Lynx"
192.186.199.34 - - [30/Sep/2014:09:54:42 -0700] "POST /wp-cron.php?doing_wp_cron=1412096082.7109870910644531250000 HTTP/1.0" 200 - "-" "WordPress/3.9; http://hardhittinent.com"
70.192.5.88 - - [30/Sep/2014:09:54:42 -0700] "GET / HTTP/1.1" 302 - "-" "Mozilla/5.0 (Linux; Android 4.4.4; XT1060 Build/KXA21.12-L1.26) AppleWebKit/537.36 (KHTML, like Gecko) Chrome/37.0.2062.117 Mobile Safari/537.36"
38.97.127.10 - - [30/Sep/2014:09:54:48 -0700] "POST /wp-admin/admin-ajax.php HTTP/1.1" 200 47 "http://hardhittinent.com/wp-admin/options-general.php?page=wp_redirect_options&settings-updated=true" "Mozilla/5.0 (Macintosh; Intel Mac OS X 10_9_4) AppleWebKit/537.77.4 (KHTML, like Gecko) Version/7.0.5 Safari/537.77.4"
38.97.127.10 - - [30/Sep/2014:09:55:19 -0700] "POST /wp-admin/admin-ajax.php HTTP/1.1" 200 47 "http://hardhittinent.com/wp-admin/options-general.php?page=wp_redirect_options&settings-updated=true" "Mozilla/5.0 (Macintosh; Intel Mac OS X 10_9_4) AppleWebKit/537.36 (KHTML, like Gecko) Chrome/37.0.2062.122 Safari/537.36"
64.13.133.149 - - [30/Sep/2014:09:55:55 -0700] "GET /work-dat-video?utm_campaign=worldstarhiphop&utm_medium=shared_link&utm_source=wiz HTTP/1.1" 301 - "-" "Lynx"
192.186.199.34 - - [30/Sep/2014:09:57:00 -0700] "POST /wp-cron.php?doing_wp_cron=1412096220.0299530029296875000000 HTTP/1.0" 200 - "-" "WordPress/3.9; http://hardhittinent.com"
38.97.127.10 - - [30/Sep/2014:09:56:59 -0700] "POST /wp-admin/admin-ajax.php HTTP/1.1" 200 47 "http://hardhittinent.com/wp-admin/options-general.php?page=wp_redirect_options&settings-updated=true" "Mozilla/5.0 (Macintosh; Intel Mac OS X 10_9_4) AppleWebKit/537.77.4 (KHTML, like Gecko) Version/7.0.5 Safari/537.77.4"
38.97.127.10 - - [30/Sep/2014:09:57:19 -0700] "POST /wp-admin/admin-ajax.php HTTP/1.1" 200 47 "http://hardhittinent.com/wp-admin/options-general.php?page=wp_redirect_options&settings-updated=true" "Mozilla/5.0 (Macintosh; Intel Mac OS X 10_9_4) AppleWebKit/537.36 (KHTML, like Gecko) Chrome/37.0.2062.122 Safari/537.36"
192.186.199.34 - - [30/Sep/2014:09:59:00 -0700] "POST /wp-cron.php?doing_wp_cron=1412096340.5531840324401855468750 HTTP/1.0" 200 - "-" "WordPress/3.9; http://hardhittinent.com"
38.97.127.10 - - [30/Sep/2014:09:59:00 -0700] "POST /wp-admin/admin-ajax.php HTTP/1.1" 200 48 "http://hardhittinent.com/wp-admin/options-general.php?page=wp_redirect_options&settings-updated=true" "Mozilla/5.0 (Macintosh; Intel Mac OS X 10_9_4) AppleWebKit/537.77.4 (KHTML, like Gecko) Version/7.0.5 Safari/537.77.4"
38.97.127.10 - - [30/Sep/2014:09:59:01 -0700] "GET /wp-includes/images/wpspin-2x.gif HTTP/1.1" 200 9097 "http://hardhittinent.com/wp-admin/options-general.php?page=wp_redirect_options&settings-updated=true" "Mozilla/5.0 (Macintosh; Intel Mac OS X 10_9_4) AppleWebKit/537.77.4 (KHTML, like Gecko) Version/7.0.5 Safari/537.77.4"
192.186.199.34 - - [30/Sep/2014:09:59:01 -0700] "POST /wp-cron.php?doing_wp_cron=1412096341.7077438831329345703125 HTTP/1.0" 200 - "-" "WordPress/3.9; http://hardhittinent.com"
38.97.127.10 - - [30/Sep/2014:09:59:01 -0700] "GET /wp-login.php?interim-login=1 HTTP/1.1" 200 2987 "http://hardhittinent.com/wp-admin/options-general.php?page=wp_redirect_options&settings-updated=true" "Mozilla/5.0 (Macintosh; Intel Mac OS X 10_9_4) AppleWebKit/537.77.4 (KHTML, like Gecko) Version/7.0.5 Safari/537.77.4"
38.97.127.10 - - [30/Sep/2014:09:59:02 -0700] "GET /wp-includes/css/buttons.min.css?ver=3.9 HTTP/1.1" 200 5563 "http://hardhittinent.com/wp-login.php?interim-login=1" "Mozilla/5.0 (Macintosh; Intel Mac OS X 10_9_4) AppleWebKit/537.77.4 (KHTML, like Gecko) Version/7.0.5 Safari/537.77.4"
38.97.127.10 - - [30/Sep/2014:09:59:02 -0700] "GET /wp-admin/css/login.min.css?ver=3.9 HTTP/1.1" 200 18376 "http://hardhittinent.com/wp-login.php?interim-login=1" "Mozilla/5.0 (Macintosh; Intel Mac OS X 10_9_4) AppleWebKit/537.77.4 (KHTML, like Gecko) Version/7.0.5 Safari/537.77.4"
38.97.127.10 - - [30/Sep/2014:09:59:02 -0700] "GET /wp-admin/images/wordpress-logo.svg?ver=20131107 HTTP/1.1" 200 1521 "http://hardhittinent.com/wp-login.php?interim-login=1" "Mozilla/5.0 (Macintosh; Intel Mac OS X 10_9_4) AppleWebKit/537.77.4 (KHTML, like Gecko) Version/7.0.5 Safari/537.77.4"
38.97.127.10 - - [30/Sep/2014:09:59:19 -0700] "POST /wp-admin/admin-ajax.php HTTP/1.1" 200 47 "http://hardhittinent.com/wp-admin/options-general.php?page=wp_redirect_options&settings-updated=true" "Mozilla/5.0 (Macintosh; Intel Mac OS X 10_9_4) AppleWebKit/537.36 (KHTML, like Gecko) Chrome/37.0.2062.122 Safari/537.36"
38.97.127.10 - - [30/Sep/2014:09:59:45 -0700] "GET /videos/ HTTP/1.1" 301 - "http://hardhittinent.com/" "Mozilla/5.0 (Macintosh; Intel Mac OS X 10_9_4) AppleWebKit/537.77.4 (KHTML, like Gecko) Version/7.0.5 Safari/537.77.4"
192.186.199.34 - - [30/Sep/2014:10:01:01 -0700] "POST /wp-cron.php?doing_wp_cron=1412096461.0357260704040527343750 HTTP/1.0" 200 - "-" "WordPress/3.9; http://hardhittinent.com"
38.97.127.10 - - [30/Sep/2014:10:01:00 -0700] "POST /wp-admin/admin-ajax.php HTTP/1.1" 200 48 "http://hardhittinent.com/wp-admin/options-general.php?page=wp_redirect_options&settings-updated=true" "Mozilla/5.0 (Macintosh; Intel Mac OS X 10_9_4) AppleWebKit/537.77.4 (KHTML, like Gecko) Version/7.0.5 Safari/537.77.4"
38.97.127.10 - - [30/Sep/2014:10:01:19 -0700] "POST /wp-admin/admin-ajax.php HTTP/1.1" 200 47 "http://hardhittinent.com/wp-admin/options-general.php?page=wp_redirect_options&settings-updated=true" "Mozilla/5.0 (Macintosh; Intel Mac OS X 10_9_4) AppleWebKit/537.36 (KHTML, like Gecko) Chrome/37.0.2062.122 Safari/537.36"
192.186.199.34 - - [30/Sep/2014:10:02:01 -0700] "POST /wp-cron.php?doing_wp_cron=1412096521.0411639213562011718750 HTTP/1.0" 200 - "-" "WordPress/3.9; http://hardhittinent.com"
38.97.127.10 - - [30/Sep/2014:10:02:00 -0700] "POST /wp-admin/admin-ajax.php HTTP/1.1" 200 48 "http://hardhittinent.com/wp-admin/options-general.php?page=wp_redirect_options&settings-updated=true" "Mozilla/5.0 (Macintosh; Intel Mac OS X 10_9_4) AppleWebKit/537.77.4 (KHTML, like Gecko) Version/7.0.5 Safari/537.77.4"
192.186.199.34 - - [30/Sep/2014:10:04:42 -0700] "POST /wp-cron.php?doing_wp_cron=1412096682.1147360801696777343750 HTTP/1.0" 200 - "-" "WordPress/3.9; http://hardhittinent.com"
23.251.145.40 - - [30/Sep/2014:10:04:41 -0700] "GET / HTTP/1.0" 302 - "-" "Mozilla"
192.186.199.34 - - [30/Sep/2014:10:06:59 -0700] "POST /wp-cron.php?doing_wp_cron=1412096819.0328769683837890625000 HTTP/1.0" 200 - "-" "WordPress/3.9; http://hardhittinent.com"
54.164.80.54 - - [30/Sep/2014:10:06:58 -0700] "GET /robots.txt HTTP/1.1" 302 - "-" "A6-Indexer/1.0 (http://www.a6corp.com/a6-web-scraping-policy/)"
54.164.80.54 - - [30/Sep/2014:10:06:59 -0700] "GET /508_Alliance_Vol2 HTTP/1.1" 301 - "-" "A6-Indexer/1.0 (http://www.a6corp.com/a6-web-scraping-policy/)"
192.186.199.34 - - [30/Sep/2014:10:10:09 -0700] "POST /wp-cron.php?doing_wp_cron=1412097009.7597260475158691406250 HTTP/1.0" 200 - "-" "WordPress/3.9; http://hardhittinent.com"
66.249.65.100 - - [30/Sep/2014:10:10:09 -0700] "GET / HTTP/1.1" 302 - "-" "Mozilla/5.0 (compatible; Googlebot/2.1; +http://www.google.com/bot.html)"
192.186.199.34 - - [30/Sep/2014:10:14:16 -0700] "POST /wp-cron.php?doing_wp_cron=1412097256.9398601055145263671875 HTTP/1.0" 200 - "-" "WordPress/3.9; http://hardhittinent.com"
180.183.62.148 - - [30/Sep/2014:10:14:16 -0700] "GET / HTTP/1.0" 302 - "http://hardhittinent.com/" "Mozilla/4.0 (compatible; MSIE 6.0; Windows NT 5.1; SV1)"
192.186.199.34 - - [30/Sep/2014:10:33:07 -0700] "POST /wp-cron.php?doing_wp_cron=1412098387.4899499416351318359375 HTTP/1.0" 200 - "-" "WordPress/3.9; http://hardhittinent.com"
180.76.5.175 - - [30/Sep/2014:10:33:06 -0700] "GET /hard-hittin-ent-presents-twin-started-from-the-blockrmx/?utm_source=rss HTTP/1.1" 302 - "-" "Mozilla/5.0 (compatible; Baiduspider/2.0; +http://www.baidu.com/search/spider.html)"
37.59.16.157 - - [30/Sep/2014:10:53:01 -0700] "GET /work-dat-video?utm_campaign=worldstarhiphop&utm_medium=shared_link&utm_source=wiz HTTP/1.1" 301 - "-" "Mozilla/5.0 (compatible; PaperLiBot/2.1; http://support.paper.li/entries/20023257-what-is-paper-li)"
192.186.199.34 - - [30/Sep/2014:10:59:17 -0700] "POST /wp-cron.php?doing_wp_cron=1412099957.3003931045532226562500 HTTP/1.0" 200 - "-" "WordPress/3.9; http://hardhittinent.com"
208.115.111.71 - - [30/Sep/2014:10:59:16 -0700] "GET /wp-login.php?action=register HTTP/1.1" 200 2825 "-" "Mozilla/5.0 (compatible; DotBot/1.1; http://www.opensiteexplorer.org/dotbot, help@moz.com)"
208.115.111.71 - - [30/Sep/2014:10:59:22 -0700] "GET /artist/twin HTTP/1.1" 302 - "-" "Mozilla/5.0 (compatible; DotBot/1.1; http://www.opensiteexplorer.org/dotbot, help@moz.com)"
54.81.138.215 - - [30/Sep/2014:11:03:24 -0700] "GET /work-dat-video?utm_campaign=worldstarhiphop&utm_medium=shared_link&utm_source=wiz HTTP/1.1" 301 - "-" "Jakarta Commons-HttpClient/3.1"
54.165.176.18 - - [30/Sep/2014:11:28:31 -0700] "GET /wp-content/plugins/custom-facebook-feed/css/cff-style.css HTTP/1.1" 200 4869 "-" "Mozilla/5.0 (X11; Ubuntu; Linux x86_64; rv:31.0) Gecko/20100101 Firefox/31.0"
107.23.198.156 - - [30/Sep/2014:11:33:29 -0700] "GET /wp-content/uploads/2014/04/twin-wiz-double-cups-450x253.jpg HTTP/1.1" 200 25506 "-" "Mozilla/5.0 (X11; Ubuntu; Linux x86_64; rv:31.0) Gecko/20100101 Firefox/31.0"
192.186.199.34 - - [30/Sep/2014:11:34:41 -0700] "POST /wp-cron.php?doing_wp_cron=1412102081.9098908901214599609375 HTTP/1.0" 200 - "-" "WordPress/3.9; http://hardhittinent.com"
54.165.198.197 - - [30/Sep/2014:11:34:41 -0700] "GET /events/ HTTP/1.1" 302 - "-" "Mozilla/5.0 (X11; Linux x86_64) AppleWebKit/537.36 (KHTML, like Gecko) Chrome/29.0.1547.57 Safari/537.36"
66.249.65.25 - - [30/Sep/2014:11:36:43 -0700] "GET /wp-content/themes/replay/style.css?ver=3.9 HTTP/1.1" 200 50561 "-" "Mozilla/5.0 (compatible; Googlebot/2.1; +http://www.google.com/bot.html)"
66.249.65.25 - - [30/Sep/2014:11:36:52 -0700] "GET /wp-content/plugins/automatic-youtube-video-posts/css/style.css?ver=3.9 HTTP/1.1" 200 3117 "-" "Mozilla/5.0 (compatible; Googlebot/2.1; +http://www.google.com/bot.html)"
66.249.65.25 - - [30/Sep/2014:11:37:01 -0700] "GET /wp-content/plugins/alpine-photo-tile-for-instagram/css/AlpinePhotoTiles_style.css?ver=1.2.7 HTTP/1.1" 200 4769 "-" "Mozilla/5.0 (compatible; Googlebot/2.1; +http://www.google.com/bot.html)"
66.249.65.17 - - [30/Sep/2014:11:37:02 -0700] "GET /wp-content/plugins/alpine-photo-tile-for-instagram/js/fancybox-alpine-safemode/jquery.fancyboxForAlpine-1.3.4.css?ver=3.9 HTTP/1.1" 200 10008 "-" "Mozilla/5.0 (compatible; Googlebot/2.1; +http://www.google.com/bot.html)"
66.249.65.17 - - [30/Sep/2014:11:54:49 -0700] "GET /wp-content/plugins/jetpack/modules/subscriptions/subscriptions.css?ver=3.9 HTTP/1.1" 200 137 "-" "Mozilla/5.0 (compatible; Googlebot/2.1; +http://www.google.com/bot.html)"
192.186.199.34 - - [30/Sep/2014:11:55:12 -0700] "POST /wp-cron.php?doing_wp_cron=1412103312.7507081031799316406250 HTTP/1.0" 200 - "-" "WordPress/3.9; http://hardhittinent.com"
125.253.118.46 - - [30/Sep/2014:11:55:12 -0700] "POST /wp-login.php HTTP/1.1" 200 3188 "http://hardhittinent.com/wp-login.php" "[% tools.ua.random() %]"
54.164.135.72 - - [30/Sep/2014:11:59:27 -0700] "GET /wp-content/themes/replay/js/jquery.twitterFetcher.js HTTP/1.1" 200 2952 "-" "Mozilla/5.0 (X11; Ubuntu; Linux x86_64; rv:31.0) Gecko/20100101 Firefox/31.0"
66.249.65.17 - - [30/Sep/2014:12:02:32 -0700] "GET /wp-content/plugins/jetpack/modules/widgets/widgets.css?ver=20121003 HTTP/1.1" 200 204 "-" "Mozilla/5.0 (compatible; Googlebot/2.1; +http://www.google.com/bot.html)"
192.186.199.34 - - [30/Sep/2014:12:25:39 -0700] "POST /wp-cron.php?doing_wp_cron=1412105139.8897631168365478515625 HTTP/1.0" 200 - "-" "WordPress/3.9; http://hardhittinent.com"
54.210.231.214 - - [30/Sep/2014:12:25:39 -0700] "GET /contact/ HTTP/1.1" 302 - "-" "Mozilla/5.0 (X11; Ubuntu; Linux x86_64; rv:31.0) Gecko/20100101 Firefox/31.0"
192.186.199.34 - - [30/Sep/2014:13:02:03 -0700] "POST /wp-cron.php?doing_wp_cron=1412107323.2980740070343017578125 HTTP/1.0" 200 - "-" "WordPress/3.9; http://hardhittinent.com"
46.37.77.146 - - [30/Sep/2014:13:02:02 -0700] "GET / HTTP/1.1" 302 - "-" "Java/1.7.0_07"
46.37.77.146 - - [30/Sep/2014:13:02:05 -0700] "GET /contact.php HTTP/1.1" 302 - "-" "Java/1.7.0_07"
46.37.77.146 - - [30/Sep/2014:13:02:06 -0700] "GET /dmca.php HTTP/1.1" 302 - "-" "Java/1.7.0_07"
46.37.77.146 - - [30/Sep/2014:13:02:08 -0700] "GET /privacy.php HTTP/1.1" 302 - "-" "Java/1.7.0_07"
46.37.77.146 - - [30/Sep/2014:13:02:09 -0700] "GET /terms.php HTTP/1.1" 302 - "-" "Java/1.7.0_07"
46.37.77.146 - - [30/Sep/2014:13:02:11 -0700] "GET /vsubmit.php HTTP/1.1" 302 - "-" "Java/1.7.0_07"
46.37.77.146 - - [30/Sep/2014:13:02:16 -0700] "GET /videos HTTP/1.1" 301 - "-" "Java/1.7.0_07"
46.37.77.146 - - [30/Sep/2014:13:02:17 -0700] "GET /videos/video.php?v=wshh1YV98J4xjnwVYmdt HTTP/1.1" 302 - "-" "Java/1.7.0_07"
46.37.77.146 - - [30/Sep/2014:13:02:19 -0700] "GET /videos/contact.php HTTP/1.1" 302 - "-" "Java/1.7.0_07"
46.37.77.146 - - [30/Sep/2014:13:02:20 -0700] "GET /videos/dmca.php HTTP/1.1" 302 - "-" "Java/1.7.0_07"
46.37.77.146 - - [30/Sep/2014:13:02:22 -0700] "GET /videos/privacy.php HTTP/1.1" 302 - "-" "Java/1.7.0_07"
46.37.77.146 - - [30/Sep/2014:13:02:24 -0700] "GET /videos/terms.php HTTP/1.1" 302 - "-" "Java/1.7.0_07"
46.37.77.146 - - [30/Sep/2014:13:02:25 -0700] "GET /videos/vsubmit.php HTTP/1.1" 302 - "-" "Java/1.7.0_07"
46.37.77.146 - - [30/Sep/2014:13:02:29 -0700] "GET /videos/js/swfobject.js HTTP/1.1" 302 - "-" "Java/1.7.0_07"
46.37.77.146 - - [30/Sep/2014:13:02:30 -0700] "GET /videos/js/contact.php HTTP/1.1" 302 - "-" "Java/1.7.0_07"
46.37.77.146 - - [30/Sep/2014:13:02:35 -0700] "GET /videos/js/dmca.php HTTP/1.1" 302 - "-" "Java/1.7.0_07"
46.37.77.146 - - [30/Sep/2014:13:02:36 -0700] "GET /videos/js/privacy.php HTTP/1.1" 302 - "-" "Java/1.7.0_07"
46.37.77.146 - - [30/Sep/2014:13:02:37 -0700] "GET /videos/js/terms.php HTTP/1.1" 302 - "-" "Java/1.7.0_07"
46.37.77.146 - - [30/Sep/2014:13:02:39 -0700] "GET /videos/js/vsubmit.php HTTP/1.1" 302 - "-" "Java/1.7.0_07"
46.37.77.146 - - [30/Sep/2014:13:02:41 -0700] "GET /https://apis.google.com/js/plusone.js HTTP/1.1" 302 - "-" "Java/1.7.0_07"
46.37.77.146 - - [30/Sep/2014:13:02:42 -0700] "GET /https://twitter.com/share HTTP/1.1" 302 - "-" "Java/1.7.0_07"
46.37.77.146 - - [30/Sep/2014:13:02:44 -0700] "GET /https://www.facebook.com/sharer/sharer.php?u=http://www.worldstarhiphop.com/videos/video.php?v=wshh8XAe7b729jJcjPU9 HTTP/1.1" 302 - "-" "Java/1.7.0_07"
46.37.77.146 - - [30/Sep/2014:13:02:45 -0700] "GET /https://apis.google.com/js/contact.php HTTP/1.1" 302 - "-" "Java/1.7.0_07"
46.37.77.146 - - [30/Sep/2014:13:02:49 -0700] "GET /https://apis.google.com/js/dmca.php HTTP/1.1" 302 - "-" "Java/1.7.0_07"
46.37.77.146 - - [30/Sep/2014:13:02:54 -0700] "GET /https://apis.google.com/js/privacy.php HTTP/1.1" 302 - "-" "Java/1.7.0_07"
46.37.77.146 - - [30/Sep/2014:13:02:55 -0700] "GET /https://apis.google.com/js/terms.php HTTP/1.1" 302 - "-" "Java/1.7.0_07"
46.37.77.146 - - [30/Sep/2014:13:02:57 -0700] "GET /https://apis.google.com/js/vsubmit.php HTTP/1.1" 302 - "-" "Java/1.7.0_07"
46.37.77.146 - - [30/Sep/2014:13:02:58 -0700] "GET /https://twitter.com/share/contact.php HTTP/1.1" 302 - "-" "Java/1.7.0_07"
46.37.77.146 - - [30/Sep/2014:13:03:00 -0700] "GET /https://twitter.com/share/dmca.php HTTP/1.1" 302 - "-" "Java/1.7.0_07"
46.37.77.146 - - [30/Sep/2014:13:03:01 -0700] "GET /https://twitter.com/share/privacy.php HTTP/1.1" 302 - "-" "Java/1.7.0_07"
192.186.199.34 - - [30/Sep/2014:13:11:42 -0700] "POST /wp-cron.php?doing_wp_cron=1412107902.4205589294433593750000 HTTP/1.0" 200 - "-" "WordPress/3.9; http://hardhittinent.com"
70.192.6.137 - - [30/Sep/2014:13:11:41 -0700] "GET / HTTP/1.1" 302 - "-" "Mozilla/5.0 (Linux; Android 4.4.4; XT1060 Build/KXA21.12-L1.26) AppleWebKit/537.36 (KHTML, like Gecko) Chrome/37.0.2062.117 Mobile Safari/537.36"
192.186.199.34 - - [30/Sep/2014:13:33:16 -0700] "POST /wp-cron.php?doing_wp_cron=1412109196.5383338928222656250000 HTTP/1.0" 200 - "-" "WordPress/3.9; http://hardhittinent.com"
66.249.65.21 - - [30/Sep/2014:13:33:16 -0700] "GET /page/1/ HTTP/1.1" 302 - "-" "Mozilla/5.0 (compatible; Googlebot/2.1; +http://www.google.com/bot.html)"
192.186.199.34 - - [30/Sep/2014:14:07:10 -0700] "POST /wp-cron.php?doing_wp_cron=1412111230.6805810928344726562500 HTTP/1.0" 200 - "-" "WordPress/3.9; http://hardhittinent.com"
195.211.154.167 - - [30/Sep/2014:14:07:10 -0700] "GET /twin-wiz-double-cups/ HTTP/1.0" 302 - "http://hardhittinent.com/twin-wiz-double-cups/" "Mozilla/5.0 (Windows NT 6.3; WOW64; rv:31.0) Gecko/20100101 Firefox/31.0"
94.138.219.186 - - [30/Sep/2014:14:23:59 -0700] "POST /wp-login.php HTTP/1.1" 200 3188 "http://hardhittinent.com/wp-login.php" "[% tools.ua.random() %]"
192.186.199.34 - - [30/Sep/2014:14:24:00 -0700] "POST /wp-cron.php?doing_wp_cron=1412112240.0940399169921875000000 HTTP/1.0" 200 - "-" "WordPress/3.9; http://hardhittinent.com"
192.186.199.34 - - [30/Sep/2014:14:40:54 -0700] "POST /wp-cron.php?doing_wp_cron=1412113254.6577780246734619140625 HTTP/1.0" 200 - "-" "WordPress/3.9; http://hardhittinent.com"
195.211.154.167 - - [30/Sep/2014:14:40:54 -0700] "GET /twin-wiz-double-cups/ HTTP/1.0" 302 - "http://hardhittinent.com/twin-wiz-double-cups/" "Mozilla/5.0 (Windows NT 5.1; rv:31.0) Gecko/20100101 Firefox/31.0"
192.186.199.34 - - [30/Sep/2014:14:43:20 -0700] "POST /wp-cron.php?doing_wp_cron=1412113400.5072660446166992187500 HTTP/1.0" 200 - "-" "WordPress/3.9; http://hardhittinent.com"
220.181.108.141 - - [30/Sep/2014:14:43:20 -0700] "GET /artists/ HTTP/1.1" 302 - "-" "Mozilla/5.0 (compatible; Baiduspider/2.0; +http://www.baidu.com/search/spider.html)"
54.236.228.100 - - [30/Sep/2014:14:48:23 -0700] "GET /wp-content/uploads/2014/04/hard-hittin-ent-presents-twin-mi-450x253.jpg HTTP/1.1" 200 27568 "-" "Mozilla/5.0 (X11; Ubuntu; Linux x86_64; rv:31.0) Gecko/20100101 Firefox/31.0"
192.186.199.34 - - [30/Sep/2014:14:51:43 -0700] "POST /wp-cron.php?doing_wp_cron=1412113903.1272819042205810546875 HTTP/1.0" 200 - "-" "WordPress/3.9; http://hardhittinent.com"
66.249.65.100 - - [30/Sep/2014:14:51:42 -0700] "GET / HTTP/1.1" 302 - "-" "Mozilla/5.0 (compatible; Googlebot/2.1; +http://www.google.com/bot.html)"
192.186.199.34 - - [30/Sep/2014:15:02:29 -0700] "POST /wp-cron.php?doing_wp_cron=1412114549.9921679496765136718750 HTTP/1.0" 200 - "-" "WordPress/3.9; http://hardhittinent.com"
37.58.100.81 - - [30/Sep/2014:15:02:19 -0700] "GET /robots.txt HTTP/1.1" 302 - "-" "Mozilla/5.0 (compatible; AhrefsBot/5.0; +http://ahrefs.com/robot/)"
54.165.169.52 - - [30/Sep/2014:15:19:57 -0700] "GET /wp-content/uploads/2014/01/Various_Artists_508_Alliance-front-large.jpg HTTP/1.1" 200 338264 "-" "Mozilla/5.0 (X11; Linux x86_64) AppleWebKit/537.36 (KHTML, like Gecko) Chrome/29.0.1547.57 Safari/537.36"
173.252.101.119 - - [30/Sep/2014:15:29:56 -0700] "GET /work-dat-video?utm_campaign=worldstarhiphop&utm_medium=shared_link&utm_source=wiz HTTP/1.1" 301 - "-" "facebookexternalhit/1.1 (+http://www.facebook.com/externalhit_uatext.php)"
72.14.185.64 - - [30/Sep/2014:15:29:58 -0700] "GET /work-dat-video?utm_campaign=worldstarhiphop&utm_medium=shared_link&utm_source=wiz HTTP/1.1" 301 - "http://api.twitter.com/1/statuses/show/517078927513493504.json" "InAGist URL Resolver (http://inagist.com)"
74.6.254.100 - - [30/Sep/2014:15:29:58 -0700] "GET /work-dat-video HTTP/1.1" 301 - "-" "Mozilla/5.0 (compatible; Yahoo! Slurp; http://help.yahoo.com/help/us/ysearch/slurp)"
74.6.254.100 - - [30/Sep/2014:15:29:58 -0700] "GET /work-dat-video HTTP/1.1" 301 - "-" "Mozilla/5.0 (compatible; Yahoo! Slurp; http://help.yahoo.com/help/us/ysearch/slurp)"
74.6.254.100 - - [30/Sep/2014:15:29:59 -0700] "HEAD /work-dat-video HTTP/1.1" 301 - "-" "Mozilla/5.0 (compatible; Yahoo! Slurp; http://help.yahoo.com/help/us/ysearch/slurp)"
54.241.198.78 - - [30/Sep/2014:15:29:59 -0700] "HEAD /work-dat-video?utm_campaign=worldstarhiphop&utm_medium=shared_link&utm_source=wiz HTTP/1.1" 301 - "-" "Google-HTTP-Java-Client/1.17.0-rc (gzip)"
54.241.198.78 - - [30/Sep/2014:15:30:00 -0700] "HEAD /work-dat-video?utm_campaign=worldstarhiphop&utm_medium=shared_link&utm_source=wiz HTTP/1.1" 301 - "-" "Google-HTTP-Java-Client/1.17.0-rc (gzip)"
192.99.1.145 - - [30/Sep/2014:15:30:01 -0700] "GET /work-dat-video?utm_campaign=worldstarhiphop&utm_medium=shared_link&utm_source=wiz HTTP/1.1" 301 - "http://bit.ly/1DS2HYm" "LivelapBot/0.2 (http://site.livelap.com/crawler)"
173.252.114.117 - - [30/Sep/2014:15:30:02 -0700] "GET /work-dat-video?utm_campaign=worldstarhiphop&utm_medium=shared_link&utm_source=wiz HTTP/1.1" 301 - "-" "facebookexternalhit/1.1 (+http://www.facebook.com/externalhit_uatext.php)"
173.252.114.118 - - [30/Sep/2014:15:30:02 -0700] "GET /work-dat-video HTTP/1.1" 301 - "-" "facebookexternalhit/1.1 (+http://www.facebook.com/externalhit_uatext.php)"
54.234.227.40 - - [30/Sep/2014:15:30:10 -0700] "GET /work-dat-video?utm_campaign=worldstarhiphop&utm_medium=shared_link&utm_source=wiz HTTP/1.1" 301 - "-" "kraken/0.6.0"
74.112.131.242 - - [30/Sep/2014:15:30:48 -0700] "GET /work-dat-video?utm_campaign=worldstarhiphop&utm_medium=shared_link&utm_source=wiz HTTP/1.1" 301 - "-" "Mozilla/5.0 ()"
54.219.29.215 - - [30/Sep/2014:15:31:24 -0700] "GET /work-dat-video?utm_campaign=worldstarhiphop&utm_medium=shared_link&utm_source=wiz HTTP/1.0" 301 - "http://bit.ly/1DS2HYm" "Mozilla/5.0 (Windows NT 6.1; WOW64; rv:15.0) Gecko/20100101 Firefox/15.0.1"
68.118.227.158 - - [30/Sep/2014:15:35:20 -0700] "GET /work-dat-video?utm_campaign=worldstarhiphop&utm_medium=shared_link&utm_source=wiz HTTP/1.1" 301 - "-" "Mozilla/5.0 (iPhone; CPU iPhone OS 6_1_3 like Mac OS X) AppleWebKit/536.26 (KHTML, like Gecko) Version/6.0 Mobile/10B329 Safari/8536.25"
46.236.26.102 - - [30/Sep/2014:15:35:20 -0700] "GET /work-dat-video HTTP/1.1" 301 - "-" "Mozilla/5.0 (TweetmemeBot/4.0; +http://datasift.com/bot.html) Gecko/20100101 Firefox/31.0"
71.184.16.239 - - [30/Sep/2014:15:41:08 -0700] "GET /work-dat-video?utm_campaign=worldstarhiphop&utm_medium=shared_link&utm_source=wiz HTTP/1.1" 301 - "http://m.facebook.com/l.php?u=http%3A%2F%2Fbit.ly%2F1DS2HYm&h=2AQG7iRlh&enc=AZPNo1gOi__ige_4VnkqaQ4BaHQS-F7WVUq9jVnf6NYqMa-DLYwwOH6efg8pOMNgt0dhkY3vT6rFvrkKYD7JkrYH6CI7e6iCXGko8rCpH04NKw" "Mozilla/5.0 (Linux; U; Android 4.1.2; en-us; LGMS769 Build/JZO54K) AppleWebKit/534.30 (KHTML, like Gecko) Version/4.0 Mobile Safari/534.30"
192.186.199.34 - - [30/Sep/2014:15:41:32 -0700] "POST /wp-cron.php?doing_wp_cron=1412116892.5047779083251953125000 HTTP/1.0" 200 - "-" "WordPress/3.9; http://hardhittinent.com"
220.181.108.141 - - [30/Sep/2014:15:41:32 -0700] "GET / HTTP/1.1" 302 - "-" "Mozilla/5.0 (compatible; Baiduspider/2.0; +http://www.baidu.com/search/spider.html)"
220.181.108.94 - - [30/Sep/2014:15:41:35 -0700] "GET /videos/js/swfobject.js HTTP/1.1" 302 - "http://www.hardhittinent.com/" "Mozilla/5.0 (Windows NT 6.1; rv:15.0) Gecko/20100101 Firefox/15.0.1"
220.181.108.88 - - [30/Sep/2014:15:41:38 -0700] "POST /api/u.php HTTP/1.1" 302 - "http://www.hardhittinent.com/" "Mozilla/5.0 (Windows NT 6.1; rv:15.0) Gecko/20100101 Firefox/15.0.1"
67.215.230.27 - - [30/Sep/2014:15:49:29 -0700] "HEAD /work-dat-video?utm_campaign=worldstarhiphop&utm_medium=shared_link&utm_source=wiz HTTP/1.1" 301 - "-" "Java/1.7.0_04"
67.215.230.27 - - [30/Sep/2014:15:49:31 -0700] "HEAD /work-dat-video?utm_campaign=worldstarhiphop&utm_medium=shared_link&utm_source=wiz HTTP/1.1" 301 - "-" "Java/1.7.0_04"
192.186.199.34 - - [30/Sep/2014:16:02:05 -0700] "POST /wp-cron.php?doing_wp_cron=1412118125.7945981025695800781250 HTTP/1.0" 200 - "-" "WordPress/3.9; http://hardhittinent.com"
46.105.14.54 - - [30/Sep/2014:16:02:05 -0700] "POST /wp-login.php HTTP/1.1" 200 3188 "http://hardhittinent.com/wp-login.php" "[% tools.ua.random() %]"
71.87.218.212 - - [30/Sep/2014:16:07:17 -0700] "GET /work-dat-video?utm_campaign=worldstarhiphop&utm_medium=shared_link&utm_source=wiz HTTP/1.1" 301 - "http://www.facebook.com/l.php?u=http%3A%2F%2Fbit.ly%2F1DS2HYm&h=KAQHSwiwK" "Mozilla/5.0 (Windows NT 6.1; WOW64; Trident/7.0; EIE11;ENUSWOL; rv:11.0) like Gecko"
192.186.199.34 - - [30/Sep/2014:16:07:29 -0700] "POST /wp-cron.php?doing_wp_cron=1412118449.4472379684448242187500 HTTP/1.0" 200 - "-" "WordPress/3.9; http://hardhittinent.com"
54.237.43.151 - - [30/Sep/2014:16:07:29 -0700] "GET /robots.txt?utm_campaign=worldstarhiphop&utm_medium=shared_link&utm_source=wiz HTTP/1.1" 302 - "-" "bitlybot"
54.237.43.151 - - [30/Sep/2014:16:07:30 -0700] "GET /work-dat-video?utm_campaign=worldstarhiphop&utm_medium=shared_link&utm_source=wiz HTTP/1.1" 301 - "-" "bitlybot"
66.189.16.153 - - [30/Sep/2014:16:10:22 -0700] "GET /work-dat-video?utm_campaign=worldstarhiphop&utm_medium=shared_link&utm_source=wiz HTTP/1.1" 301 - "http://l.facebook.com/lsr.php?u=http%3A%2F%2Fbit.ly%2F1DS2HYm&ext=1412118682&hash=Acn3bock-6PHQ0nuIrzI6w9QoFYoTIcBS1wlzkyX9nG1OA" "Mozilla/5.0 (Macintosh; Intel Mac OS X 10_6_8) AppleWebKit/537.36 (KHTML, like Gecko) Chrome/37.0.2062.124 Safari/537.36"
172.56.23.93 - - [30/Sep/2014:16:14:16 -0700] "GET /work-dat-video?utm_campaign=worldstarhiphop&utm_medium=shared_link&utm_source=wiz HTTP/1.1" 301 - "-" "Mozilla/5.0 (Linux; Android 4.1.2; LGMS769 Build/JZO54K) AppleWebKit/537.36 (KHTML, like Gecko) Chrome/28.0.1500.94 Mobile Safari/537.36"
192.186.199.34 - - [30/Sep/2014:16:18:21 -0700] "POST /wp-cron.php?doing_wp_cron=1412119101.8557779788970947265625 HTTP/1.0" 200 - "-" "WordPress/3.9; http://hardhittinent.com"
180.76.6.147 - - [30/Sep/2014:16:18:21 -0700] "GET /sc-opensearch.xml HTTP/1.1" 302 - "-" "Mozilla/5.0 (compatible; Baiduspider/2.0; +http://www.baidu.com/search/spider.html)"
172.56.16.203 - - [30/Sep/2014:16:23:00 -0700] "GET /work-dat-video?utm_campaign=worldstarhiphop&utm_medium=shared_link&utm_source=wiz HTTP/1.1" 301 - "http://lm.facebook.com/lsr.php?u=http%3A%2F%2Fbit.ly%2F1DS2HYm&ext=1412119437&hash=AcmN1_17iU77DJHGT8ieQkM1_SjoSBAVeFbaXxCuzl1xaA&_rdr" "Mozilla/5.0 (Linux; Android 4.4.2; LG-D415 Build/KOT49I.D41510c) AppleWebKit/537.36 (KHTML, like Gecko) Chrome/37.0.2062.117 Mobile Safari/537.36"
195.154.209.237 - - [30/Sep/2014:16:28:25 -0700] "GET /work-dat-video?utm_campaign=worldstarhiphop&utm_medium=shared_link&utm_source=wiz HTTP/1.1" 301 - "-" "Mozilla/5.0 (X11; Linux x86_64) AppleWebKit/537.21 (KHTML, like Gecko) imgsizer Safari/537.21"
192.186.199.34 - - [30/Sep/2014:16:51:09 -0700] "POST /wp-cron.php?doing_wp_cron=1412121069.7657508850097656250000 HTTP/1.0" 200 - "-" "WordPress/3.9; http://hardhittinent.com"
54.210.173.133 - - [30/Sep/2014:16:51:09 -0700] "GET /artists/ HTTP/1.1" 302 - "-" "Mozilla/5.0 (X11; Linux x86_64) AppleWebKit/537.36 (KHTML, like Gecko) Chrome/29.0.1547.57 Safari/537.36"
192.186.199.34 - - [30/Sep/2014:16:54:00 -0700] "POST /wp-cron.php?doing_wp_cron=1412121240.1301050186157226562500 HTTP/1.0" 200 - "-" "WordPress/3.9; http://hardhittinent.com"
