192.186.199.34 - - [30/Sep/2014:05:11:02 -0700] "POST /wp-cron.php?doing_wp_cron=1412079062.2357211112976074218750 HTTP/1.0" 200 - "-" "WordPress/3.9; http://hardhittinent.com"
37.58.100.233 - - [30/Sep/2014:05:11:01 -0700] "GET /wiz-what-they-talking-bout/ HTTP/1.1" 200 26361 "-" "Mozilla/5.0 (compatible; AhrefsBot/5.0; +http://ahrefs.com/robot/)"
192.186.199.34 - - [30/Sep/2014:05:15:46 -0700] "POST /wp-cron.php?doing_wp_cron=1412079346.6915259361267089843750 HTTP/1.0" 200 - "-" "WordPress/3.9; http://hardhittinent.com"
220.181.108.172 - - [30/Sep/2014:05:15:46 -0700] "GET / HTTP/1.1" 200 41540 "-" "Mozilla/5.0 (compatible; Baiduspider/2.0; +http://www.baidu.com/search/spider.html)"
192.186.199.34 - - [30/Sep/2014:05:39:30 -0700] "POST /wp-cron.php?doing_wp_cron=1412080770.8306369781494140625000 HTTP/1.0" 200 - "-" "WordPress/3.9; http://hardhittinent.com"
85.204.118.142 - - [30/Sep/2014:05:39:30 -0700] "POST /wp-login.php HTTP/1.1" 200 3188 "http://hardhittinent.com/wp-login.php" "[% tools.ua.random() %]"
66.249.65.25 - - [30/Sep/2014:05:41:52 -0700] "GET /wp-content/uploads/2014/01/ALLOR.jpg HTTP/1.1" 200 2203088 "-" "Googlebot-Image/1.0"
192.186.199.34 - - [30/Sep/2014:05:54:17 -0700] "POST /wp-cron.php?doing_wp_cron=1412081657.8067591190338134765625 HTTP/1.0" 200 - "-" "WordPress/3.9; http://hardhittinent.com"
95.108.145.186 - - [30/Sep/2014:05:54:17 -0700] "GET /artist/kid-genius-tito-beats/ HTTP/1.1" 200 27615 "-" "Mozilla/5.0"
192.186.199.34 - - [30/Sep/2014:06:11:41 -0700] "POST /wp-cron.php?doing_wp_cron=1412082701.7064359188079833984375 HTTP/1.0" 200 - "-" "WordPress/3.9; http://hardhittinent.com"
5.255.253.184 - - [30/Sep/2014:06:11:41 -0700] "GET /robots.txt HTTP/1.1" 200 106 "-" "Mozilla/5.0 (compatible; YandexBot/3.0; +http://yandex.com/bots)"
141.0.9.75 - - [30/Sep/2014:06:27:06 -0700] "GET /508_Alliance_Vol2 HTTP/1.1" 301 - "-" "Mozilla/5.0 (Windows NT 6.1; WOW64) AppleWebKit/537.36 (KHTML, like Gecko) Chrome/37.0.2062.122 Safari/537.36 OPR/24.0.1558.64"
5.255.253.184 - - [30/Sep/2014:06:31:42 -0700] "GET /wp-content/uploads/2014/04/hard-hittin-ent-presents-twin-mi-450x253.jpg HTTP/1.1" 200 27568 "-" "Mozilla/5.0 (compatible; YandexBot/3.0; +http://yandex.com/bots)"
192.186.199.34 - - [30/Sep/2014:06:54:43 -0700] "POST /wp-cron.php?doing_wp_cron=1412085283.5626931190490722656250 HTTP/1.0" 200 - "-" "WordPress/3.9; http://hardhittinent.com"
66.249.65.100 - - [30/Sep/2014:06:54:43 -0700] "GET /robots.txt HTTP/1.1" 200 106 "-" "Mozilla/5.0 (compatible; Googlebot/2.1; +http://www.google.com/bot.html)"
66.249.65.96 - - [30/Sep/2014:06:54:44 -0700] "GET / HTTP/1.1" 301 - "-" "Mozilla/5.0 (compatible; Googlebot/2.1; +http://www.google.com/bot.html)"
66.249.65.17 - - [30/Sep/2014:06:54:46 -0700] "GET / HTTP/1.1" 200 41540 "-" "Mozilla/5.0 (compatible; Googlebot/2.1; +http://www.google.com/bot.html)"
66.249.65.21 - - [30/Sep/2014:06:59:54 -0700] "GET /wp-content/plugins/youtube-channel/assets/lib/magnific-popup/magnific-popup.css?ver=2.2.0 HTTP/1.1" 200 7813 "http://hardhittinent.com/" "Mozilla/5.0 (compatible; Googlebot/2.1; +http://www.google.com/bot.html)"
66.249.65.17 - - [30/Sep/2014:06:59:56 -0700] "GET /wp-content/plugins/custom-facebook-feed/css/cff-style.css?6&ver=3.9 HTTP/1.1" 200 4869 "http://hardhittinent.com/" "Mozilla/5.0 (compatible; Googlebot/2.1; +http://www.google.com/bot.html)"
66.249.65.25 - - [30/Sep/2014:06:59:57 -0700] "GET /wp-content/plugins/sidebar-login/assets/css/sidebar-login.css?ver=2.6.0 HTTP/1.1" 200 1248 "http://hardhittinent.com/" "Mozilla/5.0 (compatible; Googlebot/2.1; +http://www.google.com/bot.html)"
66.249.65.21 - - [30/Sep/2014:06:59:59 -0700] "GET /wp-content/plugins/youtube-channel/assets/css/youtube-channel.css?ver=2.2.0 HTTP/1.1" 200 1020 "http://hardhittinent.com/" "Mozilla/5.0 (compatible; Googlebot/2.1; +http://www.google.com/bot.html)"
66.249.65.25 - - [30/Sep/2014:07:02:52 -0700] "GET /wp-content/plugins/jetpack/modules/subscriptions/subscriptions.css?ver=3.9 HTTP/1.1" 200 137 "http://hardhittinent.com/" "Mozilla/5.0 (compatible; Googlebot/2.1; +http://www.google.com/bot.html)"
66.249.65.17 - - [30/Sep/2014:07:02:53 -0700] "GET /wp-content/plugins/alpine-photo-tile-for-instagram/css/AlpinePhotoTiles_style.css?ver=1.2.7 HTTP/1.1" 200 4769 "http://hardhittinent.com/" "Mozilla/5.0 (compatible; Googlebot/2.1; +http://www.google.com/bot.html)"
66.249.65.25 - - [30/Sep/2014:07:02:55 -0700] "GET /wp-content/plugins/automatic-youtube-video-posts/css/style.css?ver=3.9 HTTP/1.1" 200 3117 "http://hardhittinent.com/" "Mozilla/5.0 (compatible; Googlebot/2.1; +http://www.google.com/bot.html)"
66.249.65.17 - - [30/Sep/2014:07:02:56 -0700] "GET /wp-content/plugins/jetpack/modules/widgets/widgets.css?ver=20121003 HTTP/1.1" 200 204 "http://hardhittinent.com/" "Mozilla/5.0 (compatible; Googlebot/2.1; +http://www.google.com/bot.html)"
66.249.65.25 - - [30/Sep/2014:07:02:57 -0700] "GET /wp-content/plugins/alpine-photo-tile-for-instagram/js/fancybox-alpine-safemode/jquery.fancyboxForAlpine-1.3.4.css?ver=3.9 HTTP/1.1" 200 10008 "http://hardhittinent.com/" "Mozilla/5.0 (compatible; Googlebot/2.1; +http://www.google.com/bot.html)"
66.249.65.17 - - [30/Sep/2014:07:03:01 -0700] "GET /wp-content/themes/replay/style.css?ver=3.9 HTTP/1.1" 200 50561 "http://hardhittinent.com/" "Mozilla/5.0 (compatible; Googlebot/2.1; +http://www.google.com/bot.html)"
192.186.199.34 - - [30/Sep/2014:07:04:12 -0700] "POST /wp-cron.php?doing_wp_cron=1412085852.1700949668884277343750 HTTP/1.0" 200 - "-" "WordPress/3.9; http://hardhittinent.com"
180.76.6.143 - - [30/Sep/2014:07:04:11 -0700] "GET /hard-hittin-ent-presents-twin-mi-suerte-sneak-peaktrailer-official-video-comin-soon/?utm_source=rss HTTP/1.1" 200 26700 "-" "Mozilla/5.0 (compatible; Baiduspider/2.0; +http://www.baidu.com/search/spider.html)"
220.181.108.181 - - [30/Sep/2014:07:19:00 -0700] "GET /wp-content/plugins/automatic-youtube-video-posts/css/style.css?ver=3.9 HTTP/1.1" 200 3117 "-" "Mozilla/5.0 (compatible; Baiduspider/2.0; +http://www.baidu.com/search/spider.html)"
192.186.199.34 - - [30/Sep/2014:07:36:04 -0700] "POST /wp-cron.php?doing_wp_cron=1412087764.4982190132141113281250 HTTP/1.0" 200 - "-" "WordPress/3.9; http://hardhittinent.com"
207.46.13.98 - - [30/Sep/2014:07:35:53 -0700] "GET /robots.txt HTTP/1.1" 200 106 "-" "Mozilla/5.0 (compatible; bingbot/2.0; +http://www.bing.com/bingbot.htm)"
192.186.199.34 - - [30/Sep/2014:07:51:37 -0700] "POST /wp-cron.php?doing_wp_cron=1412088697.1272048950195312500000 HTTP/1.0" 200 - "-" "WordPress/3.9; http://hardhittinent.com"
146.148.72.250 - - [30/Sep/2014:07:51:36 -0700] "GET / HTTP/1.0" 200 41540 "-" "Mozilla"
195.211.154.167 - - [30/Sep/2014:07:52:31 -0700] "GET /twin-wiz-double-cups/ HTTP/1.0" 200 27729 "http://hardhittinent.com/twin-wiz-double-cups/" "Opera/9.80 (Windows NT 5.1) Presto/2.12.388 Version/12.17"
195.211.154.167 - - [30/Sep/2014:07:52:35 -0700] "POST /wp-comments-post.php HTTP/1.0" 302 - "http://hardhittinent.com/twin-wiz-double-cups/" "Opera/9.80 (Windows NT 5.1) Presto/2.12.388 Version/12.17"
195.211.154.167 - - [30/Sep/2014:07:52:54 -0700] "GET /twin-wiz-double-cups/ HTTP/1.0" 200 36803 "http://hardhittinent.com/twin-wiz-double-cups/#comment-159" "Opera/9.80 (Windows NT 5.1) Presto/2.12.388 Version/12.17"
123.125.71.90 - - [30/Sep/2014:07:58:23 -0700] "GET /wp-content/uploads/2012/10/WIZTWINCAIN_CURSETITO_BEATS_HARD_HITTIN_ENT_A-front-large.jpg HTTP/1.1" 200 161486 "http://image.baidu.com/i?ct=503316480&z=0&tn=baiduimagedetail" "Baiduspider-image+(+http://www.baidu.com/search/spider.htm)"
192.186.199.34 - - [30/Sep/2014:07:59:00 -0700] "POST /wp-cron.php?doing_wp_cron=1412089140.1047430038452148437500 HTTP/1.0" 200 - "-" "WordPress/3.9; http://hardhittinent.com"
207.46.13.98 - - [30/Sep/2014:07:58:59 -0700] "GET /robots.txt HTTP/1.1" 200 106 "-" "Mozilla/5.0 (compatible; bingbot/2.0; +http://www.bing.com/bingbot.htm)"
207.46.13.98 - - [30/Sep/2014:07:59:07 -0700] "GET /508_Alliance_Vol2 HTTP/1.1" 301 - "-" "Mozilla/5.0 (compatible; bingbot/2.0; +http://www.bing.com/bingbot.htm)"
192.186.199.34 - - [30/Sep/2014:08:02:06 -0700] "POST /wp-cron.php?doing_wp_cron=1412089326.6945021152496337890625 HTTP/1.0" 200 - "-" "WordPress/3.9; http://hardhittinent.com"
91.180.134.47 - - [30/Sep/2014:08:02:06 -0700] "GET / HTTP/1.1" 301 - "https://www.google.be/" "Mozilla/5.0 (iPhone; CPU iPhone OS 7_0_3 like Mac OS X) AppleWebKit/537.51.1 (KHTML, like Gecko) Version/7.0 Mobile/11B511 Safari/9537.53"
91.180.134.47 - - [30/Sep/2014:08:02:07 -0700] "GET / HTTP/1.1" 200 41540 "https://www.google.be/" "Mozilla/5.0 (iPhone; CPU iPhone OS 7_0_3 like Mac OS X) AppleWebKit/537.51.1 (KHTML, like Gecko) Version/7.0 Mobile/11B511 Safari/9537.53"
91.180.134.47 - - [30/Sep/2014:08:02:09 -0700] "GET /wp-content/plugins/jetpack/modules/subscriptions/subscriptions.css?ver=3.9 HTTP/1.1" 200 137 "http://hardhittinent.com/" "Mozilla/5.0 (iPhone; CPU iPhone OS 7_0_3 like Mac OS X) AppleWebKit/537.51.1 (KHTML, like Gecko) Version/7.0 Mobile/11B511 Safari/9537.53"
91.180.134.47 - - [30/Sep/2014:08:02:09 -0700] "GET /wp-content/plugins/jetpack/modules/widgets/widgets.css?ver=20121003 HTTP/1.1" 200 204 "http://hardhittinent.com/" "Mozilla/5.0 (iPhone; CPU iPhone OS 7_0_3 like Mac OS X) AppleWebKit/537.51.1 (KHTML, like Gecko) Version/7.0 Mobile/11B511 Safari/9537.53"
91.180.134.47 - - [30/Sep/2014:08:02:09 -0700] "GET /wp-content/plugins/sidebar-login/assets/css/sidebar-login.css?ver=2.6.0 HTTP/1.1" 200 1248 "http://hardhittinent.com/" "Mozilla/5.0 (iPhone; CPU iPhone OS 7_0_3 like Mac OS X) AppleWebKit/537.51.1 (KHTML, like Gecko) Version/7.0 Mobile/11B511 Safari/9537.53"
91.180.134.47 - - [30/Sep/2014:08:02:09 -0700] "GET /wp-content/plugins/youtube-channel/assets/css/youtube-channel.css?ver=2.2.0 HTTP/1.1" 200 1020 "http://hardhittinent.com/" "Mozilla/5.0 (iPhone; CPU iPhone OS 7_0_3 like Mac OS X) AppleWebKit/537.51.1 (KHTML, like Gecko) Version/7.0 Mobile/11B511 Safari/9537.53"
91.180.134.47 - - [30/Sep/2014:08:02:09 -0700] "GET /wp-content/plugins/automatic-youtube-video-posts/css/style.css?ver=3.9 HTTP/1.1" 200 3117 "http://hardhittinent.com/" "Mozilla/5.0 (iPhone; CPU iPhone OS 7_0_3 like Mac OS X) AppleWebKit/537.51.1 (KHTML, like Gecko) Version/7.0 Mobile/11B511 Safari/9537.53"
91.180.134.47 - - [30/Sep/2014:08:02:09 -0700] "GET /wp-content/plugins/custom-facebook-feed/css/cff-style.css?6&ver=3.9 HTTP/1.1" 200 4869 "http://hardhittinent.com/" "Mozilla/5.0 (iPhone; CPU iPhone OS 7_0_3 like Mac OS X) AppleWebKit/537.51.1 (KHTML, like Gecko) Version/7.0 Mobile/11B511 Safari/9537.53"
91.180.134.47 - - [30/Sep/2014:08:02:09 -0700] "GET /wp-content/plugins/youtube-channel/assets/lib/magnific-popup/magnific-popup.css?ver=2.2.0 HTTP/1.1" 200 7813 "http://hardhittinent.com/" "Mozilla/5.0 (iPhone; CPU iPhone OS 7_0_3 like Mac OS X) AppleWebKit/537.51.1 (KHTML, like Gecko) Version/7.0 Mobile/11B511 Safari/9537.53"
91.180.134.47 - - [30/Sep/2014:08:02:09 -0700] "GET /wp-content/themes/replay/style.css?ver=3.9 HTTP/1.1" 200 50561 "http://hardhittinent.com/" "Mozilla/5.0 (iPhone; CPU iPhone OS 7_0_3 like Mac OS X) AppleWebKit/537.51.1 (KHTML, like Gecko) Version/7.0 Mobile/11B511 Safari/9537.53"
91.180.134.47 - - [30/Sep/2014:08:02:09 -0700] "GET /wp-content/plugins/alpine-photo-tile-for-instagram/css/AlpinePhotoTiles_style.css?ver=1.2.7 HTTP/1.1" 200 4769 "http://hardhittinent.com/" "Mozilla/5.0 (iPhone; CPU iPhone OS 7_0_3 like Mac OS X) AppleWebKit/537.51.1 (KHTML, like Gecko) Version/7.0 Mobile/11B511 Safari/9537.53"
91.180.134.47 - - [30/Sep/2014:08:02:09 -0700] "GET /wp-content/plugins/alpine-photo-tile-for-instagram/js/fancybox-alpine-safemode/jquery.fancyboxForAlpine-1.3.4.css?ver=3.9 HTTP/1.1" 200 10008 "http://hardhittinent.com/" "Mozilla/5.0 (iPhone; CPU iPhone OS 7_0_3 like Mac OS X) AppleWebKit/537.51.1 (KHTML, like Gecko) Version/7.0 Mobile/11B511 Safari/9537.53"
91.180.134.47 - - [30/Sep/2014:08:02:10 -0700] "GET /wp-content/plugins/sidebar-login/assets/js/blockui.min.js?ver=2.57 HTTP/1.1" 200 9125 "http://hardhittinent.com/" "Mozilla/5.0 (iPhone; CPU iPhone OS 7_0_3 like Mac OS X) AppleWebKit/537.51.1 (KHTML, like Gecko) Version/7.0 Mobile/11B511 Safari/9537.53"
91.180.134.47 - - [30/Sep/2014:08:02:10 -0700] "GET /wp-content/plugins/sidebar-login/assets/js/sidebar-login.min.js?ver=2.6.0 HTTP/1.1" 200 1306 "http://hardhittinent.com/" "Mozilla/5.0 (iPhone; CPU iPhone OS 7_0_3 like Mac OS X) AppleWebKit/537.51.1 (KHTML, like Gecko) Version/7.0 Mobile/11B511 Safari/9537.53"
91.180.134.47 - - [30/Sep/2014:08:02:10 -0700] "GET /wp-includes/js/jquery/jquery-migrate.min.js?ver=1.2.1 HTTP/1.1" 200 7200 "http://hardhittinent.com/" "Mozilla/5.0 (iPhone; CPU iPhone OS 7_0_3 like Mac OS X) AppleWebKit/537.51.1 (KHTML, like Gecko) Version/7.0 Mobile/11B511 Safari/9537.53"
91.180.134.47 - - [30/Sep/2014:08:02:10 -0700] "GET /wp-content/themes/replay/js/jquery.fadeSlider.js?ver=3.9 HTTP/1.1" 200 4744 "http://hardhittinent.com/" "Mozilla/5.0 (iPhone; CPU iPhone OS 7_0_3 like Mac OS X) AppleWebKit/537.51.1 (KHTML, like Gecko) Version/7.0 Mobile/11B511 Safari/9537.53"
91.180.134.47 - - [30/Sep/2014:08:02:10 -0700] "GET /wp-content/themes/replay/js/jquery.custom.js?ver=3.9 HTTP/1.1" 200 8141 "http://hardhittinent.com/" "Mozilla/5.0 (iPhone; CPU iPhone OS 7_0_3 like Mac OS X) AppleWebKit/537.51.1 (KHTML, like Gecko) Version/7.0 Mobile/11B511 Safari/9537.53"
91.180.134.47 - - [30/Sep/2014:08:02:10 -0700] "GET /wp-content/themes/replay/js/jquery.mousewheel.min.js?ver=3.9 HTTP/1.1" 200 1392 "http://hardhittinent.com/" "Mozilla/5.0 (iPhone; CPU iPhone OS 7_0_3 like Mac OS X) AppleWebKit/537.51.1 (KHTML, like Gecko) Version/7.0 Mobile/11B511 Safari/9537.53"
91.180.134.47 - - [30/Sep/2014:08:02:10 -0700] "GET /wp-content/themes/replay/js/jquery.ui.touchPunch.min.js?ver=3.9 HTTP/1.1" 200 1190 "http://hardhittinent.com/" "Mozilla/5.0 (iPhone; CPU iPhone OS 7_0_3 like Mac OS X) AppleWebKit/537.51.1 (KHTML, like Gecko) Version/7.0 Mobile/11B511 Safari/9537.53"
91.180.134.47 - - [30/Sep/2014:08:02:10 -0700] "GET /wp-content/plugins/youtube-channel/assets/js/youtube-channel.js?ver=2.2.0 HTTP/1.1" 200 218 "http://hardhittinent.com/" "Mozilla/5.0 (iPhone; CPU iPhone OS 7_0_3 like Mac OS X) AppleWebKit/537.51.1 (KHTML, like Gecko) Version/7.0 Mobile/11B511 Safari/9537.53"
91.180.134.47 - - [30/Sep/2014:08:02:10 -0700] "GET /wp-includes/js/jquery/jquery.js?ver=1.11.0 HTTP/1.1" 200 96402 "http://hardhittinent.com/" "Mozilla/5.0 (iPhone; CPU iPhone OS 7_0_3 like Mac OS X) AppleWebKit/537.51.1 (KHTML, like Gecko) Version/7.0 Mobile/11B511 Safari/9537.53"
91.180.134.47 - - [30/Sep/2014:08:02:10 -0700] "GET /wp-content/themes/replay/js/jplayer/jquery.jplayer.playlist.min.js?ver=3.9 HTTP/1.1" 200 8856 "http://hardhittinent.com/" "Mozilla/5.0 (iPhone; CPU iPhone OS 7_0_3 like Mac OS X) AppleWebKit/537.51.1 (KHTML, like Gecko) Version/7.0 Mobile/11B511 Safari/9537.53"
91.180.134.47 - - [30/Sep/2014:08:02:10 -0700] "GET /wp-content/themes/replay/js/jplayer/jquery.jplayer.min.js?ver=3.9 HTTP/1.1" 200 43668 "http://hardhittinent.com/" "Mozilla/5.0 (iPhone; CPU iPhone OS 7_0_3 like Mac OS X) AppleWebKit/537.51.1 (KHTML, like Gecko) Version/7.0 Mobile/11B511 Safari/9537.53"
91.180.134.47 - - [30/Sep/2014:08:02:10 -0700] "GET /wp-content/themes/replay/js/jquery.twitterFetcher.js?ver=3.9 HTTP/1.1" 200 2952 "http://hardhittinent.com/" "Mozilla/5.0 (iPhone; CPU iPhone OS 7_0_3 like Mac OS X) AppleWebKit/537.51.1 (KHTML, like Gecko) Version/7.0 Mobile/11B511 Safari/9537.53"
91.180.134.47 - - [30/Sep/2014:08:02:10 -0700] "GET /wp-content/plugins/custom-facebook-feed/js/cff-scripts.js?6&ver=1.8 HTTP/1.1" 200 1910 "http://hardhittinent.com/" "Mozilla/5.0 (iPhone; CPU iPhone OS 7_0_3 like Mac OS X) AppleWebKit/537.51.1 (KHTML, like Gecko) Version/7.0 Mobile/11B511 Safari/9537.53"
91.180.134.47 - - [30/Sep/2014:08:02:10 -0700] "GET /wp-content/plugins/alpine-photo-tile-for-instagram/js/AlpinePhotoTiles_script.js?ver=1.2.7 HTTP/1.1" 200 21257 "http://hardhittinent.com/" "Mozilla/5.0 (iPhone; CPU iPhone OS 7_0_3 like Mac OS X) AppleWebKit/537.51.1 (KHTML, like Gecko) Version/7.0 Mobile/11B511 Safari/9537.53"
91.180.134.47 - - [30/Sep/2014:08:02:10 -0700] "GET /wp-content/themes/replay/js/jquery.ribbonSlider.js?ver=3.9 HTTP/1.1" 200 4543 "http://hardhittinent.com/" "Mozilla/5.0 (iPhone; CPU iPhone OS 7_0_3 like Mac OS X) AppleWebKit/537.51.1 (KHTML, like Gecko) Version/7.0 Mobile/11B511 Safari/9537.53"
91.180.134.47 - - [30/Sep/2014:08:02:10 -0700] "GET /wp-includes/js/hoverIntent.min.js?ver=r7 HTTP/1.1" 200 1116 "http://hardhittinent.com/" "Mozilla/5.0 (iPhone; CPU iPhone OS 7_0_3 like Mac OS X) AppleWebKit/537.51.1 (KHTML, like Gecko) Version/7.0 Mobile/11B511 Safari/9537.53"
91.180.134.47 - - [30/Sep/2014:08:02:10 -0700] "GET /wp-includes/js/jquery/ui/jquery.ui.core.min.js?ver=1.10.4 HTTP/1.1" 200 4289 "http://hardhittinent.com/" "Mozilla/5.0 (iPhone; CPU iPhone OS 7_0_3 like Mac OS X) AppleWebKit/537.51.1 (KHTML, like Gecko) Version/7.0 Mobile/11B511 Safari/9537.53"
91.180.134.47 - - [30/Sep/2014:08:02:10 -0700] "GET /wp-includes/js/jquery/ui/jquery.ui.mouse.min.js?ver=1.10.4 HTTP/1.1" 200 2841 "http://hardhittinent.com/" "Mozilla/5.0 (iPhone; CPU iPhone OS 7_0_3 like Mac OS X) AppleWebKit/537.51.1 (KHTML, like Gecko) Version/7.0 Mobile/11B511 Safari/9537.53"
91.180.134.47 - - [30/Sep/2014:08:02:11 -0700] "GET /wp-content/plugins/alpine-photo-tile-for-instagram/js/fancybox-alpine-safemode/jquery.fancyboxForAlpine-1.3.4.pack.js?ver=3.9 HTTP/1.1" 200 16488 "http://hardhittinent.com/" "Mozilla/5.0 (iPhone; CPU iPhone OS 7_0_3 like Mac OS X) AppleWebKit/537.51.1 (KHTML, like Gecko) Version/7.0 Mobile/11B511 Safari/9537.53"
91.180.134.47 - - [30/Sep/2014:08:02:11 -0700] "GET /wp-includes/js/jquery/ui/jquery.ui.draggable.min.js?ver=1.10.4 HTTP/1.1" 200 18559 "http://hardhittinent.com/" "Mozilla/5.0 (iPhone; CPU iPhone OS 7_0_3 like Mac OS X) AppleWebKit/537.51.1 (KHTML, like Gecko) Version/7.0 Mobile/11B511 Safari/9537.53"
91.180.134.47 - - [30/Sep/2014:08:02:11 -0700] "GET /wp-includes/js/jquery/ui/jquery.ui.widget.min.js?ver=1.10.4 HTTP/1.1" 200 6521 "http://hardhittinent.com/" "Mozilla/5.0 (iPhone; CPU iPhone OS 7_0_3 like Mac OS X) AppleWebKit/537.51.1 (KHTML, like Gecko) Version/7.0 Mobile/11B511 Safari/9537.53"
91.180.134.47 - - [30/Sep/2014:08:02:11 -0700] "GET /wp-content/plugins/youtube-channel/assets/lib/magnific-popup/jquery.magnific-popup.min.js?ver=2.2.0 HTTP/1.1" 200 20947 "http://hardhittinent.com/" "Mozilla/5.0 (iPhone; CPU iPhone OS 7_0_3 like Mac OS X) AppleWebKit/537.51.1 (KHTML, like Gecko) Version/7.0 Mobile/11B511 Safari/9537.53"
91.180.134.47 - - [30/Sep/2014:08:02:11 -0700] "GET /wp-content/plugins/jetpack/modules/wpgroho.js?ver=3.9 HTTP/1.1" 200 930 "http://hardhittinent.com/" "Mozilla/5.0 (iPhone; CPU iPhone OS 7_0_3 like Mac OS X) AppleWebKit/537.51.1 (KHTML, like Gecko) Version/7.0 Mobile/11B511 Safari/9537.53"
91.180.134.47 - - [30/Sep/2014:08:02:12 -0700] "GET /wp-content/themes/replay/images/logo.png HTTP/1.1" 200 27725 "http://hardhittinent.com/" "Mozilla/5.0 (iPhone; CPU iPhone OS 7_0_3 like Mac OS X) AppleWebKit/537.51.1 (KHTML, like Gecko) Version/7.0 Mobile/11B511 Safari/9537.53"
91.180.134.47 - - [30/Sep/2014:08:02:12 -0700] "GET /wp-content/uploads/2014/02/front.jpeg HTTP/1.1" 200 263436 "http://hardhittinent.com/" "Mozilla/5.0 (iPhone; CPU iPhone OS 7_0_3 like Mac OS X) AppleWebKit/537.51.1 (KHTML, like Gecko) Version/7.0 Mobile/11B511 Safari/9537.53"
91.180.134.47 - - [30/Sep/2014:08:02:12 -0700] "GET /wp-content/uploads/2014/02/unnamed.jpg HTTP/1.1" 200 296638 "http://hardhittinent.com/" "Mozilla/5.0 (iPhone; CPU iPhone OS 7_0_3 like Mac OS X) AppleWebKit/537.51.1 (KHTML, like Gecko) Version/7.0 Mobile/11B511 Safari/9537.53"
91.180.134.47 - - [30/Sep/2014:08:02:12 -0700] "GET /wp-content/uploads/2014/06/Hard_Hittin_Ent_508_Alliance_Vol2-front-large.jpg HTTP/1.1" 200 278408 "http://hardhittinent.com/" "Mozilla/5.0 (iPhone; CPU iPhone OS 7_0_3 like Mac OS X) AppleWebKit/537.51.1 (KHTML, like Gecko) Version/7.0 Mobile/11B511 Safari/9537.53"
91.180.134.47 - - [30/Sep/2014:08:02:14 -0700] "GET /wp-content/uploads/2014/04/great-dame-fuck-dem-feat-wiz-dol3-450x337.jpg HTTP/1.1" 200 13129 "http://hardhittinent.com/" "Mozilla/5.0 (iPhone; CPU iPhone OS 7_0_3 like Mac OS X) AppleWebKit/537.51.1 (KHTML, like Gecko) Version/7.0 Mobile/11B511 Safari/9537.53"
91.180.134.47 - - [30/Sep/2014:08:02:14 -0700] "GET /wp-content/uploads/2014/04/caine-curse-presents-im-on-off-o-450x337.jpg HTTP/1.1" 200 17426 "http://hardhittinent.com/" "Mozilla/5.0 (iPhone; CPU iPhone OS 7_0_3 like Mac OS X) AppleWebKit/537.51.1 (KHTML, like Gecko) Version/7.0 Mobile/11B511 Safari/9537.53"
91.180.134.47 - - [30/Sep/2014:08:02:14 -0700] "GET /wp-content/uploads/2014/04/wiz-flowers-4-the-dead-even-if-p-450x253.jpg HTTP/1.1" 200 30335 "http://hardhittinent.com/" "Mozilla/5.0 (iPhone; CPU iPhone OS 7_0_3 like Mac OS X) AppleWebKit/537.51.1 (KHTML, like Gecko) Version/7.0 Mobile/11B511 Safari/9537.53"
91.180.134.47 - - [30/Sep/2014:08:02:14 -0700] "GET /wp-content/uploads/2014/04/hard-hittin-ent-presents-twin-mi-450x253.jpg HTTP/1.1" 200 27568 "http://hardhittinent.com/" "Mozilla/5.0 (iPhone; CPU iPhone OS 7_0_3 like Mac OS X) AppleWebKit/537.51.1 (KHTML, like Gecko) Version/7.0 Mobile/11B511 Safari/9537.53"
91.180.134.47 - - [30/Sep/2014:08:02:13 -0700] "GET /wp-content/uploads/2012/10/WIZTWINCAIN_CURSETITO_BEATS_HARD_HITTIN_ENT_A-front-large.jpg HTTP/1.1" 200 161486 "http://hardhittinent.com/" "Mozilla/5.0 (iPhone; CPU iPhone OS 7_0_3 like Mac OS X) AppleWebKit/537.51.1 (KHTML, like Gecko) Version/7.0 Mobile/11B511 Safari/9537.53"
91.180.134.47 - - [30/Sep/2014:08:02:14 -0700] "GET /wp-content/uploads/2014/04/wiz-what-they-talking-bout-450x253.jpg HTTP/1.1" 200 34202 "http://hardhittinent.com/" "Mozilla/5.0 (iPhone; CPU iPhone OS 7_0_3 like Mac OS X) AppleWebKit/537.51.1 (KHTML, like Gecko) Version/7.0 Mobile/11B511 Safari/9537.53"
91.180.134.47 - - [30/Sep/2014:08:02:14 -0700] "GET /wp-content/uploads/2014/04/hard-hittin-ent-presents-twin-st-450x337.jpg HTTP/1.1" 200 29627 "http://hardhittinent.com/" "Mozilla/5.0 (iPhone; CPU iPhone OS 7_0_3 like Mac OS X) AppleWebKit/537.51.1 (KHTML, like Gecko) Version/7.0 Mobile/11B511 Safari/9537.53"
91.180.134.47 - - [30/Sep/2014:08:02:14 -0700] "GET /wp-content/themes/replay/images/subheader_top_bg.png HTTP/1.1" 200 130 "http://hardhittinent.com/" "Mozilla/5.0 (iPhone; CPU iPhone OS 7_0_3 like Mac OS X) AppleWebKit/537.51.1 (KHTML, like Gecko) Version/7.0 Mobile/11B511 Safari/9537.53"
91.180.134.47 - - [30/Sep/2014:08:02:15 -0700] "GET /wp-content/themes/replay/images/select_menu_arrows.png HTTP/1.1" 200 593 "http://hardhittinent.com/" "Mozilla/5.0 (iPhone; CPU iPhone OS 7_0_3 like Mac OS X) AppleWebKit/537.51.1 (KHTML, like Gecko) Version/7.0 Mobile/11B511 Safari/9537.53"
91.180.134.47 - - [30/Sep/2014:08:02:15 -0700] "GET /wp-content/themes/replay/images/search_icon.png HTTP/1.1" 200 361 "http://hardhittinent.com/" "Mozilla/5.0 (iPhone; CPU iPhone OS 7_0_3 like Mac OS X) AppleWebKit/537.51.1 (KHTML, like Gecko) Version/7.0 Mobile/11B511 Safari/9537.53"
91.180.134.47 - - [30/Sep/2014:08:02:15 -0700] "GET /wp-content/themes/replay/images/player_top_bg.png HTTP/1.1" 200 1943 "http://hardhittinent.com/" "Mozilla/5.0 (iPhone; CPU iPhone OS 7_0_3 like Mac OS X) AppleWebKit/537.51.1 (KHTML, like Gecko) Version/7.0 Mobile/11B511 Safari/9537.53"
91.180.134.47 - - [30/Sep/2014:08:02:15 -0700] "GET /wp-content/themes/replay/images/subheader_bottom_bg.png HTTP/1.1" 200 1468 "http://hardhittinent.com/" "Mozilla/5.0 (iPhone; CPU iPhone OS 7_0_3 like Mac OS X) AppleWebKit/537.51.1 (KHTML, like Gecko) Version/7.0 Mobile/11B511 Safari/9537.53"
91.180.134.47 - - [30/Sep/2014:08:02:15 -0700] "GET //wp-content/themes/replay/images/patterns/pattern_15.png HTTP/1.1" 200 353 "http://hardhittinent.com/" "Mozilla/5.0 (iPhone; CPU iPhone OS 7_0_3 like Mac OS X) AppleWebKit/537.51.1 (KHTML, like Gecko) Version/7.0 Mobile/11B511 Safari/9537.53"
91.180.134.47 - - [30/Sep/2014:08:02:12 -0700] "GET /wp-content/uploads/2014/01/Various_Artists_508_Alliance-front-large.jpg HTTP/1.1" 200 338264 "http://hardhittinent.com/" "Mozilla/5.0 (iPhone; CPU iPhone OS 7_0_3 like Mac OS X) AppleWebKit/537.51.1 (KHTML, like Gecko) Version/7.0 Mobile/11B511 Safari/9537.53"
91.180.134.47 - - [30/Sep/2014:08:02:15 -0700] "GET /wp-content/themes/replay/images/subscribe_icon.png HTTP/1.1" 200 205 "http://hardhittinent.com/" "Mozilla/5.0 (iPhone; CPU iPhone OS 7_0_3 like Mac OS X) AppleWebKit/537.51.1 (KHTML, like Gecko) Version/7.0 Mobile/11B511 Safari/9537.53"
91.180.134.47 - - [30/Sep/2014:08:02:15 -0700] "GET /wp-content/uploads/2014/04/hard-hittin-ent-presents-twin-lo-450x337.jpg HTTP/1.1" 200 31391 "http://hardhittinent.com/" "Mozilla/5.0 (iPhone; CPU iPhone OS 7_0_3 like Mac OS X) AppleWebKit/537.51.1 (KHTML, like Gecko) Version/7.0 Mobile/11B511 Safari/9537.53"
91.180.134.47 - - [30/Sep/2014:08:02:17 -0700] "GET /events/ HTTP/1.1" 200 24665 "https://www.google.be/" "Mozilla/5.0 (iPhone; CPU iPhone OS 7_0_3 like Mac OS X) AppleWebKit/537.51.1 (KHTML, like Gecko) Version/7.0 Mobile/11B511 Safari/9537.53"
91.180.134.47 - - [30/Sep/2014:08:02:18 -0700] "GET //wp-content/themes/replay/images/patterns/pattern_15.png HTTP/1.1" 200 353 "http://hardhittinent.com/events/" "Mozilla/5.0 (iPhone; CPU iPhone OS 7_0_3 like Mac OS X) AppleWebKit/537.51.1 (KHTML, like Gecko) Version/7.0 Mobile/11B511 Safari/9537.53"
91.180.134.47 - - [30/Sep/2014:08:02:18 -0700] "GET /wp-content/themes/replay/images/subheader_top_bg.png HTTP/1.1" 200 130 "http://hardhittinent.com/events/" "Mozilla/5.0 (iPhone; CPU iPhone OS 7_0_3 like Mac OS X) AppleWebKit/537.51.1 (KHTML, like Gecko) Version/7.0 Mobile/11B511 Safari/9537.53"
91.180.134.47 - - [30/Sep/2014:08:02:18 -0700] "GET /wp-content/themes/replay/images/subscribe_icon.png HTTP/1.1" 200 205 "http://hardhittinent.com/events/" "Mozilla/5.0 (iPhone; CPU iPhone OS 7_0_3 like Mac OS X) AppleWebKit/537.51.1 (KHTML, like Gecko) Version/7.0 Mobile/11B511 Safari/9537.53"
91.180.134.47 - - [30/Sep/2014:08:02:18 -0700] "GET /wp-content/themes/replay/images/supheader_bg.png HTTP/1.1" 200 931 "http://hardhittinent.com/events/" "Mozilla/5.0 (iPhone; CPU iPhone OS 7_0_3 like Mac OS X) AppleWebKit/537.51.1 (KHTML, like Gecko) Version/7.0 Mobile/11B511 Safari/9537.53"
91.180.134.47 - - [30/Sep/2014:08:02:18 -0700] "GET /wp-content/themes/replay/images/button_dark_bg.png HTTP/1.1" 200 126 "http://hardhittinent.com/events/" "Mozilla/5.0 (iPhone; CPU iPhone OS 7_0_3 like Mac OS X) AppleWebKit/537.51.1 (KHTML, like Gecko) Version/7.0 Mobile/11B511 Safari/9537.53"
91.180.134.47 - - [30/Sep/2014:08:02:18 -0700] "GET /wp-content/themes/replay/images/social_icons.png HTTP/1.1" 200 9723 "http://hardhittinent.com/events/" "Mozilla/5.0 (iPhone; CPU iPhone OS 7_0_3 like Mac OS X) AppleWebKit/537.51.1 (KHTML, like Gecko) Version/7.0 Mobile/11B511 Safari/9537.53"
91.180.134.47 - - [30/Sep/2014:08:02:18 -0700] "GET /wp-content/themes/replay/images/subheader_bottom_bg.png HTTP/1.1" 200 1468 "http://hardhittinent.com/events/" "Mozilla/5.0 (iPhone; CPU iPhone OS 7_0_3 like Mac OS X) AppleWebKit/537.51.1 (KHTML, like Gecko) Version/7.0 Mobile/11B511 Safari/9537.53"
91.180.134.47 - - [30/Sep/2014:08:02:19 -0700] "GET /wp-content/themes/replay/images/search_icon.png HTTP/1.1" 200 361 "http://hardhittinent.com/events/" "Mozilla/5.0 (iPhone; CPU iPhone OS 7_0_3 like Mac OS X) AppleWebKit/537.51.1 (KHTML, like Gecko) Version/7.0 Mobile/11B511 Safari/9537.53"
91.180.134.47 - - [30/Sep/2014:08:02:19 -0700] "GET /wp-content/themes/replay/images/page_title_bg.png HTTP/1.1" 200 2206 "http://hardhittinent.com/events/" "Mozilla/5.0 (iPhone; CPU iPhone OS 7_0_3 like Mac OS X) AppleWebKit/537.51.1 (KHTML, like Gecko) Version/7.0 Mobile/11B511 Safari/9537.53"
91.180.134.47 - - [30/Sep/2014:08:02:19 -0700] "GET /wp-content/themes/replay/images/block_title_bg.png HTTP/1.1" 200 452 "http://hardhittinent.com/events/" "Mozilla/5.0 (iPhone; CPU iPhone OS 7_0_3 like Mac OS X) AppleWebKit/537.51.1 (KHTML, like Gecko) Version/7.0 Mobile/11B511 Safari/9537.53"
91.180.134.47 - - [30/Sep/2014:08:02:19 -0700] "GET /wp-content/themes/replay/images/select_menu_arrows.png HTTP/1.1" 200 593 "http://hardhittinent.com/events/" "Mozilla/5.0 (iPhone; CPU iPhone OS 7_0_3 like Mac OS X) AppleWebKit/537.51.1 (KHTML, like Gecko) Version/7.0 Mobile/11B511 Safari/9537.53"
91.180.134.47 - - [30/Sep/2014:08:02:19 -0700] "GET /wp-content/themes/replay/images/footer_bottom_bg.png HTTP/1.1" 200 203 "http://hardhittinent.com/events/" "Mozilla/5.0 (iPhone; CPU iPhone OS 7_0_3 like Mac OS X) AppleWebKit/537.51.1 (KHTML, like Gecko) Version/7.0 Mobile/11B511 Safari/9537.53"
91.180.134.47 - - [30/Sep/2014:08:02:19 -0700] "GET /wp-content/themes/replay/images/bg_black_70.png HTTP/1.1" 200 125 "http://hardhittinent.com/events/" "Mozilla/5.0 (iPhone; CPU iPhone OS 7_0_3 like Mac OS X) AppleWebKit/537.51.1 (KHTML, like Gecko) Version/7.0 Mobile/11B511 Safari/9537.53"
91.180.134.47 - - [30/Sep/2014:08:02:19 -0700] "GET /wp-content/themes/replay/images/footer_top_bg.png HTTP/1.1" 200 931 "http://hardhittinent.com/events/" "Mozilla/5.0 (iPhone; CPU iPhone OS 7_0_3 like Mac OS X) AppleWebKit/537.51.1 (KHTML, like Gecko) Version/7.0 Mobile/11B511 Safari/9537.53"
91.180.134.47 - - [30/Sep/2014:08:02:24 -0700] "GET /artists/ HTTP/1.1" 200 18872 "https://www.google.be/" "Mozilla/5.0 (iPhone; CPU iPhone OS 7_0_3 like Mac OS X) AppleWebKit/537.51.1 (KHTML, like Gecko) Version/7.0 Mobile/11B511 Safari/9537.53"
91.180.134.47 - - [30/Sep/2014:08:02:25 -0700] "GET /wp-content/uploads/2012/10/559989_4608395546423_246931789_n-450x450.jpg HTTP/1.1" 200 56662 "http://hardhittinent.com/artists/" "Mozilla/5.0 (iPhone; CPU iPhone OS 7_0_3 like Mac OS X) AppleWebKit/537.51.1 (KHTML, like Gecko) Version/7.0 Mobile/11B511 Safari/9537.53"
91.180.134.47 - - [30/Sep/2014:08:02:26 -0700] "GET /wp-content/themes/replay/images/caption_bg.png HTTP/1.1" 200 143 "http://hardhittinent.com/artists/" "Mozilla/5.0 (iPhone; CPU iPhone OS 7_0_3 like Mac OS X) AppleWebKit/537.51.1 (KHTML, like Gecko) Version/7.0 Mobile/11B511 Safari/9537.53"
91.180.134.47 - - [30/Sep/2014:08:02:26 -0700] "GET /wp-content/uploads/2012/10/996602_4608407826730_463932187_n-450x450.jpg HTTP/1.1" 200 55311 "http://hardhittinent.com/artists/" "Mozilla/5.0 (iPhone; CPU iPhone OS 7_0_3 like Mac OS X) AppleWebKit/537.51.1 (KHTML, like Gecko) Version/7.0 Mobile/11B511 Safari/9537.53"
91.180.134.47 - - [30/Sep/2014:08:02:26 -0700] "GET /wp-content/uploads/2012/10/1208961_4608403786629_863435474_n-450x450.jpg HTTP/1.1" 200 54593 "http://hardhittinent.com/artists/" "Mozilla/5.0 (iPhone; CPU iPhone OS 7_0_3 like Mac OS X) AppleWebKit/537.51.1 (KHTML, like Gecko) Version/7.0 Mobile/11B511 Safari/9537.53"
91.180.134.47 - - [30/Sep/2014:08:02:26 -0700] "GET /wp-content/uploads/2012/10/963921_593067230717437_1888690960_o-450x450.jpg HTTP/1.1" 200 58051 "http://hardhittinent.com/artists/" "Mozilla/5.0 (iPhone; CPU iPhone OS 7_0_3 like Mac OS X) AppleWebKit/537.51.1 (KHTML, like Gecko) Version/7.0 Mobile/11B511 Safari/9537.53"
192.186.199.34 - - [30/Sep/2014:08:03:39 -0700] "POST /wp-cron.php?doing_wp_cron=1412089419.8680229187011718750000 HTTP/1.0" 200 - "-" "WordPress/3.9; http://hardhittinent.com"
125.253.118.46 - - [30/Sep/2014:08:03:39 -0700] "POST /wp-login.php HTTP/1.1" 200 3188 "http://hardhittinent.com/wp-login.php" "[% tools.ua.random() %]"
192.186.199.34 - - [30/Sep/2014:08:15:12 -0700] "POST /wp-cron.php?doing_wp_cron=1412090112.3608460426330566406250 HTTP/1.0" 200 - "-" "WordPress/3.9; http://hardhittinent.com"
91.200.12.128 - - [30/Sep/2014:08:15:11 -0700] "GET /twin-wiz-double-cups/ HTTP/1.1" 200 27729 "-" "Mozilla/4.0 (compatible; MSIE 6.0; Windows NT 5.1; SV1; Mozilla/4.0 (compatible; MSIE 6.0; Windows NT 5.1; SV1) )"
91.200.12.128 - - [30/Sep/2014:08:15:15 -0700] "POST /wp-comments-post.php HTTP/1.1" 302 - "http://hardhittinent.com/twin-wiz-double-cups/" "Mozilla/4.0 (compatible; MSIE 6.0; Windows NT 5.1; SV1; Mozilla/4.0 (compatible; MSIE 6.0; Windows NT 5.1; SV1) ; .NET CLR 1.0.3705)"
192.186.199.34 - - [30/Sep/2014:08:31:13 -0700] "POST /wp-cron.php?doing_wp_cron=1412091073.1031301021575927734375 HTTP/1.0" 200 - "-" "WordPress/3.9; http://hardhittinent.com"
54.165.32.182 - - [30/Sep/2014:08:31:12 -0700] "GET /home/feed/ HTTP/1.1" 200 722 "-" "Mozilla/5.0 (X11; Ubuntu; Linux x86_64; rv:31.0) Gecko/20100101 Firefox/31.0"
207.46.13.98 - - [30/Sep/2014:08:33:55 -0700] "GET /508_Alliance_Vol2 HTTP/1.1" 301 - "-" "Mozilla/5.0 (compatible; bingbot/2.0; +http://www.bing.com/bingbot.htm)"
104.53.184.71 - - [30/Sep/2014:08:46:16 -0700] "GET /508_Alliance_Vol2 HTTP/1.1" 301 - "-" "Mozilla/5.0 (Macintosh; Intel Mac OS X 10.8; rv:31.0) Gecko/20100101 Firefox/31.0"
54.165.198.197 - - [30/Sep/2014:08:48:21 -0700] "GET /wp-content/uploads/2014/04/ballin-3x-official-video-twin-ft-450x337.jpg HTTP/1.1" 200 18302 "-" "Mozilla/5.0 (X11; Linux x86_64) AppleWebKit/537.36 (KHTML, like Gecko) Chrome/29.0.1547.57 Safari/537.36"
192.186.199.34 - - [30/Sep/2014:09:05:14 -0700] "POST /wp-cron.php?doing_wp_cron=1412093114.3850440979003906250000 HTTP/1.0" 200 - "-" "WordPress/3.9; http://hardhittinent.com"
54.210.73.182 - - [30/Sep/2014:09:05:13 -0700] "GET /hard-hittin-ent-presents-twin-mi-suerte-sneak-peaktrailer-official-video-comin-soon/ HTTP/1.1" 200 26670 "-" "Mozilla/5.0 (X11; Linux x86_64) AppleWebKit/537.36 (KHTML, like Gecko) Chrome/29.0.1547.57 Safari/537.36"
54.165.203.245 - - [30/Sep/2014:09:14:00 -0700] "GET /wp-content/uploads/2014/04/great-dame-fuck-dem-feat-wiz-dol3-450x337.jpg HTTP/1.1" 200 13129 "-" "Mozilla/5.0 (X11; Ubuntu; Linux x86_64; rv:31.0) Gecko/20100101 Firefox/31.0"
192.186.199.34 - - [30/Sep/2014:09:18:46 -0700] "POST /wp-cron.php?doing_wp_cron=1412093926.7718679904937744140625 HTTP/1.0" 200 - "-" "WordPress/3.9; http://hardhittinent.com"
38.97.127.10 - - [30/Sep/2014:09:18:46 -0700] "GET /admin HTTP/1.1" 302 - "-" "Mozilla/5.0 (Macintosh; Intel Mac OS X 10_9_4) AppleWebKit/537.36 (KHTML, like Gecko) Chrome/37.0.2062.122 Safari/537.36"
38.97.127.10 - - [30/Sep/2014:09:18:47 -0700] "GET /wp-admin/ HTTP/1.1" 200 77368 "-" "Mozilla/5.0 (Macintosh; Intel Mac OS X 10_9_4) AppleWebKit/537.36 (KHTML, like Gecko) Chrome/37.0.2062.122 Safari/537.36"
38.97.127.10 - - [30/Sep/2014:09:18:49 -0700] "GET /wp-content/plugins/google-analytics-for-wordpress/css/yoast_ga_styles.css?ver=3.9 HTTP/1.1" 304 - "http://hardhittinent.com/wp-admin/" "Mozilla/5.0 (Macintosh; Intel Mac OS X 10_9_4) AppleWebKit/537.36 (KHTML, like Gecko) Chrome/37.0.2062.122 Safari/537.36"
38.97.127.10 - - [30/Sep/2014:09:18:49 -0700] "GET /wp-content/plugins/google-analytics-for-wordpress/img/yoast-icon.png HTTP/1.1" 304 - "http://hardhittinent.com/wp-admin/" "Mozilla/5.0 (Macintosh; Intel Mac OS X 10_9_4) AppleWebKit/537.36 (KHTML, like Gecko) Chrome/37.0.2062.122 Safari/537.36"
38.97.127.10 - - [30/Sep/2014:09:18:49 -0700] "GET /wp-content/plugins/google-analytics-for-wordpress/js/yoast_ga_admin.js?ver=3.9 HTTP/1.1" 304 - "http://hardhittinent.com/wp-admin/" "Mozilla/5.0 (Macintosh; Intel Mac OS X 10_9_4) AppleWebKit/537.36 (KHTML, like Gecko) Chrome/37.0.2062.122 Safari/537.36"
38.97.127.10 - - [30/Sep/2014:09:18:50 -0700] "GET /favicon.ico HTTP/1.1" 200 17542 "-" "Mozilla/5.0 (Macintosh; Intel Mac OS X 10_9_4) AppleWebKit/537.36 (KHTML, like Gecko) Chrome/37.0.2062.122 Safari/537.36"
38.97.127.10 - - [30/Sep/2014:09:18:50 -0700] "GET /wp-admin/admin.php?page=stats&noheader&dashboard&width=890 HTTP/1.1" 200 4220 "http://hardhittinent.com/wp-admin/" "Mozilla/5.0 (Macintosh; Intel Mac OS X 10_9_4) AppleWebKit/537.36 (KHTML, like Gecko) Chrome/37.0.2062.122 Safari/537.36"
38.97.127.10 - - [30/Sep/2014:09:18:52 -0700] "POST /wp-admin/admin.php?page=stats&noheader&chart=flot-stats-data HTTP/1.1" 200 10696 "http://hardhittinent.com/wp-admin/" "Mozilla/5.0 (Macintosh; Intel Mac OS X 10_9_4) AppleWebKit/537.36 (KHTML, like Gecko) Chrome/37.0.2062.122 Safari/537.36"
38.97.127.10 - - [30/Sep/2014:09:18:49 -0700] "GET /wp-admin/admin-ajax.php?action=gad_fill_dp&cookie=wp-settings-4%3DlibraryContent%253Dbrowse%3B%20wp-settings-time-4%3D1409945156%3B%20__utma%3D269947880.1502001607.1409713973.1411427962.1411925372.5%3B%20__utmc%3D269947880%3B%20__utmz%3D269947880.1409945137.1.1.utmcsr%3D(direct)%7Cutmccn%3D(direct)%7Cutmcmd%3D(none)%3B%20_ga%3DGA1.2.1502001607.1409713973&rndval=1412093929897 HTTP/1.1" 200 3155 "http://hardhittinent.com/wp-admin/" "Mozilla/5.0 (Macintosh; Intel Mac OS X 10_9_4) AppleWebKit/537.36 (KHTML, like Gecko) Chrome/37.0.2062.122 Safari/537.36"
192.186.199.34 - - [30/Sep/2014:09:19:01 -0700] "POST /wp-cron.php?doing_wp_cron=1412093941.0486159324645996093750 HTTP/1.0" 200 - "-" "WordPress/3.9; http://hardhittinent.com"
38.97.127.10 - - [30/Sep/2014:09:19:00 -0700] "GET /wp-admin/options-general.php?page=301options HTTP/1.1" 200 48837 "http://hardhittinent.com/wp-admin/" "Mozilla/5.0 (Macintosh; Intel Mac OS X 10_9_4) AppleWebKit/537.36 (KHTML, like Gecko) Chrome/37.0.2062.122 Safari/537.36"
38.97.127.10 - - [30/Sep/2014:09:19:11 -0700] "POST /wp-admin/options-general.php?page=301options&savedata=true HTTP/1.1" 200 48961 "http://hardhittinent.com/wp-admin/options-general.php?page=301options" "Mozilla/5.0 (Macintosh; Intel Mac OS X 10_9_4) AppleWebKit/537.36 (KHTML, like Gecko) Chrome/37.0.2062.122 Safari/537.36"
38.97.127.10 - - [30/Sep/2014:09:19:18 -0700] "GET /wp-admin/options-general.php?page=wp_redirect_options HTTP/1.1" 200 40088 "http://hardhittinent.com/wp-admin/options-general.php?page=301options&savedata=true" "Mozilla/5.0 (Macintosh; Intel Mac OS X 10_9_4) AppleWebKit/537.36 (KHTML, like Gecko) Chrome/37.0.2062.122 Safari/537.36"
38.97.127.10 - - [30/Sep/2014:09:19:24 -0700] "POST /wp-admin/options.php HTTP/1.1" 302 - "http://hardhittinent.com/wp-admin/options-general.php?page=wp_redirect_options" "Mozilla/5.0 (Macintosh; Intel Mac OS X 10_9_4) AppleWebKit/537.36 (KHTML, like Gecko) Chrome/37.0.2062.122 Safari/537.36"
38.97.127.10 - - [30/Sep/2014:09:19:24 -0700] "GET /wp-admin/options-general.php?page=wp_redirect_options&settings-updated=true HTTP/1.1" 200 40295 "http://hardhittinent.com/wp-admin/options-general.php?page=wp_redirect_options" "Mozilla/5.0 (Macintosh; Intel Mac OS X 10_9_4) AppleWebKit/537.36 (KHTML, like Gecko) Chrome/37.0.2062.122 Safari/537.36"
192.186.199.34 - - [30/Sep/2014:09:20:27 -0700] "POST /wp-cron.php?doing_wp_cron=1412094027.3598799705505371093750 HTTP/1.0" 200 - "-" "WordPress/3.9; http://hardhittinent.com"
38.97.127.10 - - [30/Sep/2014:09:20:26 -0700] "POST /wp-admin/admin-ajax.php HTTP/1.1" 200 47 "http://hardhittinent.com/wp-admin/options-general.php?page=wp_redirect_options&settings-updated=true" "Mozilla/5.0 (Macintosh; Intel Mac OS X 10_9_4) AppleWebKit/537.36 (KHTML, like Gecko) Chrome/37.0.2062.122 Safari/537.36"
54.165.32.182 - - [30/Sep/2014:09:28:49 -0700] "GET /wp-content/uploads/2014/04/wiz-flowers-4-the-dead-even-if-p-450x253.jpg HTTP/1.1" 200 30335 "-" "Mozilla/5.0 (X11; Ubuntu; Linux x86_64; rv:31.0) Gecko/20100101 Firefox/31.0"
123.125.71.46 - - [30/Sep/2014:09:34:18 -0700] "GET /new-video-coming-soon/ HTTP/1.1" 302 - "-" "Mozilla/5.0 (compatible; Baiduspider/2.0; +http://www.baidu.com/search/spider.html)"
192.186.199.34 - - [30/Sep/2014:09:34:19 -0700] "POST /wp-cron.php?doing_wp_cron=1412094859.4351570606231689453125 HTTP/1.0" 200 - "-" "WordPress/3.9; http://hardhittinent.com"
54.165.203.245 - - [30/Sep/2014:09:34:40 -0700] "GET / HTTP/1.1" 302 - "-" "Mozilla/5.0 (X11; Ubuntu; Linux x86_64; rv:31.0) Gecko/20100101 Firefox/31.0"
23.253.162.123 - - [30/Sep/2014:09:39:52 -0700] "GET /work-dat-video?utm_campaign=worldstarhiphop&utm_medium=shared_link&utm_source=wiz HTTP/1.1" 301 - "-" "Mozilla/5.0 (Windows NT 6.2; WOW64) AppleWebKit/537.31 (KHTML, like Gecko) Chrome/26.0.1410.64 Safari/537.31"
76.97.140.94 - - [30/Sep/2014:09:39:52 -0700] "GET /work-dat-video?utm_campaign=worldstarhiphop&utm_medium=shared_link&utm_source=wiz HTTP/1.1" 301 - "-" "Java/1.8.0_20"
54.193.154.25 - - [30/Sep/2014:09:39:52 -0700] "GET /work-dat-video?utm_campaign=worldstarhiphop&utm_medium=shared_link&utm_source=wiz HTTP/1.0" 301 - "http://bit.ly/1DS2HYm" "Mozilla/5.0 (Windows NT 6.1; WOW64; rv:15.0) Gecko/20100101 Firefox/15.0.1"
72.14.185.64 - - [30/Sep/2014:09:39:52 -0700] "GET /work-dat-video?utm_campaign=worldstarhiphop&utm_medium=shared_link&utm_source=wiz HTTP/1.1" 301 - "http://api.twitter.com/1/statuses/show/516990821527461888.json" "InAGist URL Resolver (http://inagist.com)"
23.22.146.196 - - [30/Sep/2014:09:39:52 -0700] "HEAD /work-dat-video?utm_campaign=worldstarhiphop&utm_medium=shared_link&utm_source=wiz HTTP/1.1" 301 - "-" "-"
46.236.24.52 - - [30/Sep/2014:09:39:52 -0700] "GET /work-dat-video HTTP/1.1" 301 - "-" "Mozilla/5.0 (TweetmemeBot/4.0; +http://datasift.com/bot.html) Gecko/20100101 Firefox/31.0"
199.16.156.124 - - [30/Sep/2014:09:39:52 -0700] "GET /robots.txt HTTP/1.1" 302 - "-" "Twitterbot/1.0"
54.241.198.78 - - [30/Sep/2014:09:39:53 -0700] "HEAD /work-dat-video?utm_campaign=worldstarhiphop&utm_medium=shared_link&utm_source=wiz HTTP/1.1" 301 - "-" "Google-HTTP-Java-Client/1.17.0-rc (gzip)"
54.241.198.78 - - [30/Sep/2014:09:39:53 -0700] "HEAD /work-dat-video?utm_campaign=worldstarhiphop&utm_medium=shared_link&utm_source=wiz HTTP/1.1" 301 - "-" "Google-HTTP-Java-Client/1.17.0-rc (gzip)"
199.16.156.125 - - [30/Sep/2014:09:39:52 -0700] "GET /robots.txt HTTP/1.1" 302 - "-" "Twitterbot/1.0"
23.29.122.222 - - [30/Sep/2014:09:39:54 -0700] "HEAD /work-dat-video?utm_campaign=worldstarhiphop&utm_medium=shared_link&utm_source=wiz HTTP/1.1" 301 - "-" "MetaURI API/2.0 +metauri.com"
192.99.1.152 - - [30/Sep/2014:09:39:57 -0700] "GET /work-dat-video?utm_campaign=worldstarhiphop&utm_medium=shared_link&utm_source=wiz HTTP/1.1" 301 - "http://bit.ly/1DS2HYm" "LivelapBot/0.2 (http://site.livelap.com/crawler)"
192.186.199.34 - - [30/Sep/2014:09:39:57 -0700] "POST /wp-cron.php?doing_wp_cron=1412095197.9014649391174316406250 HTTP/1.0" 200 - "-" "WordPress/3.9; http://hardhittinent.com"
192.186.199.34 - - [30/Sep/2014:09:39:57 -0700] "POST /wp-cron.php?doing_wp_cron=1412095197.2177948951721191406250 HTTP/1.0" 200 - "-" "WordPress/3.9; http://hardhittinent.com"
199.16.156.124 - - [30/Sep/2014:09:39:58 -0700] "GET /work-dat-video?utm_campaign=worldstarhiphop&utm_medium=shared_link&utm_source=wiz HTTP/1.1" 301 - "-" "Twitterbot/1.0"
199.16.156.125 - - [30/Sep/2014:09:39:59 -0700] "GET /work-dat-video?utm_campaign=worldstarhiphop&utm_medium=shared_link&utm_source=wiz HTTP/1.1" 301 - "-" "Twitterbot/1.0"
74.6.254.100 - - [30/Sep/2014:09:40:03 -0700] "GET /robots.txt HTTP/1.1" 302 - "-" "Mozilla/5.0 (compatible; Yahoo! Slurp; http://help.yahoo.com/help/us/ysearch/slurp)"
74.6.254.100 - - [30/Sep/2014:09:40:03 -0700] "HEAD /work-dat-video HTTP/1.1" 301 - "-" "Mozilla/5.0 (compatible; Yahoo! Slurp; http://help.yahoo.com/help/us/ysearch/slurp)"
74.6.254.100 - - [30/Sep/2014:09:40:22 -0700] "GET /work-dat-video HTTP/1.1" 301 - "-" "Mozilla/5.0 (compatible; Yahoo! Slurp; http://help.yahoo.com/help/us/ysearch/slurp)"
54.238.238.39 - - [30/Sep/2014:09:40:28 -0700] "GET /work-dat-video?utm_campaign=worldstarhiphop&utm_medium=shared_link&utm_source=wiz HTTP/1.1" 301 - "-" "Crowsnest/0.5 (+http://www.crowsnest.tv/)"
74.112.131.241 - - [30/Sep/2014:09:40:52 -0700] "GET /work-dat-video?utm_campaign=worldstarhiphop&utm_medium=shared_link&utm_source=wiz HTTP/1.1" 301 - "-" "Mozilla/5.0 ()"
192.186.199.34 - - [30/Sep/2014:09:42:48 -0700] "POST /wp-cron.php?doing_wp_cron=1412095368.4207310676574707031250 HTTP/1.0" 200 - "-" "WordPress/3.9; http://hardhittinent.com"
94.138.219.186 - - [30/Sep/2014:09:42:47 -0700] "POST /wp-login.php HTTP/1.1" 200 3188 "http://hardhittinent.com/wp-login.php" "[% tools.ua.random() %]"
23.96.208.137 - - [30/Sep/2014:09:46:07 -0700] "GET /work-dat-video?utm_campaign=worldstarhiphop&utm_medium=shared_link&utm_source=wiz HTTP/1.1" 301 - "-" "-"
192.186.199.34 - - [30/Sep/2014:09:46:56 -0700] "POST /wp-cron.php?doing_wp_cron=1412095616.0732150077819824218750 HTTP/1.0" 200 - "-" "WordPress/3.9; http://hardhittinent.com"
38.97.127.10 - - [30/Sep/2014:09:46:55 -0700] "GET / HTTP/1.1" 200 50790 "-" "Mozilla/5.0 (Macintosh; Intel Mac OS X 10_9_4) AppleWebKit/537.77.4 (KHTML, like Gecko) Version/7.0.5 Safari/537.77.4"
38.97.127.10 - - [30/Sep/2014:09:46:58 -0700] "GET /wp-content/uploads/2014/04/01-BONAFIDE-HUSTLA-TWIN-LEFTY.mp3 HTTP/1.1" 206 2 "http://hardhittinent.com/" "Mozilla/5.0 (Macintosh; Intel Mac OS X 10_9_4) AppleWebKit/537.77.4 (KHTML, like Gecko) Version/7.0.5 Safari/537.77.4"
38.97.127.10 - - [30/Sep/2014:09:46:58 -0700] "GET /wp-admin/admin.php?page=stats&noheader&proxy&chart=admin-bar-hours-scale-2x HTTP/1.1" 200 737 "http://hardhittinent.com/" "Mozilla/5.0 (Macintosh; Intel Mac OS X 10_9_4) AppleWebKit/537.77.4 (KHTML, like Gecko) Version/7.0.5 Safari/537.77.4"
192.186.199.34 - - [30/Sep/2014:09:47:02 -0700] "POST /wp-cron.php?doing_wp_cron=1412095622.1342020034790039062500 HTTP/1.0" 200 - "-" "WordPress/3.9; http://hardhittinent.com"
38.97.127.10 - - [30/Sep/2014:09:47:01 -0700] "GET / HTTP/1.1" 200 50790 "-" "Mozilla/5.0 (Macintosh; Intel Mac OS X 10_9_4) AppleWebKit/537.77.4 (KHTML, like Gecko) Version/7.0.5 Safari/537.77.4"
38.97.127.10 - - [30/Sep/2014:09:46:58 -0700] "GET /wp-content/uploads/2014/04/01-BONAFIDE-HUSTLA-TWIN-LEFTY.mp3 HTTP/1.1" 206 3052958 "http://hardhittinent.com/" "Mozilla/5.0 (Macintosh; Intel Mac OS X 10_9_4) AppleWebKit/537.77.4 (KHTML, like Gecko) Version/7.0.5 Safari/537.77.4"
38.97.127.10 - - [30/Sep/2014:09:47:03 -0700] "GET /wp-content/uploads/2014/04/01-BONAFIDE-HUSTLA-TWIN-LEFTY.mp3 HTTP/1.1" 304 - "http://hardhittinent.com/" "Mozilla/5.0 (Macintosh; Intel Mac OS X 10_9_4) AppleWebKit/537.77.4 (KHTML, like Gecko) Version/7.0.5 Safari/537.77.4"
38.97.127.10 - - [30/Sep/2014:09:47:03 -0700] "GET /wp-admin/admin.php?page=stats&noheader&proxy&chart=admin-bar-hours-scale-2x HTTP/1.1" 200 736 "http://hardhittinent.com/" "Mozilla/5.0 (Macintosh; Intel Mac OS X 10_9_4) AppleWebKit/537.77.4 (KHTML, like Gecko) Version/7.0.5 Safari/537.77.4"
38.97.127.10 - - [30/Sep/2014:09:47:03 -0700] "GET /wp-content/uploads/2014/04/01-BONAFIDE-HUSTLA-TWIN-LEFTY.mp3 HTTP/1.1" 206 1076788 "http://hardhittinent.com/" "Mozilla/5.0 (Macintosh; Intel Mac OS X 10_9_4) AppleWebKit/537.77.4 (KHTML, like Gecko) Version/7.0.5 Safari/537.77.4"
38.97.127.10 - - [30/Sep/2014:09:47:13 -0700] "GET /wp-admin/ HTTP/1.1" 200 77368 "http://hardhittinent.com/" "Mozilla/5.0 (Macintosh; Intel Mac OS X 10_9_4) AppleWebKit/537.77.4 (KHTML, like Gecko) Version/7.0.5 Safari/537.77.4"
38.97.127.10 - - [30/Sep/2014:09:47:14 -0700] "GET /wp-content/plugins/akismet/_inc/akismet.css?ver=3.0.0 HTTP/1.1" 200 5911 "http://hardhittinent.com/wp-admin/" "Mozilla/5.0 (Macintosh; Intel Mac OS X 10_9_4) AppleWebKit/537.77.4 (KHTML, like Gecko) Version/7.0.5 Safari/537.77.4"
38.97.127.10 - - [30/Sep/2014:09:47:14 -0700] "GET /wp-content/plugins/akismet/_inc/akismet.js?ver=3.0.0 HTTP/1.1" 200 5267 "http://hardhittinent.com/wp-admin/" "Mozilla/5.0 (Macintosh; Intel Mac OS X 10_9_4) AppleWebKit/537.77.4 (KHTML, like Gecko) Version/7.0.5 Safari/537.77.4"
38.97.127.10 - - [30/Sep/2014:09:47:14 -0700] "GET /wp-includes/css/editor.min.css?ver=3.9 HTTP/1.1" 200 25522 "http://hardhittinent.com/wp-admin/" "Mozilla/5.0 (Macintosh; Intel Mac OS X 10_9_4) AppleWebKit/537.77.4 (KHTML, like Gecko) Version/7.0.5 Safari/537.77.4"
38.97.127.10 - - [30/Sep/2014:09:47:14 -0700] "GET /wp-admin/load-styles.php?c=1&dir=ltr&load=dashicons,admin-bar,wp-admin,buttons,wp-auth-check,wp-color-picker&ver=3.9 HTTP/1.1" 200 77789 "http://hardhittinent.com/wp-admin/" "Mozilla/5.0 (Macintosh; Intel Mac OS X 10_9_4) AppleWebKit/537.77.4 (KHTML, like Gecko) Version/7.0.5 Safari/537.77.4"
38.97.127.10 - - [30/Sep/2014:09:47:14 -0700] "GET /wp-admin/load-scripts.php?c=1&load%5B%5D=jquery-core,jquery-migrate,utils,jquery-ui-core,jquery-ui-widget,jquery-ui-mouse,jquery-ui-sortable,postbox,json2,sack&ver=3.9 HTTP/1.1" 200 54956 "http://hardhittinent.com/wp-admin/" "Mozilla/5.0 (Macintosh; Intel Mac OS X 10_9_4) AppleWebKit/537.77.4 (KHTML, like Gecko) Version/7.0.5 Safari/537.77.4"
38.97.127.10 - - [30/Sep/2014:09:47:14 -0700] "GET /wp-admin/load-scripts.php?c=1&load%5B%5D=hoverIntent,common,admin-bar,wp-ajax-response,jquery-color,wp-lists,quicktags,jquery-query,admin-comments,dashboard,customize-ba&load%5B%5D=se,customize-loader,thickbox,plugin-install,underscore,shortcode,media-upload,svg-painter,heartbeat,wp-auth-check,jquery-ui-drag&load%5B%5D=gable,jquery-ui-slider,jquery-touch-punch,iris,wp-color-picker,jquery-ui-datepicker,backbone,word-count,wplink&ver=3.9 HTTP/1.1" 200 80304 "http://hardhittinent.com/wp-admin/" "Mozilla/5.0 (Macintosh; Intel Mac OS X 10_9_4) AppleWebKit/537.77.4 (KHTML, like Gecko) Version/7.0.5 Safari/537.77.4"
38.97.127.10 - - [30/Sep/2014:09:47:16 -0700] "GET /wp-admin/admin.php?page=stats&noheader&dashboard&width=998 HTTP/1.1" 200 4220 "http://hardhittinent.com/wp-admin/" "Mozilla/5.0 (Macintosh; Intel Mac OS X 10_9_4) AppleWebKit/537.77.4 (KHTML, like Gecko) Version/7.0.5 Safari/537.77.4"
38.97.127.10 - - [30/Sep/2014:09:47:18 -0700] "POST /wp-admin/admin.php?page=stats&noheader&chart=flot-stats-data HTTP/1.1" 200 10696 "http://hardhittinent.com/wp-admin/" "Mozilla/5.0 (Macintosh; Intel Mac OS X 10_9_4) AppleWebKit/537.77.4 (KHTML, like Gecko) Version/7.0.5 Safari/537.77.4"
